41 messages loaded from file 'messagesTCH.txt'
2 messages loaded from file 'messagesSTD.txt'
0 Asserts Loaded
[0] STARTING simulation
 [0] User programs list:
  	 Program [progNotExist] with arrival time [0] 
 	 Program [progInvalid] with arrival time [0] 
 	 Program [progTooBig] with arrival time [0] 
 	 Program [programMEMADD] with arrival time [0] 
	[0] Arrival Time Queue:
		[SystemIdleProcess, 0, DAEMON-PROGRAM]
		[progNotExist, 0, USER-PROGRAM]
		[progInvalid, 0, USER-PROGRAM]
		[progTooBig, 0, USER-PROGRAM]
		[programMEMADD, 0, USER-PROGRAM]
	[0] Process [0] created from program [SystemIdleProcess]
	[0] ERROR: Program [progNotExist] is not valid [--- it does not exist ---]
	[0] Process [1] created from program [progInvalid]
	[0] Process [2] created from program [progTooBig]
	[0] Process [3] created from program [programMEMADD]
[1] {0D 000 000} IRET 0 0 (PID: 1, PC: 0, Accumulator: 0, PSW: 0002 [--------------Z-], IntLine: [0000])
[2] _ _ _
[3] _ _ _
[4] _ _ _
[5] _ _ _
[6] _ _ _
[7] _ _ _
[8] _ _ _
[9] _ _ _
[10] _ _ _
[11] _ _ _
[12] _ _ _
[13] _ _ _
[14] _ _ _
[15] _ _ _
[16] _ _ _
[17] _ _ _
[18] _ _ _
[19] _ _ _
[20] _ _ _
[21] _ _ _
[22] _ _ _
[23] _ _ _
[24] _ _ _
[25] _ _ _
[26] _ _ _
[27] _ _ _
[28] _ _ _
[29] _ _ _
[30] _ _ _
[31] _ _ _
[32] _ _ _
[33] _ _ _
[34] _ _ _
[35] _ _ _
[36] _ _ _
[37] _ _ _
[38] _ _ _
[39] _ _ _
[40] _ _ _
[41] _ _ _
[42] _ _ _
[43] _ _ _
[44] _ _ _
[45] _ _ _
[46] _ _ _
[47] _ _ _
[48] _ _ _
[49] _ _ _
[50] _ _ _
[51] _ _ _
[52] _ _ _
[53] _ _ _
[54] _ _ _
[55] _ _ _
[56] _ _ _
[57] _ _ _
[58] _ _ _
[59] _ _ _
[60] _ _ _
[61] _ _ _
[62] _ _ _
[63] _ _ _
[64] _ _ _
[65] _ _ _
[66] _ _ _
[67] _ _ _
[68] _ _ _
[69] _ _ _
[70] _ _ _
[71] _ _ _
[72] _ _ _
[73] _ _ _
[74] _ _ _
[75] _ _ _
[76] _ _ _
[77] _ _ _
[78] _ _ _
[79] _ _ _
[80] _ _ _
[81] _ _ _
[82] _ _ _
[83] _ _ _
[84] _ _ _
[85] _ _ _
[86] _ _ _
[87] _ _ _
[88] _ _ _
[89] _ _ _
[90] _ _ _
[91] _ _ _
[92] _ _ _
[93] _ _ _
[94] _ _ _
[95] _ _ _
[96] _ _ _
[97] _ _ _
[98] _ _ _
[99] _ _ _
[100] _ _ _
[101] _ _ _
[102] _ _ _
[103] _ _ _
[104] _ _ _
[105] _ _ _
[106] _ _ _
[107] _ _ _
[108] _ _ _
[109] _ _ _
[110] _ _ _
[111] _ _ _
[112] _ _ _
[113] _ _ _
[114] _ _ _
[115] _ _ _
[116] _ _ _
[117] _ _ _
[118] _ _ _
[119] _ _ _
[120] _ _ _
[121] _ _ _
[122] _ _ _
[123] _ _ _
[124] _ _ _
[125] _ _ _
[126] _ _ _
[127] _ _ _
[128] _ _ _
[129] _ _ _
[130] _ _ _
[131] _ _ _
[132] _ _ _
[133] _ _ _
[134] _ _ _
[135] _ _ _
[136] _ _ _
[137] _ _ _
[138] _ _ _
[139] _ _ _
[140] _ _ _
[141] _ _ _
[142] _ _ _
[143] _ _ _
[144] _ _ _
[145] _ _ _
[146] _ _ _
[147] _ _ _
[148] _ _ _
[149] _ _ _
[150] _ _ _
[151] _ _ _
[152] _ _ _
[153] _ _ _
[154] _ _ _
[155] _ _ _
[156] _ _ _
[157] _ _ _
[158] _ _ _
[159] _ _ _
[160] _ _ _
[161] _ _ _
[162] _ _ _
[163] _ _ _
[164] _ _ _
[165] _ _ _
[166] _ _ _
[167] _ _ _
[168] _ _ _
[169] _ _ _
[170] _ _ _
[171] _ _ _
[172] _ _ _
[173] _ _ _
[174] _ _ _
[175] _ _ _
[176] _ _ _
[177] _ _ _
[178] _ _ _
[179] _ _ _
[180] _ _ _
