62 messages loaded from file messagesTCH.txt
4 messages loaded from file messagesSTD.txt
Using asserts file: asserts_Ex4V4
Maximum number of asserts: 1000
735 Asserts Loaded
[0] STARTING simulation
 [0] User programs list:
  	 Program [programV4-1] with arrival time [88] 
 	 Program [programV4-2] with arrival time [66] 
 	 Program [programV4-3] with arrival time [44] 
 	 Program [programV4-4] with arrival time [22] 
 	 Program [programV4-5] with arrival time [1] 
 	 Program [idontexist] with arrival time [0] 
 	 Program [idontexist] with arrival time [130] 
1 daemon programs loaded from file daemonsFile
	[0] Arrival Time Queue:
		[SystemIdleProcess, 0, DAEMON-PROGRAM]
		[daemonV4-6, 1, DAEMON-PROGRAM]
		[idontexist, 0, USER-PROGRAM]
		[programV4-4, 22, USER-PROGRAM]
		[programV4-3, 44, USER-PROGRAM]
		[programV4-2, 66, USER-PROGRAM]
		[programV4-5, 1, USER-PROGRAM]
		[idontexist, 130, USER-PROGRAM]
		[programV4-1, 88, USER-PROGRAM]
	[0] Process [1] created into the [NEW] state, from program [SystemIdleProcess]
	[0] Process [1 - SystemIdleProcess] moving from the [NEW] state to the [READY] state
	[0] ERROR: Program [idontexist] is not valid [--- it does not exist ---]
	[0] Process [1 - SystemIdleProcess] moving from the [READY] state to the [EXECUTING] state
	[0] Running Process Information:
		[PID: 1, Priority: 100, WakeUp: -1, Queue: DAEMONS]
	[0]  Ready-to-run processes queue: 
 	[0]  	 HIGHPRIOUSER:  
	[0]  	 LOWPRIOUSER:  
	[0]  	 DAEMONS:  
	[0] SLEEPING Queue:
		[--- empty queue ---]
	[0] PID association with program's name:
		PID: 1 -> SystemIdleProcess
	[0] Arrival Time Queue:
		[programV4-5, 1, USER-PROGRAM]
		[daemonV4-6, 1, DAEMON-PROGRAM]
		[programV4-2, 66, USER-PROGRAM]
		[programV4-4, 22, USER-PROGRAM]
		[programV4-3, 44, USER-PROGRAM]
		[idontexist, 130, USER-PROGRAM]
		[programV4-1, 88, USER-PROGRAM]
[1] {0D 000 000} IRET 0 0 (PID: 1, PC: 34, Accumulator: 0, PSW: 0082 [--------X-----Z-], IntLine: [0000])
[2] {01 5E2 398} ADD 1506 920 (PID: 1, PC: 35, Accumulator: 2426, PSW: 0080 [--------X-------], IntLine: [0000])
[3] {05 000 000} NOP 0 0 (PID: 1, PC: 36, Accumulator: 2426, PSW: 0080 [--------X-------], IntLine: [0000])
[4] {06 801 000} JUMP -1 0 (PID: 1, PC: 35, Accumulator: 2426, PSW: 0080 [--------X-------], IntLine: [0000])
[5] {05 000 000} NOP 0 0 (PID: 1, PC: 36, Accumulator: 2426, PSW: 0080 [--------X-------], IntLine: [0200])
[6] {0C 009 000} OS 9 0 (PID: 1, PC: 246, Accumulator: 2426, PSW: 8080 [M-------X-------], IntLine: [0000])
	[7] Clock interrupt number [1] has occurred
	[7] Process [2] created into the [NEW] state, from program [programV4-5]
	[7] Process [2 - programV4-5] moving from the [NEW] state to the [READY] state
	[7] Process [3] created into the [NEW] state, from program [daemonV4-6]
	[7] Process [3 - daemonV4-6] moving from the [NEW] state to the [READY] state
	[7] Running Process Information:
		[PID: 1, Priority: 100, WakeUp: -1, Queue: DAEMONS]
	[7]  Ready-to-run processes queue: 
 	[7]  	 HIGHPRIOUSER:  [2,5]
	[7]  	 LOWPRIOUSER:  
	[7]  	 DAEMONS:  [3,2]
	[7] SLEEPING Queue:
		[--- empty queue ---]
	[7] PID association with program's name:
		PID: 1 -> SystemIdleProcess
		PID: 2 -> programV4-5
		PID: 3 -> daemonV4-6
	[7] Arrival Time Queue:
		[programV4-4, 22, USER-PROGRAM]
		[programV4-3, 44, USER-PROGRAM]
		[programV4-2, 66, USER-PROGRAM]
		[programV4-1, 88, USER-PROGRAM]
		[idontexist, 130, USER-PROGRAM]
	[7] Process [1 - SystemIdleProcess] will be thrown out of the processor by process [2 - programV4-5]
	[7] Process [1 - SystemIdleProcess] moving from the [EXECUTING] state to the [READY] state
	[7] Process [2 - programV4-5] moving from the [READY] state to the [EXECUTING] state
	[7] Running Process Information:
		[PID: 2, Priority: 5, WakeUp: -1, Queue: HIGHPRIOUSER]
	[7]  Ready-to-run processes queue: 
 	[7]  	 HIGHPRIOUSER:  
	[7]  	 LOWPRIOUSER:  
	[7]  	 DAEMONS:  [3,2], [1,100]
	[7] SLEEPING Queue:
		[--- empty queue ---]
	[7] PID association with program's name:
		PID: 1 -> SystemIdleProcess
		PID: 2 -> programV4-5
		PID: 3 -> daemonV4-6
	[7] Arrival Time Queue:
		[programV4-4, 22, USER-PROGRAM]
		[programV4-3, 44, USER-PROGRAM]
		[programV4-2, 66, USER-PROGRAM]
		[programV4-1, 88, USER-PROGRAM]
		[idontexist, 130, USER-PROGRAM]
[8] {0D 000 000} IRET 0 0 (PID: 2, PC: 0, Accumulator: 0, PSW: 0002 [--------------Z-], IntLine: [0000])
[9] {03 14D 000} DIV 333 0 (PID: 2, PC: 0, Accumulator: 0, PSW: 0002 [--------------Z-], IntLine: [0040])
[10] {0C 006 000} OS 6 0 (PID: 2, PC: 244, Accumulator: 0, PSW: 8082 [M-------X-----Z-], IntLine: [0200])
	[11] Process [2 - programV4-5] has caused an exception (division by zero) and is being terminated
	[11] Process [2 - programV4-5] moving from the [EXECUTING] state to the [EXIT] state
	[11] Process [3 - daemonV4-6] moving from the [READY] state to the [EXECUTING] state
	[11] Running Process Information:
		[PID: 3, Priority: 2, WakeUp: -1, Queue: DAEMONS]
	[11]  Ready-to-run processes queue: 
 	[11]  	 HIGHPRIOUSER:  
	[11]  	 LOWPRIOUSER:  
	[11]  	 DAEMONS:  [1,100]
	[11] SLEEPING Queue:
		[--- empty queue ---]
	[11] PID association with program's name:
		PID: 1 -> SystemIdleProcess
		PID: 2 -> programV4-5 Zombie process!
		PID: 3 -> daemonV4-6
	[11] Arrival Time Queue:
		[programV4-4, 22, USER-PROGRAM]
		[programV4-3, 44, USER-PROGRAM]
		[programV4-2, 66, USER-PROGRAM]
		[programV4-1, 88, USER-PROGRAM]
		[idontexist, 130, USER-PROGRAM]
[12] {0D 000 000} IRET 0 0 (PID: 3, PC: 102, Accumulator: 0, PSW: 0082 [--------X-----Z-], IntLine: [0200])
[13] {0C 009 000} OS 9 0 (PID: 3, PC: 246, Accumulator: 0, PSW: 8082 [M-------X-----Z-], IntLine: [0000])
	[14] Clock interrupt number [2] has occurred
[15] {0D 000 000} IRET 0 0 (PID: 3, PC: 102, Accumulator: 0, PSW: 0082 [--------X-----Z-], IntLine: [0200])
[16] {0C 009 000} OS 9 0 (PID: 3, PC: 246, Accumulator: 0, PSW: 8082 [M-------X-----Z-], IntLine: [0000])
	[17] Clock interrupt number [3] has occurred
[18] {0D 000 000} IRET 0 0 (PID: 3, PC: 102, Accumulator: 0, PSW: 0082 [--------X-----Z-], IntLine: [0000])
[19] {08 00A 000} WRITE 10 0 (PID: 3, PC: 103, Accumulator: 0, PSW: 0082 [--------X-----Z-], IntLine: [0000])
[20] {00 000 000} NONEXISTING_INSTRUCTION 0 0 (PID: 3, PC: 103, Accumulator: 0, PSW: 0082 [--------X-----Z-], IntLine: [0240])
[21] {0C 006 000} OS 6 0 (PID: 3, PC: 244, Accumulator: 0, PSW: 8082 [M-------X-----Z-], IntLine: [0200])
	[22] Process [3 - daemonV4-6] has caused an exception (invalid instruction) and is being terminated
	[22] Process [3 - daemonV4-6] moving from the [EXECUTING] state to the [EXIT] state
	[22] Process [1 - SystemIdleProcess] moving from the [READY] state to the [EXECUTING] state
	[22] Running Process Information:
		[PID: 1, Priority: 100, WakeUp: -1, Queue: DAEMONS]
	[22]  Ready-to-run processes queue: 
 	[22]  	 HIGHPRIOUSER:  
	[22]  	 LOWPRIOUSER:  
	[22]  	 DAEMONS:  
	[22] SLEEPING Queue:
		[--- empty queue ---]
	[22] PID association with program's name:
		PID: 1 -> SystemIdleProcess
		PID: 2 -> programV4-5 Zombie process!
		PID: 3 -> daemonV4-6 Zombie process!
	[22] Arrival Time Queue:
		[programV4-4, 22, USER-PROGRAM]
		[programV4-3, 44, USER-PROGRAM]
		[programV4-2, 66, USER-PROGRAM]
		[programV4-1, 88, USER-PROGRAM]
		[idontexist, 130, USER-PROGRAM]
[23] {0D 000 000} IRET 0 0 (PID: 1, PC: 36, Accumulator: 2426, PSW: 0080 [--------X-------], IntLine: [0200])
[24] {0C 009 000} OS 9 0 (PID: 1, PC: 246, Accumulator: 2426, PSW: 8080 [M-------X-------], IntLine: [0000])
	[25] Clock interrupt number [4] has occurred
	[25] Process [4] created into the [NEW] state, from program [programV4-4]
	[25] Process [4 - programV4-4] moving from the [NEW] state to the [READY] state
	[25] Running Process Information:
		[PID: 1, Priority: 100, WakeUp: -1, Queue: DAEMONS]
	[25]  Ready-to-run processes queue: 
 	[25]  	 HIGHPRIOUSER:  [4,5]
	[25]  	 LOWPRIOUSER:  
	[25]  	 DAEMONS:  
	[25] SLEEPING Queue:
		[--- empty queue ---]
	[25] PID association with program's name:
		PID: 1 -> SystemIdleProcess
		PID: 2 -> programV4-5 Zombie process!
		PID: 3 -> daemonV4-6 Zombie process!
		PID: 4 -> programV4-4
	[25] Arrival Time Queue:
		[programV4-3, 44, USER-PROGRAM]
		[programV4-1, 88, USER-PROGRAM]
		[programV4-2, 66, USER-PROGRAM]
		[idontexist, 130, USER-PROGRAM]
	[25] Process [1 - SystemIdleProcess] will be thrown out of the processor by process [4 - programV4-4]
	[25] Process [1 - SystemIdleProcess] moving from the [EXECUTING] state to the [READY] state
	[25] Process [4 - programV4-4] moving from the [READY] state to the [EXECUTING] state
	[25] Running Process Information:
		[PID: 4, Priority: 5, WakeUp: -1, Queue: HIGHPRIOUSER]
	[25]  Ready-to-run processes queue: 
 	[25]  	 HIGHPRIOUSER:  
	[25]  	 LOWPRIOUSER:  
	[25]  	 DAEMONS:  [1,100]
	[25] SLEEPING Queue:
		[--- empty queue ---]
	[25] PID association with program's name:
		PID: 1 -> SystemIdleProcess
		PID: 2 -> programV4-5 Zombie process!
		PID: 3 -> daemonV4-6 Zombie process!
		PID: 4 -> programV4-4
	[25] Arrival Time Queue:
		[programV4-3, 44, USER-PROGRAM]
		[programV4-1, 88, USER-PROGRAM]
		[programV4-2, 66, USER-PROGRAM]
		[idontexist, 130, USER-PROGRAM]
[26] {0D 000 000} IRET 0 0 (PID: 4, PC: 0, Accumulator: 0, PSW: 0002 [--------------Z-], IntLine: [0200])
[27] {0C 009 000} OS 9 0 (PID: 4, PC: 246, Accumulator: 0, PSW: 8082 [M-------X-----Z-], IntLine: [0000])
	[28] Clock interrupt number [5] has occurred
[29] {0D 000 000} IRET 0 0 (PID: 4, PC: 0, Accumulator: 0, PSW: 0002 [--------------Z-], IntLine: [0000])
[30] {0B 000 000} HALT 0 0 (PID: 4, PC: 0, Accumulator: 0, PSW: 0002 [--------------Z-], IntLine: [0240])
[31] {0C 006 000} OS 6 0 (PID: 4, PC: 244, Accumulator: 0, PSW: 8082 [M-------X-----Z-], IntLine: [0200])
	[32] Process [4 - programV4-4] has caused an exception (invalid processor mode) and is being terminated
	[32] Process [4 - programV4-4] moving from the [EXECUTING] state to the [EXIT] state
	[32] Process [1 - SystemIdleProcess] moving from the [READY] state to the [EXECUTING] state
	[32] Running Process Information:
		[PID: 1, Priority: 100, WakeUp: -1, Queue: DAEMONS]
	[32]  Ready-to-run processes queue: 
 	[32]  	 HIGHPRIOUSER:  
	[32]  	 LOWPRIOUSER:  
	[32]  	 DAEMONS:  
	[32] SLEEPING Queue:
		[--- empty queue ---]
	[32] PID association with program's name:
		PID: 1 -> SystemIdleProcess
		PID: 2 -> programV4-5 Zombie process!
		PID: 3 -> daemonV4-6 Zombie process!
		PID: 4 -> programV4-4 Zombie process!
	[32] Arrival Time Queue:
		[programV4-3, 44, USER-PROGRAM]
		[programV4-1, 88, USER-PROGRAM]
		[programV4-2, 66, USER-PROGRAM]
		[idontexist, 130, USER-PROGRAM]
[33] {0D 000 000} IRET 0 0 (PID: 1, PC: 36, Accumulator: 2426, PSW: 0080 [--------X-------], IntLine: [0200])
[34] {0C 009 000} OS 9 0 (PID: 1, PC: 246, Accumulator: 2426, PSW: 8080 [M-------X-------], IntLine: [0000])
	[35] Clock interrupt number [6] has occurred
[36] {0D 000 000} IRET 0 0 (PID: 1, PC: 36, Accumulator: 2426, PSW: 0080 [--------X-------], IntLine: [0200])
[37] {0C 009 000} OS 9 0 (PID: 1, PC: 246, Accumulator: 2426, PSW: 8080 [M-------X-------], IntLine: [0000])
	[38] Clock interrupt number [7] has occurred
[39] {0D 000 000} IRET 0 0 (PID: 1, PC: 36, Accumulator: 2426, PSW: 0080 [--------X-------], IntLine: [0000])
[40] {06 801 000} JUMP -1 0 (PID: 1, PC: 35, Accumulator: 2426, PSW: 0080 [--------X-------], IntLine: [0200])
[41] {0C 009 000} OS 9 0 (PID: 1, PC: 246, Accumulator: 2426, PSW: 8080 [M-------X-------], IntLine: [0000])
	[42] Clock interrupt number [8] has occurred
[43] {0D 000 000} IRET 0 0 (PID: 1, PC: 35, Accumulator: 2426, PSW: 0080 [--------X-------], IntLine: [0000])
[44] {05 000 000} NOP 0 0 (PID: 1, PC: 36, Accumulator: 2426, PSW: 0080 [--------X-------], IntLine: [0000])
[45] {06 801 000} JUMP -1 0 (PID: 1, PC: 35, Accumulator: 2426, PSW: 0080 [--------X-------], IntLine: [0200])
[46] {0C 009 000} OS 9 0 (PID: 1, PC: 246, Accumulator: 2426, PSW: 8080 [M-------X-------], IntLine: [0000])
	[47] Clock interrupt number [9] has occurred
	[47] Process [5] created into the [NEW] state, from program [programV4-3]
	[47] Process [5 - programV4-3] moving from the [NEW] state to the [READY] state
	[47] Running Process Information:
		[PID: 1, Priority: 100, WakeUp: -1, Queue: DAEMONS]
	[47]  Ready-to-run processes queue: 
 	[47]  	 HIGHPRIOUSER:  [5,5]
	[47]  	 LOWPRIOUSER:  
	[47]  	 DAEMONS:  
	[47] SLEEPING Queue:
		[--- empty queue ---]
	[47] PID association with program's name:
		PID: 1 -> SystemIdleProcess
		PID: 2 -> programV4-5 Zombie process!
		PID: 3 -> daemonV4-6 Zombie process!
		PID: 4 -> programV4-4 Zombie process!
		PID: 5 -> programV4-3
	[47] Arrival Time Queue:
		[programV4-2, 66, USER-PROGRAM]
		[programV4-1, 88, USER-PROGRAM]
		[idontexist, 130, USER-PROGRAM]
	[47] Process [1 - SystemIdleProcess] will be thrown out of the processor by process [5 - programV4-3]
	[47] Process [1 - SystemIdleProcess] moving from the [EXECUTING] state to the [READY] state
	[47] Process [5 - programV4-3] moving from the [READY] state to the [EXECUTING] state
	[47] Running Process Information:
		[PID: 5, Priority: 5, WakeUp: -1, Queue: HIGHPRIOUSER]
	[47]  Ready-to-run processes queue: 
 	[47]  	 HIGHPRIOUSER:  
	[47]  	 LOWPRIOUSER:  
	[47]  	 DAEMONS:  [1,100]
	[47] SLEEPING Queue:
		[--- empty queue ---]
	[47] PID association with program's name:
		PID: 1 -> SystemIdleProcess
		PID: 2 -> programV4-5 Zombie process!
		PID: 3 -> daemonV4-6 Zombie process!
		PID: 4 -> programV4-4 Zombie process!
		PID: 5 -> programV4-3
	[47] Arrival Time Queue:
		[programV4-2, 66, USER-PROGRAM]
		[programV4-1, 88, USER-PROGRAM]
		[idontexist, 130, USER-PROGRAM]
[48] {0D 000 000} IRET 0 0 (PID: 5, PC: 0, Accumulator: 0, PSW: 0002 [--------------Z-], IntLine: [0000])
[49] {00 001 002} NONEXISTING_INSTRUCTION 1 2 (PID: 5, PC: 0, Accumulator: 0, PSW: 0002 [--------------Z-], IntLine: [0040])
[50] {0C 006 000} OS 6 0 (PID: 5, PC: 244, Accumulator: 0, PSW: 8082 [M-------X-----Z-], IntLine: [0200])
	[51] Process [5 - programV4-3] has caused an exception (invalid instruction) and is being terminated
	[51] Process [5 - programV4-3] moving from the [EXECUTING] state to the [EXIT] state
	[51] Process [1 - SystemIdleProcess] moving from the [READY] state to the [EXECUTING] state
	[51] Running Process Information:
		[PID: 1, Priority: 100, WakeUp: -1, Queue: DAEMONS]
	[51]  Ready-to-run processes queue: 
 	[51]  	 HIGHPRIOUSER:  
	[51]  	 LOWPRIOUSER:  
	[51]  	 DAEMONS:  
	[51] SLEEPING Queue:
		[--- empty queue ---]
	[51] PID association with program's name:
		PID: 1 -> SystemIdleProcess
		PID: 2 -> programV4-5 Zombie process!
		PID: 3 -> daemonV4-6 Zombie process!
		PID: 4 -> programV4-4 Zombie process!
		PID: 5 -> programV4-3 Zombie process!
	[51] Arrival Time Queue:
		[programV4-2, 66, USER-PROGRAM]
		[programV4-1, 88, USER-PROGRAM]
		[idontexist, 130, USER-PROGRAM]
[52] {0D 000 000} IRET 0 0 (PID: 1, PC: 35, Accumulator: 2426, PSW: 0080 [--------X-------], IntLine: [0200])
[53] {0C 009 000} OS 9 0 (PID: 1, PC: 246, Accumulator: 2426, PSW: 8080 [M-------X-------], IntLine: [0000])
	[54] Clock interrupt number [10] has occurred
[55] {0D 000 000} IRET 0 0 (PID: 1, PC: 35, Accumulator: 2426, PSW: 0080 [--------X-------], IntLine: [0200])
[56] {0C 009 000} OS 9 0 (PID: 1, PC: 246, Accumulator: 2426, PSW: 8080 [M-------X-------], IntLine: [0000])
	[57] Clock interrupt number [11] has occurred
[58] {0D 000 000} IRET 0 0 (PID: 1, PC: 35, Accumulator: 2426, PSW: 0080 [--------X-------], IntLine: [0000])
[59] {05 000 000} NOP 0 0 (PID: 1, PC: 36, Accumulator: 2426, PSW: 0080 [--------X-------], IntLine: [0000])
[60] {06 801 000} JUMP -1 0 (PID: 1, PC: 35, Accumulator: 2426, PSW: 0080 [--------X-------], IntLine: [0200])
[61] {0C 009 000} OS 9 0 (PID: 1, PC: 246, Accumulator: 2426, PSW: 8080 [M-------X-------], IntLine: [0000])
	[62] Clock interrupt number [12] has occurred
[63] {0D 000 000} IRET 0 0 (PID: 1, PC: 35, Accumulator: 2426, PSW: 0080 [--------X-------], IntLine: [0000])
[64] {05 000 000} NOP 0 0 (PID: 1, PC: 36, Accumulator: 2426, PSW: 0080 [--------X-------], IntLine: [0000])
[65] {06 801 000} JUMP -1 0 (PID: 1, PC: 35, Accumulator: 2426, PSW: 0080 [--------X-------], IntLine: [0200])
[66] {0C 009 000} OS 9 0 (PID: 1, PC: 246, Accumulator: 2426, PSW: 8080 [M-------X-------], IntLine: [0000])
	[67] Clock interrupt number [13] has occurred
	[67] Process [6] created into the [NEW] state, from program [programV4-2]
	[67] Process [6 - programV4-2] moving from the [NEW] state to the [READY] state
	[67] Running Process Information:
		[PID: 1, Priority: 100, WakeUp: -1, Queue: DAEMONS]
	[67]  Ready-to-run processes queue: 
 	[67]  	 HIGHPRIOUSER:  [6,5]
	[67]  	 LOWPRIOUSER:  
	[67]  	 DAEMONS:  
	[67] SLEEPING Queue:
		[--- empty queue ---]
	[67] PID association with program's name:
		PID: 1 -> SystemIdleProcess
		PID: 2 -> programV4-5 Zombie process!
		PID: 3 -> daemonV4-6 Zombie process!
		PID: 4 -> programV4-4 Zombie process!
		PID: 5 -> programV4-3 Zombie process!
		PID: 6 -> programV4-2
	[67] Arrival Time Queue:
		[programV4-1, 88, USER-PROGRAM]
		[idontexist, 130, USER-PROGRAM]
	[67] Process [1 - SystemIdleProcess] will be thrown out of the processor by process [6 - programV4-2]
	[67] Process [1 - SystemIdleProcess] moving from the [EXECUTING] state to the [READY] state
	[67] Process [6 - programV4-2] moving from the [READY] state to the [EXECUTING] state
	[67] Running Process Information:
		[PID: 6, Priority: 5, WakeUp: -1, Queue: HIGHPRIOUSER]
	[67]  Ready-to-run processes queue: 
 	[67]  	 HIGHPRIOUSER:  
	[67]  	 LOWPRIOUSER:  
	[67]  	 DAEMONS:  [1,100]
	[67] SLEEPING Queue:
		[--- empty queue ---]
	[67] PID association with program's name:
		PID: 1 -> SystemIdleProcess
		PID: 2 -> programV4-5 Zombie process!
		PID: 3 -> daemonV4-6 Zombie process!
		PID: 4 -> programV4-4 Zombie process!
		PID: 5 -> programV4-3 Zombie process!
		PID: 6 -> programV4-2
	[67] Arrival Time Queue:
		[programV4-1, 88, USER-PROGRAM]
		[idontexist, 130, USER-PROGRAM]
[68] {0D 000 000} IRET 0 0 (PID: 6, PC: 0, Accumulator: 0, PSW: 0002 [--------------Z-], IntLine: [0000])
[69] {08 A2B 000} WRITE -555 0 (PID: 6, PC: 1, Accumulator: 0, PSW: 0002 [--------------Z-], IntLine: [0040])
[70] {0C 006 000} OS 6 0 (PID: 6, PC: 244, Accumulator: 0, PSW: 8082 [M-------X-----Z-], IntLine: [0200])
	[71] Process [6 - programV4-2] has caused an exception (invalid address) and is being terminated
	[71] Process [6 - programV4-2] moving from the [EXECUTING] state to the [EXIT] state
	[71] Process [1 - SystemIdleProcess] moving from the [READY] state to the [EXECUTING] state
	[71] Running Process Information:
		[PID: 1, Priority: 100, WakeUp: -1, Queue: DAEMONS]
	[71]  Ready-to-run processes queue: 
 	[71]  	 HIGHPRIOUSER:  
	[71]  	 LOWPRIOUSER:  
	[71]  	 DAEMONS:  
	[71] SLEEPING Queue:
		[--- empty queue ---]
	[71] PID association with program's name:
		PID: 1 -> SystemIdleProcess
		PID: 2 -> programV4-5 Zombie process!
		PID: 3 -> daemonV4-6 Zombie process!
		PID: 4 -> programV4-4 Zombie process!
		PID: 5 -> programV4-3 Zombie process!
		PID: 6 -> programV4-2 Zombie process!
	[71] Arrival Time Queue:
		[programV4-1, 88, USER-PROGRAM]
		[idontexist, 130, USER-PROGRAM]
[72] {0D 000 000} IRET 0 0 (PID: 1, PC: 35, Accumulator: 2426, PSW: 0080 [--------X-------], IntLine: [0200])
[73] {0C 009 000} OS 9 0 (PID: 1, PC: 246, Accumulator: 2426, PSW: 8080 [M-------X-------], IntLine: [0000])
	[74] Clock interrupt number [14] has occurred
[75] {0D 000 000} IRET 0 0 (PID: 1, PC: 35, Accumulator: 2426, PSW: 0080 [--------X-------], IntLine: [0200])
[76] {0C 009 000} OS 9 0 (PID: 1, PC: 246, Accumulator: 2426, PSW: 8080 [M-------X-------], IntLine: [0000])
	[77] Clock interrupt number [15] has occurred
[78] {0D 000 000} IRET 0 0 (PID: 1, PC: 35, Accumulator: 2426, PSW: 0080 [--------X-------], IntLine: [0000])
[79] {05 000 000} NOP 0 0 (PID: 1, PC: 36, Accumulator: 2426, PSW: 0080 [--------X-------], IntLine: [0000])
[80] {06 801 000} JUMP -1 0 (PID: 1, PC: 35, Accumulator: 2426, PSW: 0080 [--------X-------], IntLine: [0200])
[81] {0C 009 000} OS 9 0 (PID: 1, PC: 246, Accumulator: 2426, PSW: 8080 [M-------X-------], IntLine: [0000])
	[82] Clock interrupt number [16] has occurred
[83] {0D 000 000} IRET 0 0 (PID: 1, PC: 35, Accumulator: 2426, PSW: 0080 [--------X-------], IntLine: [0000])
[84] {05 000 000} NOP 0 0 (PID: 1, PC: 36, Accumulator: 2426, PSW: 0080 [--------X-------], IntLine: [0000])
[85] {06 801 000} JUMP -1 0 (PID: 1, PC: 35, Accumulator: 2426, PSW: 0080 [--------X-------], IntLine: [0200])
[86] {0C 009 000} OS 9 0 (PID: 1, PC: 246, Accumulator: 2426, PSW: 8080 [M-------X-------], IntLine: [0000])
	[87] Clock interrupt number [17] has occurred
[88] {0D 000 000} IRET 0 0 (PID: 1, PC: 35, Accumulator: 2426, PSW: 0080 [--------X-------], IntLine: [0000])
[89] {05 000 000} NOP 0 0 (PID: 1, PC: 36, Accumulator: 2426, PSW: 0080 [--------X-------], IntLine: [0000])
[90] {06 801 000} JUMP -1 0 (PID: 1, PC: 35, Accumulator: 2426, PSW: 0080 [--------X-------], IntLine: [0200])
[91] {0C 009 000} OS 9 0 (PID: 1, PC: 246, Accumulator: 2426, PSW: 8080 [M-------X-------], IntLine: [0000])
	[92] Clock interrupt number [18] has occurred
	[92] Process [0] created into the [NEW] state, from program [programV4-1]
	[92] Process [0 - programV4-1] moving from the [NEW] state to the [READY] state
	[92] Running Process Information:
		[PID: 1, Priority: 100, WakeUp: -1, Queue: DAEMONS]
	[92]  Ready-to-run processes queue: 
 	[92]  	 HIGHPRIOUSER:  [0,5]
	[92]  	 LOWPRIOUSER:  
	[92]  	 DAEMONS:  
	[92] SLEEPING Queue:
		[--- empty queue ---]
	[92] PID association with program's name:
		PID: 0 -> programV4-1
		PID: 1 -> SystemIdleProcess
		PID: 2 -> programV4-5 Zombie process!
		PID: 3 -> daemonV4-6 Zombie process!
		PID: 4 -> programV4-4 Zombie process!
		PID: 5 -> programV4-3 Zombie process!
		PID: 6 -> programV4-2 Zombie process!
	[92] Arrival Time Queue:
		[idontexist, 130, USER-PROGRAM]
	[92] Process [1 - SystemIdleProcess] will be thrown out of the processor by process [0 - programV4-1]
	[92] Process [1 - SystemIdleProcess] moving from the [EXECUTING] state to the [READY] state
	[92] Process [0 - programV4-1] moving from the [READY] state to the [EXECUTING] state
	[92] Running Process Information:
		[PID: 0, Priority: 5, WakeUp: -1, Queue: HIGHPRIOUSER]
	[92]  Ready-to-run processes queue: 
 	[92]  	 HIGHPRIOUSER:  
	[92]  	 LOWPRIOUSER:  
	[92]  	 DAEMONS:  [1,100]
	[92] SLEEPING Queue:
		[--- empty queue ---]
	[92] PID association with program's name:
		PID: 0 -> programV4-1
		PID: 1 -> SystemIdleProcess
		PID: 2 -> programV4-5 Zombie process!
		PID: 3 -> daemonV4-6 Zombie process!
		PID: 4 -> programV4-4 Zombie process!
		PID: 5 -> programV4-3 Zombie process!
		PID: 6 -> programV4-2 Zombie process!
	[92] Arrival Time Queue:
		[idontexist, 130, USER-PROGRAM]
[93] {0D 000 000} IRET 0 0 (PID: 0, PC: 0, Accumulator: 0, PSW: 0002 [--------------Z-], IntLine: [0000])
[94] {04 29A 000} TRAP 666 0 (PID: 0, PC: 1, Accumulator: 0, PSW: 0002 [--------------Z-], IntLine: [0004])
[95] {0C 002 000} OS 2 0 (PID: 0, PC: 242, Accumulator: 0, PSW: 8082 [M-------X-----Z-], IntLine: [0200])
	[96] Process [0 - programV4-1] has made an invalid system call (666) and is being terminated
	[96] Process [0 - programV4-1] moving from the [EXECUTING] state to the [EXIT] state
	[96] Process [1 - SystemIdleProcess] moving from the [READY] state to the [EXECUTING] state
	[96] Running Process Information:
		[PID: 1, Priority: 100, WakeUp: -1, Queue: DAEMONS]
	[96]  Ready-to-run processes queue: 
 	[96]  	 HIGHPRIOUSER:  
	[96]  	 LOWPRIOUSER:  
	[96]  	 DAEMONS:  
	[96] SLEEPING Queue:
		[--- empty queue ---]
	[96] PID association with program's name:
		PID: 0 -> programV4-1 Zombie process!
		PID: 1 -> SystemIdleProcess
		PID: 2 -> programV4-5 Zombie process!
		PID: 3 -> daemonV4-6 Zombie process!
		PID: 4 -> programV4-4 Zombie process!
		PID: 5 -> programV4-3 Zombie process!
		PID: 6 -> programV4-2 Zombie process!
	[96] Arrival Time Queue:
		[idontexist, 130, USER-PROGRAM]
[97] {0D 000 000} IRET 0 0 (PID: 1, PC: 35, Accumulator: 2426, PSW: 0080 [--------X-------], IntLine: [0200])
[98] {0C 009 000} OS 9 0 (PID: 1, PC: 246, Accumulator: 2426, PSW: 8080 [M-------X-------], IntLine: [0000])
	[99] Clock interrupt number [19] has occurred
[100] {0D 000 000} IRET 0 0 (PID: 1, PC: 35, Accumulator: 2426, PSW: 0080 [--------X-------], IntLine: [0200])
[101] {0C 009 000} OS 9 0 (PID: 1, PC: 246, Accumulator: 2426, PSW: 8080 [M-------X-------], IntLine: [0000])
	[102] Clock interrupt number [20] has occurred
[103] {0D 000 000} IRET 0 0 (PID: 1, PC: 35, Accumulator: 2426, PSW: 0080 [--------X-------], IntLine: [0000])
[104] {05 000 000} NOP 0 0 (PID: 1, PC: 36, Accumulator: 2426, PSW: 0080 [--------X-------], IntLine: [0000])
[105] {06 801 000} JUMP -1 0 (PID: 1, PC: 35, Accumulator: 2426, PSW: 0080 [--------X-------], IntLine: [0200])
[106] {0C 009 000} OS 9 0 (PID: 1, PC: 246, Accumulator: 2426, PSW: 8080 [M-------X-------], IntLine: [0000])
	[107] Clock interrupt number [21] has occurred
[108] {0D 000 000} IRET 0 0 (PID: 1, PC: 35, Accumulator: 2426, PSW: 0080 [--------X-------], IntLine: [0000])
[109] {05 000 000} NOP 0 0 (PID: 1, PC: 36, Accumulator: 2426, PSW: 0080 [--------X-------], IntLine: [0000])
[110] {06 801 000} JUMP -1 0 (PID: 1, PC: 35, Accumulator: 2426, PSW: 0080 [--------X-------], IntLine: [0200])
[111] {0C 009 000} OS 9 0 (PID: 1, PC: 246, Accumulator: 2426, PSW: 8080 [M-------X-------], IntLine: [0000])
	[112] Clock interrupt number [22] has occurred
[113] {0D 000 000} IRET 0 0 (PID: 1, PC: 35, Accumulator: 2426, PSW: 0080 [--------X-------], IntLine: [0000])
[114] {05 000 000} NOP 0 0 (PID: 1, PC: 36, Accumulator: 2426, PSW: 0080 [--------X-------], IntLine: [0000])
[115] {06 801 000} JUMP -1 0 (PID: 1, PC: 35, Accumulator: 2426, PSW: 0080 [--------X-------], IntLine: [0200])
[116] {0C 009 000} OS 9 0 (PID: 1, PC: 246, Accumulator: 2426, PSW: 8080 [M-------X-------], IntLine: [0000])
	[117] Clock interrupt number [23] has occurred
[118] {0D 000 000} IRET 0 0 (PID: 1, PC: 35, Accumulator: 2426, PSW: 0080 [--------X-------], IntLine: [0000])
[119] {05 000 000} NOP 0 0 (PID: 1, PC: 36, Accumulator: 2426, PSW: 0080 [--------X-------], IntLine: [0000])
[120] {06 801 000} JUMP -1 0 (PID: 1, PC: 35, Accumulator: 2426, PSW: 0080 [--------X-------], IntLine: [0200])
[121] {0C 009 000} OS 9 0 (PID: 1, PC: 246, Accumulator: 2426, PSW: 8080 [M-------X-------], IntLine: [0000])
	[122] Clock interrupt number [24] has occurred
[123] {0D 000 000} IRET 0 0 (PID: 1, PC: 35, Accumulator: 2426, PSW: 0080 [--------X-------], IntLine: [0000])
[124] {05 000 000} NOP 0 0 (PID: 1, PC: 36, Accumulator: 2426, PSW: 0080 [--------X-------], IntLine: [0000])
[125] {06 801 000} JUMP -1 0 (PID: 1, PC: 35, Accumulator: 2426, PSW: 0080 [--------X-------], IntLine: [0200])
[126] {0C 009 000} OS 9 0 (PID: 1, PC: 246, Accumulator: 2426, PSW: 8080 [M-------X-------], IntLine: [0000])
	[127] Clock interrupt number [25] has occurred
[128] {0D 000 000} IRET 0 0 (PID: 1, PC: 35, Accumulator: 2426, PSW: 0080 [--------X-------], IntLine: [0000])
[129] {05 000 000} NOP 0 0 (PID: 1, PC: 36, Accumulator: 2426, PSW: 0080 [--------X-------], IntLine: [0000])
[130] {06 801 000} JUMP -1 0 (PID: 1, PC: 35, Accumulator: 2426, PSW: 0080 [--------X-------], IntLine: [0200])
[131] {0C 009 000} OS 9 0 (PID: 1, PC: 246, Accumulator: 2426, PSW: 8080 [M-------X-------], IntLine: [0000])
	[132] Clock interrupt number [26] has occurred
	[132] Zombie process [0 -> programV4-1], with size [30] and initial address [0] is removed from system
	[132] Zombie process [2 -> programV4-5], with size [3] and initial address [68] is removed from system
	[132] Zombie process [3 -> daemonV4-6], with size [2] and initial address [102] is removed from system
	[132] Zombie process [4 -> programV4-4], with size [15] and initial address [136] is removed from system
	[132] Zombie process [5 -> programV4-3], with size [30] and initial address [170] is removed from system
	[132] Zombie process [6 -> programV4-2], with size [30] and initial address [204] is removed from system
	[132] ERROR: Program [idontexist] is not valid [--- it does not exist ---]
[133] {0D 000 000} IRET 0 0 (PID: 1, PC: 37, Accumulator: 2426, PSW: 0080 [--------X-------], IntLine: [0000])
[134] {04 003 000} TRAP 3 0 (PID: 1, PC: 38, Accumulator: 2426, PSW: 0080 [--------X-------], IntLine: [0004])
[135] {0C 002 000} OS 2 0 (PID: 1, PC: 242, Accumulator: 2426, PSW: 8080 [M-------X-------], IntLine: [0200])
	[136] Process [1 - SystemIdleProcess] has requested to terminate
	[136] Process [1 - SystemIdleProcess] moving from the [EXECUTING] state to the [EXIT] state
[136] The system will shut down now...
	[136] Running Process Information:
		[--- No running process ---]
	[136]  Ready-to-run processes queue: 
 	[136]  	 HIGHPRIOUSER:  
	[136]  	 LOWPRIOUSER:  
	[136]  	 DAEMONS:  
	[136] SLEEPING Queue:
		[--- empty queue ---]
	[136] PID association with program's name:
		PID: 1 -> SystemIdleProcess Zombie process!
	[136] Arrival Time Queue:
		[--- empty queue ---]
[137] {0D 000 000} IRET 0 0 (PID: -1, PC: 241, Accumulator: 2426, PSW: 8080 [M-------X-------], IntLine: [0200])
[138] {0B 000 000} HALT 0 0 (PID: -1, PC: 241, Accumulator: 2426, PSW: 8081 [M-------X------S], IntLine: [0200])
[138] END of the simulation
