62 messages loaded from file messagesTCH.txt
4 messages loaded from file messagesSTD.txt
Using asserts file: asserts_Ex4V4
Maximum number of asserts: 1000
735 Asserts Loaded
[0] STARTING simulation
 [0] User programs list:
  	 Program [programV4-1] with arrival time [88] 
 	 Program [programV4-2] with arrival time [66] 
 	 Program [programV4-3] with arrival time [44] 
 	 Program [programV4-4] with arrival time [22] 
 	 Program [programV4-5] with arrival time [1] 
 	 Program [idontexist] with arrival time [0] 
 	 Program [idontexist] with arrival time [130] 
1 daemon programs loaded from file daemonsFile
	[0] Arrival Time Queue:
		[SystemIdleProcess, 0, DAEMON-PROGRAM]
		[daemonV4-6, 1, DAEMON-PROGRAM]
		[idontexist, 0, USER-PROGRAM]
		[programV4-4, 22, USER-PROGRAM]
		[programV4-3, 44, USER-PROGRAM]
		[programV4-2, 66, USER-PROGRAM]
		[programV4-5, 1, USER-PROGRAM]
		[idontexist, 130, USER-PROGRAM]
		[programV4-1, 88, USER-PROGRAM]
	[0] Process [1] created into the [NEW] state, from program [SystemIdleProcess]
	[0] Process [1 - SystemIdleProcess] moving from the [NEW] state to the [READY] state
	[0] ERROR: Program [idontexist] is not valid [--- it does not exist ---]
	[0] Process [1 - SystemIdleProcess] moving from the [READY] state to the [EXECUTING] state
	[0] Running Process Information:
		[PID: 1, Priority: 100, WakeUp: -1, Queue: DAEMONS]
	[0]  Ready-to-run processes queue: 
 	[0]  	 HIGHPRIOUSER:  
	[0]  	 LOWPRIOUSER:  
	[0]  	 DAEMONS:  
	[0] SLEEPING Queue:
		[--- empty queue ---]
	[0] PID association with program's name:
		PID: 1 -> SystemIdleProcess
	[0] Arrival Time Queue:
		[programV4-5, 1, USER-PROGRAM]
		[daemonV4-6, 1, DAEMON-PROGRAM]
		[programV4-2, 66, USER-PROGRAM]
		[programV4-4, 22, USER-PROGRAM]
		[programV4-3, 44, USER-PROGRAM]
		[idontexist, 130, USER-PROGRAM]
		[programV4-1, 88, USER-PROGRAM]
[1] {0D 000 000} IRET 0 0 (PID: 1, PC: 34, Accumulator: 0, PSW: 0082 [--------X-----Z-], IntLine: [0000])
[2] {01 5E2 398} ADD 1506 920 (PID: 1, PC: 35, Accumulator: 2426, PSW: 0080 [--------X-------], IntLine: [0000])
[3] {05 000 000} NOP 0 0 (PID: 1, PC: 36, Accumulator: 2426, PSW: 0080 [--------X-------], IntLine: [0000])
[4] {06 801 000} JUMP -1 0 (PID: 1, PC: 35, Accumulator: 2426, PSW: 0080 [--------X-------], IntLine: [0000])
[5] {05 000 000} NOP 0 0 (PID: 1, PC: 36, Accumulator: 2426, PSW: 0080 [--------X-------], IntLine: [0200])
[6] {0C 009 000} OS 9 0 (PID: 1, PC: 246, Accumulator: 2426, PSW: 8080 [M-------X-------], IntLine: [0000])
	[7] Clock interrupt number [1] has occurred
	[7] Process [2] created into the [NEW] state, from program [programV4-5]
	[7] Process [2 - programV4-5] moving from the [NEW] state to the [READY] state
	[7] Process [3] created into the [NEW] state, from program [daemonV4-6]
	[7] Process [3 - daemonV4-6] moving from the [NEW] state to the [READY] state
	[7] Running Process Information:
		[PID: 1, Priority: 100, WakeUp: -1, Queue: DAEMONS]
	[7]  Ready-to-run processes queue: 
 	[7]  	 HIGHPRIOUSER:  [2,5]
	[7]  	 LOWPRIOUSER:  
	[7]  	 DAEMONS:  [3,2]
	[7] SLEEPING Queue:
		[--- empty queue ---]
	[7] PID association with program's name:
		PID: 1 -> SystemIdleProcess
		PID: 2 -> programV4-5
		PID: 3 -> daemonV4-6
	[7] Arrival Time Queue:
		[programV4-4, 22, USER-PROGRAM]
		[programV4-3, 44, USER-PROGRAM]
		[programV4-2, 66, USER-PROGRAM]
		[programV4-1, 88, USER-PROGRAM]
		[idontexist, 130, USER-PROGRAM]
	[7] Process [1 - SystemIdleProcess] will be thrown out of the processor by process [2 - programV4-5]
	[7] Process [1 - SystemIdleProcess] moving from the [EXECUTING] state to the [READY] state
	[7] Process [2 - programV4-5] moving from the [READY] state to the [EXECUTING] state
	[7] Running Process Information:
		[PID: 2, Priority: 5, WakeUp: -1, Queue: HIGHPRIOUSER]
	[7]  Ready-to-run processes queue: 
 	[7]  	 HIGHPRIOUSER:  
	[7]  	 LOWPRIOUSER:  
	[7]  	 DAEMONS:  [3,2], [1,100]
	[7] SLEEPING Queue:
		[--- empty queue ---]
	[7] PID association with program's name:
		PID: 1 -> SystemIdleProcess
		PID: 2 -> programV4-5
		PID: 3 -> daemonV4-6
	[7] Arrival Time Queue:
		[programV4-4, 22, USER-PROGRAM]
		[programV4-3, 44, USER-PROGRAM]
		[programV4-2, 66, USER-PROGRAM]
		[programV4-1, 88, USER-PROGRAM]
		[idontexist, 130, USER-PROGRAM]
 OS 9 0 (PID: 2, PC: 247, Accumulator: 0, PSW: 8082 [M-------X-----Z-], IntLine: [0000])
[8] {0D 000 000} IRET 0 0 (PID: 2, PC: 0, Accumulator: 0, PSW: 0002 [--------------Z-], IntLine: [0000])
[9] {03 14D 000} DIV 333 0 (PID: 2, PC: 0, Accumulator: 0, PSW: 0002 [--------------Z-], IntLine: [0040])
[10] {0C 006 000} OS 6 0 (PID: 2, PC: 244, Accumulator: 0, PSW: 8082 [M-------X-----Z-], IntLine: [0200])
	[11] Process [2 - programV4-5] has caused an exception (division by zero) and is being terminated
	[11] Process [2 - programV4-5] moving from the [EXECUTING] state to the [EXIT] state
	[11] Process [3 - daemonV4-6] moving from the [READY] state to the [EXECUTING] state
	[11] Running Process Information:
		[PID: 3, Priority: 2, WakeUp: -1, Queue: DAEMONS]
	[11]  Ready-to-run processes queue: 
 	[11]  	 HIGHPRIOUSER:  
	[11]  	 LOWPRIOUSER:  
	[11]  	 DAEMONS:  [1,100]
	[11] SLEEPING Queue:
		[--- empty queue ---]
	[11] PID association with program's name:
		PID: 1 -> SystemIdleProcess
		PID: 2 -> programV4-5 Zombie process!
		PID: 3 -> daemonV4-6
	[11] Arrival Time Queue:
		[programV4-4, 22, USER-PROGRAM]
		[programV4-3, 44, USER-PROGRAM]
		[programV4-2, 66, USER-PROGRAM]
		[programV4-1, 88, USER-PROGRAM]
		[idontexist, 130, USER-PROGRAM]
 OS 6 0 (PID: 3, PC: 245, Accumulator: 0, PSW: 8082 [M-------X-----Z-], IntLine: [0200])
[12] {0D 000 000} IRET 0 0 (PID: 3, PC: 102, Accumulator: 0, PSW: 0082 [--------X-----Z-], IntLine: [0200])
[13] {0C 009 000} OS 9 0 (PID: 3, PC: 246, Accumulator: 0, PSW: 8082 [M-------X-----Z-], IntLine: [0000])
	[14] Clock interrupt number [2] has occurred
 OS 9 0 (PID: 3, PC: 247, Accumulator: 0, PSW: 8082 [M-------X-----Z-], IntLine: [0000])
[15] {0D 000 000} IRET 0 0 (PID: 3, PC: 102, Accumulator: 0, PSW: 0082 [--------X-----Z-], IntLine: [0200])
[16] {0C 009 000} OS 9 0 (PID: 3, PC: 246, Accumulator: 0, PSW: 8082 [M-------X-----Z-], IntLine: [0000])
	[17] Clock interrupt number [3] has occurred
 OS 9 0 (PID: 3, PC: 247, Accumulator: 0, PSW: 8082 [M-------X-----Z-], IntLine: [0000])
[18] {0D 000 000} IRET 0 0 (PID: 3, PC: 102, Accumulator: 0, PSW: 0082 [--------X-----Z-], IntLine: [0000])
[19] {08 00A 000} WRITE 10 0 (PID: 3, PC: 103, Accumulator: 0, PSW: 0082 [--------X-----Z-], IntLine: [0000])
[20] {00 000 000} NONEXISTING_INSTRUCTION 0 0 (PID: 3, PC: 103, Accumulator: 0, PSW: 0082 [--------X-----Z-], IntLine: [0240])
[21] {0C 006 000} OS 6 0 (PID: 3, PC: 244, Accumulator: 0, PSW: 8082 [M-------X-----Z-], IntLine: [0200])
	[22] Process [3 - daemonV4-6] has caused an exception (invalid instruction) and is being terminated
	[22] Process [3 - daemonV4-6] moving from the [EXECUTING] state to the [EXIT] state
	[22] Process [1 - SystemIdleProcess] moving from the [READY] state to the [EXECUTING] state
	[22] Running Process Information:
		[PID: 1, Priority: 100, WakeUp: -1, Queue: DAEMONS]
	[22]  Ready-to-run processes queue: 
 	[22]  	 HIGHPRIOUSER:  
	[22]  	 LOWPRIOUSER:  
	[22]  	 DAEMONS:  
	[22] SLEEPING Queue:
		[--- empty queue ---]
	[22] PID association with program's name:
		PID: 1 -> SystemIdleProcess
		PID: 2 -> programV4-5 Zombie process!
		PID: 3 -> daemonV4-6 Zombie process!
	[22] Arrival Time Queue:
		[programV4-4, 22, USER-PROGRAM]
		[programV4-3, 44, USER-PROGRAM]
		[programV4-2, 66, USER-PROGRAM]
		[programV4-1, 88, USER-PROGRAM]
		[idontexist, 130, USER-PROGRAM]
 OS 6 0 (PID: 1, PC: 245, Accumulator: 2426, PSW: 8080 [M-------X-------], IntLine: [0200])
[23] {0D 000 000} IRET 0 0 (PID: 1, PC: 36, Accumulator: 2426, PSW: 0080 [--------X-------], IntLine: [0200])
[24] {0C 009 000} OS 9 0 (PID: 1, PC: 246, Accumulator: 2426, PSW: 8080 [M-------X-------], IntLine: [0000])
	[25] Clock interrupt number [4] has occurred
	[25] Process [4] created into the [NEW] state, from program [programV4-4]
	[25] Process [4 - programV4-4] moving from the [NEW] state to the [READY] state
	[25] Running Process Information:
		[PID: 1, Priority: 100, WakeUp: -1, Queue: DAEMONS]
	[25]  Ready-to-run processes queue: 
 	[25]  	 HIGHPRIOUSER:  [4,5]
	[25]  	 LOWPRIOUSER:  
	[25]  	 DAEMONS:  
	[25] SLEEPING Queue:
		[--- empty queue ---]
	[25] PID association with program's name:
		PID: 1 -> SystemIdleProcess
		PID: 2 -> programV4-5 Zombie process!
		PID: 3 -> daemonV4-6 Zombie process!
		PID: 4 -> programV4-4
	[25] Arrival Time Queue:
		[programV4-3, 44, USER-PROGRAM]
		[programV4-1, 88, USER-PROGRAM]
		[programV4-2, 66, USER-PROGRAM]
		[idontexist, 130, USER-PROGRAM]
	[25] Process [1 - SystemIdleProcess] will be thrown out of the processor by process [4 - programV4-4]
	[25] Process [1 - SystemIdleProcess] moving from the [EXECUTING] state to the [READY] state
	[25] Process [4 - programV4-4] moving from the [READY] state to the [EXECUTING] state
	[25] Running Process Information:
		[PID: 4, Priority: 5, WakeUp: -1, Queue: HIGHPRIOUSER]
	[25]  Ready-to-run processes queue: 
 	[25]  	 HIGHPRIOUSER:  
	[25]  	 LOWPRIOUSER:  
	[25]  	 DAEMONS:  [1,100]
	[25] SLEEPING Queue:
		[--- empty queue ---]
	[25] PID association with program's name:
		PID: 1 -> SystemIdleProcess
		PID: 2 -> programV4-5 Zombie process!
		PID: 3 -> daemonV4-6 Zombie process!
		PID: 4 -> programV4-4
	[25] Arrival Time Queue:
		[programV4-3, 44, USER-PROGRAM]
		[programV4-1, 88, USER-PROGRAM]
		[programV4-2, 66, USER-PROGRAM]
		[idontexist, 130, USER-PROGRAM]
 OS 9 0 (PID: 4, PC: 247, Accumulator: 0, PSW: 8082 [M-------X-----Z-], IntLine: [0200])
[26] {0D 000 000} IRET 0 0 (PID: 4, PC: 0, Accumulator: 0, PSW: 0002 [--------------Z-], IntLine: [0200])
[27] {0C 009 000} OS 9 0 (PID: 4, PC: 246, Accumulator: 0, PSW: 8082 [M-------X-----Z-], IntLine: [0000])
	[28] Clock interrupt number [5] has occurred
 OS 9 0 (PID: 4, PC: 247, Accumulator: 0, PSW: 8082 [M-------X-----Z-], IntLine: [0000])
[29] {0D 000 000} IRET 0 0 (PID: 4, PC: 0, Accumulator: 0, PSW: 0002 [--------------Z-], IntLine: [0000])
[30] {0B 000 000} HALT 0 0 (PID: 4, PC: 0, Accumulator: 0, PSW: 0002 [--------------Z-], IntLine: [0240])
[31] {0C 006 000} OS 6 0 (PID: 4, PC: 244, Accumulator: 0, PSW: 8082 [M-------X-----Z-], IntLine: [0200])
	[32] Process [4 - programV4-4] has caused an exception (invalid processor mode) and is being terminated
	[32] Process [4 - programV4-4] moving from the [EXECUTING] state to the [EXIT] state
	[32] Process [1 - SystemIdleProcess] moving from the [READY] state to the [EXECUTING] state
	[32] Running Process Information:
		[PID: 1, Priority: 100, WakeUp: -1, Queue: DAEMONS]
	[32]  Ready-to-run processes queue: 
 	[32]  	 HIGHPRIOUSER:  
	[32]  	 LOWPRIOUSER:  
	[32]  	 DAEMONS:  
	[32] SLEEPING Queue:
		[--- empty queue ---]
	[32] PID association with program's name:
		PID: 1 -> SystemIdleProcess
		PID: 2 -> programV4-5 Zombie process!
		PID: 3 -> daemonV4-6 Zombie process!
		PID: 4 -> programV4-4 Zombie process!
	[32] Arrival Time Queue:
		[programV4-3, 44, USER-PROGRAM]
		[programV4-1, 88, USER-PROGRAM]
		[programV4-2, 66, USER-PROGRAM]
		[idontexist, 130, USER-PROGRAM]
 OS 6 0 (PID: 1, PC: 245, Accumulator: 2426, PSW: 8080 [M-------X-------], IntLine: [0200])
[33] {0D 000 000} IRET 0 0 (PID: 1, PC: 36, Accumulator: 2426, PSW: 0080 [--------X-------], IntLine: [0200])
[34] {0C 009 000} OS 9 0 (PID: 1, PC: 246, Accumulator: 2426, PSW: 8080 [M-------X-------], IntLine: [0000])
	[35] Clock interrupt number [6] has occurred
 OS 9 0 (PID: 1, PC: 247, Accumulator: 2426, PSW: 8080 [M-------X-------], IntLine: [0200])
[36] {0D 000 000} IRET 0 0 (PID: 1, PC: 36, Accumulator: 2426, PSW: 0080 [--------X-------], IntLine: [0200])
[37] {0C 009 000} OS 9 0 (PID: 1, PC: 246, Accumulator: 2426, PSW: 8080 [M-------X-------], IntLine: [0000])
	[38] Clock interrupt number [7] has occurred
 OS 9 0 (PID: 1, PC: 247, Accumulator: 2426, PSW: 8080 [M-------X-------], IntLine: [0000])
[39] {0D 000 000} IRET 0 0 (PID: 1, PC: 36, Accumulator: 2426, PSW: 0080 [--------X-------], IntLine: [0000])
[40] {06 801 000} JUMP -1 0 (PID: 1, PC: 35, Accumulator: 2426, PSW: 0080 [--------X-------], IntLine: [0200])
[41] {0C 009 000} OS 9 0 (PID: 1, PC: 246, Accumulator: 2426, PSW: 8080 [M-------X-------], IntLine: [0000])
	[42] Clock interrupt number [8] has occurred
 OS 9 0 (PID: 1, PC: 247, Accumulator: 2426, PSW: 8080 [M-------X-------], IntLine: [0000])
[43] {0D 000 000} IRET 0 0 (PID: 1, PC: 35, Accumulator: 2426, PSW: 0080 [--------X-------], IntLine: [0000])
[44] {05 000 000} NOP 0 0 (PID: 1, PC: 36, Accumulator: 2426, PSW: 0080 [--------X-------], IntLine: [0000])
[45] {06 801 000} JUMP -1 0 (PID: 1, PC: 35, Accumulator: 2426, PSW: 0080 [--------X-------], IntLine: [0200])
[46] {0C 009 000} OS 9 0 (PID: 1, PC: 246, Accumulator: 2426, PSW: 8080 [M-------X-------], IntLine: [0000])
	[47] Clock interrupt number [9] has occurred
	[47] Process [5] created into the [NEW] state, from program [programV4-3]
	[47] Process [5 - programV4-3] moving from the [NEW] state to the [READY] state
	[47] Running Process Information:
		[PID: 1, Priority: 100, WakeUp: -1, Queue: DAEMONS]
	[47]  Ready-to-run processes queue: 
 	[47]  	 HIGHPRIOUSER:  [5,5]
	[47]  	 LOWPRIOUSER:  
	[47]  	 DAEMONS:  
	[47] SLEEPING Queue:
		[--- empty queue ---]
	[47] PID association with program's name:
		PID: 1 -> SystemIdleProcess
		PID: 2 -> programV4-5 Zombie process!
		PID: 3 -> daemonV4-6 Zombie process!
		PID: 4 -> programV4-4 Zombie process!
		PID: 5 -> programV4-3
	[47] Arrival Time Queue:
		[programV4-2, 66, USER-PROGRAM]
		[programV4-1, 88, USER-PROGRAM]
		[idontexist, 130, USER-PROGRAM]
	[47] Process [1 - SystemIdleProcess] will be thrown out of the processor by process [5 - programV4-3]
	[47] Process [1 - SystemIdleProcess] moving from the [EXECUTING] state to the [READY] state
	[47] Process [5 - programV4-3] moving from the [READY] state to the [EXECUTING] state
	[47] Running Process Information:
		[PID: 5, Priority: 5, WakeUp: -1, Queue: HIGHPRIOUSER]
	[47]  Ready-to-run processes queue: 
 	[47]  	 HIGHPRIOUSER:  
	[47]  	 LOWPRIOUSER:  
	[47]  	 DAEMONS:  [1,100]
	[47] SLEEPING Queue:
		[--- empty queue ---]
	[47] PID association with program's name:
		PID: 1 -> SystemIdleProcess
		PID: 2 -> programV4-5 Zombie process!
		PID: 3 -> daemonV4-6 Zombie process!
		PID: 4 -> programV4-4 Zombie process!
		PID: 5 -> programV4-3
	[47] Arrival Time Queue:
		[programV4-2, 66, USER-PROGRAM]
		[programV4-1, 88, USER-PROGRAM]
		[idontexist, 130, USER-PROGRAM]
 OS 9 0 (PID: 5, PC: 247, Accumulator: 0, PSW: 8082 [M-------X-----Z-], IntLine: [0000])
[48] {0D 000 000} IRET 0 0 (PID: 5, PC: 0, Accumulator: 0, PSW: 0002 [--------------Z-], IntLine: [0000])
[49] {00 001 002} NONEXISTING_INSTRUCTION 1 2 (PID: 5, PC: 0, Accumulator: 0, PSW: 0002 [--------------Z-], IntLine: [0040])
[50] {0C 006 000} OS 6 0 (PID: 5, PC: 244, Accumulator: 0, PSW: 8082 [M-------X-----Z-], IntLine: [0200])
	[51] Process [5 - programV4-3] has caused an exception (invalid instruction) and is being terminated
	[51] Process [5 - programV4-3] moving from the [EXECUTING] state to the [EXIT] state
	[51] Process [1 - SystemIdleProcess] moving from the [READY] state to the [EXECUTING] state
	[51] Running Process Information:
		[PID: 1, Priority: 100, WakeUp: -1, Queue: DAEMONS]
	[51]  Ready-to-run processes queue: 
 	[51]  	 HIGHPRIOUSER:  
	[51]  	 LOWPRIOUSER:  
	[51]  	 DAEMONS:  
	[51] SLEEPING Queue:
		[--- empty queue ---]
	[51] PID association with program's name:
		PID: 1 -> SystemIdleProcess
		PID: 2 -> programV4-5 Zombie process!
		PID: 3 -> daemonV4-6 Zombie process!
		PID: 4 -> programV4-4 Zombie process!
		PID: 5 -> programV4-3 Zombie process!
	[51] Arrival Time Queue:
		[programV4-2, 66, USER-PROGRAM]
		[programV4-1, 88, USER-PROGRAM]
		[idontexist, 130, USER-PROGRAM]
 OS 6 0 (PID: 1, PC: 245, Accumulator: 2426, PSW: 8080 [M-------X-------], IntLine: [0200])
[52] {0D 000 000} IRET 0 0 (PID: 1, PC: 35, Accumulator: 2426, PSW: 0080 [--------X-------], IntLine: [0200])
[53] {0C 009 000} OS 9 0 (PID: 1, PC: 246, Accumulator: 2426, PSW: 8080 [M-------X-------], IntLine: [0000])
	[54] Clock interrupt number [10] has occurred
 OS 9 0 (PID: 1, PC: 247, Accumulator: 2426, PSW: 8080 [M-------X-------], IntLine: [0000])
[55] {0D 000 000} IRET 0 0 (PID: 1, PC: 35, Accumulator: 2426, PSW: 0080 [--------X-------], IntLine: [0200])
[56] {0C 009 000} OS 9 0 (PID: 1, PC: 246, Accumulator: 2426, PSW: 8080 [M-------X-------], IntLine: [0000])
	[57] Clock interrupt number [11] has occurred
 OS 9 0 (PID: 1, PC: 247, Accumulator: 2426, PSW: 8080 [M-------X-------], IntLine: [0000])
[58] {0D 000 000} IRET 0 0 (PID: 1, PC: 35, Accumulator: 2426, PSW: 0080 [--------X-------], IntLine: [0000])
[59] {05 000 000} NOP 0 0 (PID: 1, PC: 36, Accumulator: 2426, PSW: 0080 [--------X-------], IntLine: [0000])
[60] {06 801 000} JUMP -1 0 (PID: 1, PC: 35, Accumulator: 2426, PSW: 0080 [--------X-------], IntLine: [0200])
[61] {0C 009 000} OS 9 0 (PID: 1, PC: 246, Accumulator: 2426, PSW: 8080 [M-------X-------], IntLine: [0000])
	[62] Clock interrupt number [12] has occurred
 OS 9 0 (PID: 1, PC: 247, Accumulator: 2426, PSW: 8080 [M-------X-------], IntLine: [0000])
[63] {0D 000 000} IRET 0 0 (PID: 1, PC: 35, Accumulator: 2426, PSW: 0080 [--------X-------], IntLine: [0000])
[64] {05 000 000} NOP 0 0 (PID: 1, PC: 36, Accumulator: 2426, PSW: 0080 [--------X-------], IntLine: [0000])
[65] {06 801 000} JUMP -1 0 (PID: 1, PC: 35, Accumulator: 2426, PSW: 0080 [--------X-------], IntLine: [0200])
[66] {0C 009 000} OS 9 0 (PID: 1, PC: 246, Accumulator: 2426, PSW: 8080 [M-------X-------], IntLine: [0000])
	[67] Clock interrupt number [13] has occurred
	[67] Process [6] created into the [NEW] state, from program [programV4-2]
	[67] Process [6 - programV4-2] moving from the [NEW] state to the [READY] state
	[67] Running Process Information:
		[PID: 1, Priority: 100, WakeUp: -1, Queue: DAEMONS]
	[67]  Ready-to-run processes queue: 
 	[67]  	 HIGHPRIOUSER:  [6,5]
	[67]  	 LOWPRIOUSER:  
	[67]  	 DAEMONS:  
	[67] SLEEPING Queue:
		[--- empty queue ---]
	[67] PID association with program's name:
		PID: 1 -> SystemIdleProcess
		PID: 2 -> programV4-5 Zombie process!
		PID: 3 -> daemonV4-6 Zombie process!
		PID: 4 -> programV4-4 Zombie process!
		PID: 5 -> programV4-3 Zombie process!
		PID: 6 -> programV4-2
	[67] Arrival Time Queue:
		[programV4-1, 88, USER-PROGRAM]
		[idontexist, 130, USER-PROGRAM]
	[67] Process [1 - SystemIdleProcess] will be thrown out of the processor by process [6 - programV4-2]
	[67] Process [1 - SystemIdleProcess] moving from the [EXECUTING] state to the [READY] state
	[67] Process [6 - programV4-2] moving from the [READY] state to the [EXECUTING] state
	[67] Running Process Information:
		[PID: 6, Priority: 5, WakeUp: -1, Queue: HIGHPRIOUSER]
	[67]  Ready-to-run processes queue: 
 	[67]  	 HIGHPRIOUSER:  
	[67]  	 LOWPRIOUSER:  
	[67]  	 DAEMONS:  [1,100]
	[67] SLEEPING Queue:
		[--- empty queue ---]
	[67] PID association with program's name:
		PID: 1 -> SystemIdleProcess
		PID: 2 -> programV4-5 Zombie process!
		PID: 3 -> daemonV4-6 Zombie process!
		PID: 4 -> programV4-4 Zombie process!
		PID: 5 -> programV4-3 Zombie process!
		PID: 6 -> programV4-2
	[67] Arrival Time Queue:
		[programV4-1, 88, USER-PROGRAM]
		[idontexist, 130, USER-PROGRAM]
 OS 9 0 (PID: 6, PC: 247, Accumulator: 0, PSW: 8082 [M-------X-----Z-], IntLine: [0000])
[68] {0D 000 000} IRET 0 0 (PID: 6, PC: 0, Accumulator: 0, PSW: 0002 [--------------Z-], IntLine: [0000])
[69] {08 A2B 000} WRITE -555 0 (PID: 6, PC: 1, Accumulator: 0, PSW: 0002 [--------------Z-], IntLine: [0040])
[70] {0C 006 000} OS 6 0 (PID: 6, PC: 244, Accumulator: 0, PSW: 8082 [M-------X-----Z-], IntLine: [0200])
	[71] Process [6 - programV4-2] has caused an exception (invalid address) and is being terminated
	[71] Process [6 - programV4-2] moving from the [EXECUTING] state to the [EXIT] state
	[71] Process [1 - SystemIdleProcess] moving from the [READY] state to the [EXECUTING] state
	[71] Running Process Information:
		[PID: 1, Priority: 100, WakeUp: -1, Queue: DAEMONS]
	[71]  Ready-to-run processes queue: 
 	[71]  	 HIGHPRIOUSER:  
	[71]  	 LOWPRIOUSER:  
	[71]  	 DAEMONS:  
	[71] SLEEPING Queue:
		[--- empty queue ---]
	[71] PID association with program's name:
		PID: 1 -> SystemIdleProcess
		PID: 2 -> programV4-5 Zombie process!
		PID: 3 -> daemonV4-6 Zombie process!
		PID: 4 -> programV4-4 Zombie process!
		PID: 5 -> programV4-3 Zombie process!
		PID: 6 -> programV4-2 Zombie process!
	[71] Arrival Time Queue:
		[programV4-1, 88, USER-PROGRAM]
		[idontexist, 130, USER-PROGRAM]
 OS 6 0 (PID: 1, PC: 245, Accumulator: 2426, PSW: 8080 [M-------X-------], IntLine: [0200])
[72] {0D 000 000} IRET 0 0 (PID: 1, PC: 35, Accumulator: 2426, PSW: 0080 [--------X-------], IntLine: [0200])
[73] {0C 009 000} OS 9 0 (PID: 1, PC: 246, Accumulator: 2426, PSW: 8080 [M-------X-------], IntLine: [0000])
	[74] Clock interrupt number [14] has occurred
 OS 9 0 (PID: 1, PC: 247, Accumulator: 2426, PSW: 8080 [M-------X-------], IntLine: [0000])
[75] {0D 000 000} IRET 0 0 (PID: 1, PC: 35, Accumulator: 2426, PSW: 0080 [--------X-------], IntLine: [0200])
[76] {0C 009 000} OS 9 0 (PID: 1, PC: 246, Accumulator: 2426, PSW: 8080 [M-------X-------], IntLine: [0000])
	[77] Clock interrupt number [15] has occurred
 OS 9 0 (PID: 1, PC: 247, Accumulator: 2426, PSW: 8080 [M-------X-------], IntLine: [0000])
[78] {0D 000 000} IRET 0 0 (PID: 1, PC: 35, Accumulator: 2426, PSW: 0080 [--------X-------], IntLine: [0000])
[79] {05 000 000} NOP 0 0 (PID: 1, PC: 36, Accumulator: 2426, PSW: 0080 [--------X-------], IntLine: [0000])
[80] {06 801 000} JUMP -1 0 (PID: 1, PC: 35, Accumulator: 2426, PSW: 0080 [--------X-------], IntLine: [0200])
[81] {0C 009 000} OS 9 0 (PID: 1, PC: 246, Accumulator: 2426, PSW: 8080 [M-------X-------], IntLine: [0000])
	[82] Clock interrupt number [16] has occurred
 OS 9 0 (PID: 1, PC: 247, Accumulator: 2426, PSW: 8080 [M-------X-------], IntLine: [0000])
[83] {0D 000 000} IRET 0 0 (PID: 1, PC: 35, Accumulator: 2426, PSW: 0080 [--------X-------], IntLine: [0000])
[84] {05 000 000} NOP 0 0 (PID: 1, PC: 36, Accumulator: 2426, PSW: 0080 [--------X-------], IntLine: [0000])
[85] {06 801 000} JUMP -1 0 (PID: 1, PC: 35, Accumulator: 2426, PSW: 0080 [--------X-------], IntLine: [0200])
[86] {0C 009 000} OS 9 0 (PID: 1, PC: 246, Accumulator: 2426, PSW: 8080 [M-------X-------], IntLine: [0000])
	[87] Clock interrupt number [17] has occurred
 OS 9 0 (PID: 1, PC: 247, Accumulator: 2426, PSW: 8080 [M-------X-------], IntLine: [0000])
[88] {0D 000 000} IRET 0 0 (PID: 1, PC: 35, Accumulator: 2426, PSW: 0080 [--------X-------], IntLine: [0000])
[89] {05 000 000} NOP 0 0 (PID: 1, PC: 36, Accumulator: 2426, PSW: 0080 [--------X-------], IntLine: [0000])
[90] {06 801 000} JUMP -1 0 (PID: 1, PC: 35, Accumulator: 2426, PSW: 0080 [--------X-------], IntLine: [0200])
[91] {0C 009 000} OS 9 0 (PID: 1, PC: 246, Accumulator: 2426, PSW: 8080 [M-------X-------], IntLine: [0000])
	[92] Clock interrupt number [18] has occurred
	[92] Process [0] created into the [NEW] state, from program [programV4-1]
	[92] Process [0 - programV4-1] moving from the [NEW] state to the [READY] state
	[92] Running Process Information:
		[PID: 1, Priority: 100, WakeUp: -1, Queue: DAEMONS]
	[92]  Ready-to-run processes queue: 
 	[92]  	 HIGHPRIOUSER:  [0,5]
	[92]  	 LOWPRIOUSER:  
	[92]  	 DAEMONS:  
	[92] SLEEPING Queue:
		[--- empty queue ---]
	[92] PID association with program's name:
		PID: 0 -> programV4-1
		PID: 1 -> SystemIdleProcess
		PID: 2 -> programV4-5 Zombie process!
		PID: 3 -> daemonV4-6 Zombie process!
		PID: 4 -> programV4-4 Zombie process!
		PID: 5 -> programV4-3 Zombie process!
		PID: 6 -> programV4-2 Zombie process!
	[92] Arrival Time Queue:
		[idontexist, 130, USER-PROGRAM]
	[92] Process [1 - SystemIdleProcess] will be thrown out of the processor by process [0 - programV4-1]
	[92] Process [1 - SystemIdleProcess] moving from the [EXECUTING] state to the [READY] state
	[92] Process [0 - programV4-1] moving from the [READY] state to the [EXECUTING] state
	[92] Running Process Information:
		[PID: 0, Priority: 5, WakeUp: -1, Queue: HIGHPRIOUSER]
	[92]  Ready-to-run processes queue: 
 	[92]  	 HIGHPRIOUSER:  
	[92]  	 LOWPRIOUSER:  
	[92]  	 DAEMONS:  [1,100]
	[92] SLEEPING Queue:
		[--- empty queue ---]
	[92] PID association with program's name:
		PID: 0 -> programV4-1
		PID: 1 -> SystemIdleProcess
		PID: 2 -> programV4-5 Zombie process!
		PID: 3 -> daemonV4-6 Zombie process!
		PID: 4 -> programV4-4 Zombie process!
		PID: 5 -> programV4-3 Zombie process!
		PID: 6 -> programV4-2 Zombie process!
	[92] Arrival Time Queue:
		[idontexist, 130, USER-PROGRAM]
 OS 9 0 (PID: 0, PC: 247, Accumulator: 0, PSW: 8082 [M-------X-----Z-], IntLine: [0000])
[93] {0D 000 000} IRET 0 0 (PID: 0, PC: 0, Accumulator: 0, PSW: 0002 [--------------Z-], IntLine: [0000])
[94] {04 29A 000} TRAP 666 0 (PID: 0, PC: 1, Accumulator: 0, PSW: 0002 [--------------Z-], IntLine: [0004])
[95] {0C 002 000} OS 2 0 (PID: 0, PC: 242, Accumulator: 0, PSW: 8082 [M-------X-----Z-], IntLine: [0200])
	[96] Process [0 - programV4-1] has made an invalid system call (666) and is being terminated
	[96] Process [0 - programV4-1] moving from the [EXECUTING] state to the [EXIT] state
	[96] Process [1 - SystemIdleProcess] moving from the [READY] state to the [EXECUTING] state
	[96] Running Process Information:
		[PID: 1, Priority: 100, WakeUp: -1, Queue: DAEMONS]
	[96]  Ready-to-run processes queue: 
 	[96]  	 HIGHPRIOUSER:  
	[96]  	 LOWPRIOUSER:  
	[96]  	 DAEMONS:  
	[96] SLEEPING Queue:
		[--- empty queue ---]
	[96] PID association with program's name:
		PID: 0 -> programV4-1 Zombie process!
		PID: 1 -> SystemIdleProcess
		PID: 2 -> programV4-5 Zombie process!
		PID: 3 -> daemonV4-6 Zombie process!
		PID: 4 -> programV4-4 Zombie process!
		PID: 5 -> programV4-3 Zombie process!
		PID: 6 -> programV4-2 Zombie process!
	[96] Arrival Time Queue:
		[idontexist, 130, USER-PROGRAM]
 OS 2 0 (PID: 1, PC: 243, Accumulator: 2426, PSW: 8080 [M-------X-------], IntLine: [0200])
[97] {0D 000 000} IRET 0 0 (PID: 1, PC: 35, Accumulator: 2426, PSW: 0080 [--------X-------], IntLine: [0200])
[98] {0C 009 000} OS 9 0 (PID: 1, PC: 246, Accumulator: 2426, PSW: 8080 [M-------X-------], IntLine: [0000])
	[99] Clock interrupt number [19] has occurred
 OS 9 0 (PID: 1, PC: 247, Accumulator: 2426, PSW: 8080 [M-------X-------], IntLine: [0000])
[100] {0D 000 000} IRET 0 0 (PID: 1, PC: 35, Accumulator: 2426, PSW: 0080 [--------X-------], IntLine: [0200])
[101] {0C 009 000} OS 9 0 (PID: 1, PC: 246, Accumulator: 2426, PSW: 8080 [M-------X-------], IntLine: [0000])
	[102] Clock interrupt number [20] has occurred
 OS 9 0 (PID: 1, PC: 247, Accumulator: 2426, PSW: 8080 [M-------X-------], IntLine: [0000])
[103] {0D 000 000} IRET 0 0 (PID: 1, PC: 35, Accumulator: 2426, PSW: 0080 [--------X-------], IntLine: [0000])
[104] {05 000 000} NOP 0 0 (PID: 1, PC: 36, Accumulator: 2426, PSW: 0080 [--------X-------], IntLine: [0000])
[105] {06 801 000} JUMP -1 0 (PID: 1, PC: 35, Accumulator: 2426, PSW: 0080 [--------X-------], IntLine: [0200])
[106] {0C 009 000} OS 9 0 (PID: 1, PC: 246, Accumulator: 2426, PSW: 8080 [M-------X-------], IntLine: [0000])
	[107] Clock interrupt number [21] has occurred
 OS 9 0 (PID: 1, PC: 247, Accumulator: 2426, PSW: 8080 [M-------X-------], IntLine: [0000])
[108] {0D 000 000} IRET 0 0 (PID: 1, PC: 35, Accumulator: 2426, PSW: 0080 [--------X-------], IntLine: [0000])
[109] {05 000 000} NOP 0 0 (PID: 1, PC: 36, Accumulator: 2426, PSW: 0080 [--------X-------], IntLine: [0000])
[110] {06 801 000} JUMP -1 0 (PID: 1, PC: 35, Accumulator: 2426, PSW: 0080 [--------X-------], IntLine: [0200])
[111] {0C 009 000} OS 9 0 (PID: 1, PC: 246, Accumulator: 2426, PSW: 8080 [M-------X-------], IntLine: [0000])
	[112] Clock interrupt number [22] has occurred
 OS 9 0 (PID: 1, PC: 247, Accumulator: 2426, PSW: 8080 [M-------X-------], IntLine: [0000])
[113] {0D 000 000} IRET 0 0 (PID: 1, PC: 35, Accumulator: 2426, PSW: 0080 [--------X-------], IntLine: [0000])
[114] {05 000 000} NOP 0 0 (PID: 1, PC: 36, Accumulator: 2426, PSW: 0080 [--------X-------], IntLine: [0000])
[115] {06 801 000} JUMP -1 0 (PID: 1, PC: 35, Accumulator: 2426, PSW: 0080 [--------X-------], IntLine: [0200])
[116] {0C 009 000} OS 9 0 (PID: 1, PC: 246, Accumulator: 2426, PSW: 8080 [M-------X-------], IntLine: [0000])
	[117] Clock interrupt number [23] has occurred
 OS 9 0 (PID: 1, PC: 247, Accumulator: 2426, PSW: 8080 [M-------X-------], IntLine: [0000])
[118] {0D 000 000} IRET 0 0 (PID: 1, PC: 35, Accumulator: 2426, PSW: 0080 [--------X-------], IntLine: [0000])
[119] {05 000 000} NOP 0 0 (PID: 1, PC: 36, Accumulator: 2426, PSW: 0080 [--------X-------], IntLine: [0000])
[120] {06 801 000} JUMP -1 0 (PID: 1, PC: 35, Accumulator: 2426, PSW: 0080 [--------X-------], IntLine: [0200])
[121] {0C 009 000} OS 9 0 (PID: 1, PC: 246, Accumulator: 2426, PSW: 8080 [M-------X-------], IntLine: [0000])
	[122] Clock interrupt number [24] has occurred
 OS 9 0 (PID: 1, PC: 247, Accumulator: 2426, PSW: 8080 [M-------X-------], IntLine: [0000])
[123] {0D 000 000} IRET 0 0 (PID: 1, PC: 35, Accumulator: 2426, PSW: 0080 [--------X-------], IntLine: [0000])
[124] {05 000 000} NOP 0 0 (PID: 1, PC: 36, Accumulator: 2426, PSW: 0080 [--------X-------], IntLine: [0000])
[125] {06 801 000} JUMP -1 0 (PID: 1, PC: 35, Accumulator: 2426, PSW: 0080 [--------X-------], IntLine: [0200])
[126] {0C 009 000} OS 9 0 (PID: 1, PC: 246, Accumulator: 2426, PSW: 8080 [M-------X-------], IntLine: [0000])
	[127] Clock interrupt number [25] has occurred
 OS 9 0 (PID: 1, PC: 247, Accumulator: 2426, PSW: 8080 [M-------X-------], IntLine: [0000])
[128] {0D 000 000} IRET 0 0 (PID: 1, PC: 35, Accumulator: 2426, PSW: 0080 [--------X-------], IntLine: [0000])
[129] {05 000 000} NOP 0 0 (PID: 1, PC: 36, Accumulator: 2426, PSW: 0080 [--------X-------], IntLine: [0000])
[130] {06 801 000} JUMP -1 0 (PID: 1, PC: 35, Accumulator: 2426, PSW: 0080 [--------X-------], IntLine: [0200])
[131] {0C 009 000} OS 9 0 (PID: 1, PC: 246, Accumulator: 2426, PSW: 8080 [M-------X-------], IntLine: [0000])
	[132] Clock interrupt number [26] has occurred
	[132] Zombie process [0 -> programV4-1], with size [30] and initial address [0] is removed from system
	[132] Zombie process [2 -> programV4-5], with size [3] and initial address [68] is removed from system
	[132] Zombie process [3 -> daemonV4-6], with size [2] and initial address [102] is removed from system
	[132] Zombie process [4 -> programV4-4], with size [15] and initial address [136] is removed from system
	[132] Zombie process [5 -> programV4-3], with size [30] and initial address [170] is removed from system
	[132] Zombie process [6 -> programV4-2], with size [30] and initial address [204] is removed from system
	[132] ERROR: Program [idontexist] is not valid [--- it does not exist ---]
 OS 9 0 (PID: 1, PC: 247, Accumulator: 2426, PSW: 8080 [M-------X-------], IntLine: [0000])
[133] {0D 000 000} IRET 0 0 (PID: 1, PC: 35, Accumulator: 2426, PSW: 0080 [--------X-------], IntLine: [0000])
[134] {05 000 000} NOP 0 0 (PID: 1, PC: 36, Accumulator: 2426, PSW: 0080 [--------X-------], IntLine: [0000])
[135] {06 801 000} JUMP -1 0 (PID: 1, PC: 35, Accumulator: 2426, PSW: 0080 [--------X-------], IntLine: [0200])
[136] {0C 009 000} OS 9 0 (PID: 1, PC: 246, Accumulator: 2426, PSW: 8080 [M-------X-------], IntLine: [0000])
	[137] Clock interrupt number [27] has occurred
 OS 9 0 (PID: 1, PC: 247, Accumulator: 2426, PSW: 8080 [M-------X-------], IntLine: [0000])
Assert failed. Time: 137; Element: Process Table - state; PID: 1; Expected: EXIT; Real: EXECUTING
Assert failed. Time: 137; Element: eXecuting PID; Expected: -1; Real: 1
[138] {0D 000 000} IRET 0 0 (PID: 1, PC: 35, Accumulator: 2426, PSW: 0080 [--------X-------], IntLine: [0000])
Assert failed. Time: 138; Element: Process Table - state; PID: 1; Expected: EXIT; Real: EXECUTING
Assert failed. Time: 138; Element: eXecuting PID; Expected: -1; Real: 1
[139] {05 000 000} NOP 0 0 (PID: 1, PC: 36, Accumulator: 2426, PSW: 0080 [--------X-------], IntLine: [0000])
[140] {06 801 000} JUMP -1 0 (PID: 1, PC: 35, Accumulator: 2426, PSW: 0080 [--------X-------], IntLine: [0200])
[141] {0C 009 000} OS 9 0 (PID: 1, PC: 246, Accumulator: 2426, PSW: 8080 [M-------X-------], IntLine: [0000])
	[142] Clock interrupt number [28] has occurred
 OS 9 0 (PID: 1, PC: 247, Accumulator: 2426, PSW: 8080 [M-------X-------], IntLine: [0000])
[143] {0D 000 000} IRET 0 0 (PID: 1, PC: 35, Accumulator: 2426, PSW: 0080 [--------X-------], IntLine: [0000])
[144] {05 000 000} NOP 0 0 (PID: 1, PC: 36, Accumulator: 2426, PSW: 0080 [--------X-------], IntLine: [0000])
[145] {06 801 000} JUMP -1 0 (PID: 1, PC: 35, Accumulator: 2426, PSW: 0080 [--------X-------], IntLine: [0200])
[146] {0C 009 000} OS 9 0 (PID: 1, PC: 246, Accumulator: 2426, PSW: 8080 [M-------X-------], IntLine: [0000])
	[147] Clock interrupt number [29] has occurred
 OS 9 0 (PID: 1, PC: 247, Accumulator: 2426, PSW: 8080 [M-------X-------], IntLine: [0000])
[148] {0D 000 000} IRET 0 0 (PID: 1, PC: 35, Accumulator: 2426, PSW: 0080 [--------X-------], IntLine: [0000])
[149] {05 000 000} NOP 0 0 (PID: 1, PC: 36, Accumulator: 2426, PSW: 0080 [--------X-------], IntLine: [0000])
[150] {06 801 000} JUMP -1 0 (PID: 1, PC: 35, Accumulator: 2426, PSW: 0080 [--------X-------], IntLine: [0200])
[151] {0C 009 000} OS 9 0 (PID: 1, PC: 246, Accumulator: 2426, PSW: 8080 [M-------X-------], IntLine: [0000])
	[152] Clock interrupt number [30] has occurred
 OS 9 0 (PID: 1, PC: 247, Accumulator: 2426, PSW: 8080 [M-------X-------], IntLine: [0000])
[153] {0D 000 000} IRET 0 0 (PID: 1, PC: 35, Accumulator: 2426, PSW: 0080 [--------X-------], IntLine: [0000])
[154] {05 000 000} NOP 0 0 (PID: 1, PC: 36, Accumulator: 2426, PSW: 0080 [--------X-------], IntLine: [0000])
[155] {06 801 000} JUMP -1 0 (PID: 1, PC: 35, Accumulator: 2426, PSW: 0080 [--------X-------], IntLine: [0200])
[156] {0C 009 000} OS 9 0 (PID: 1, PC: 246, Accumulator: 2426, PSW: 8080 [M-------X-------], IntLine: [0000])
	[157] Clock interrupt number [31] has occurred
 OS 9 0 (PID: 1, PC: 247, Accumulator: 2426, PSW: 8080 [M-------X-------], IntLine: [0000])
[158] {0D 000 000} IRET 0 0 (PID: 1, PC: 35, Accumulator: 2426, PSW: 0080 [--------X-------], IntLine: [0000])
[159] {05 000 000} NOP 0 0 (PID: 1, PC: 36, Accumulator: 2426, PSW: 0080 [--------X-------], IntLine: [0000])
[160] {06 801 000} JUMP -1 0 (PID: 1, PC: 35, Accumulator: 2426, PSW: 0080 [--------X-------], IntLine: [0200])
[161] {0C 009 000} OS 9 0 (PID: 1, PC: 246, Accumulator: 2426, PSW: 8080 [M-------X-------], IntLine: [0000])
	[162] Clock interrupt number [32] has occurred
 OS 9 0 (PID: 1, PC: 247, Accumulator: 2426, PSW: 8080 [M-------X-------], IntLine: [0000])
[163] {0D 000 000} IRET 0 0 (PID: 1, PC: 35, Accumulator: 2426, PSW: 0080 [--------X-------], IntLine: [0000])
[164] {05 000 000} NOP 0 0 (PID: 1, PC: 36, Accumulator: 2426, PSW: 0080 [--------X-------], IntLine: [0000])
[165] {06 801 000} JUMP -1 0 (PID: 1, PC: 35, Accumulator: 2426, PSW: 0080 [--------X-------], IntLine: [0200])
[166] {0C 009 000} OS 9 0 (PID: 1, PC: 246, Accumulator: 2426, PSW: 8080 [M-------X-------], IntLine: [0000])
	[167] Clock interrupt number [33] has occurred
 OS 9 0 (PID: 1, PC: 247, Accumulator: 2426, PSW: 8080 [M-------X-------], IntLine: [0000])
[168] {0D 000 000} IRET 0 0 (PID: 1, PC: 35, Accumulator: 2426, PSW: 0080 [--------X-------], IntLine: [0000])
[169] {05 000 000} NOP 0 0 (PID: 1, PC: 36, Accumulator: 2426, PSW: 0080 [--------X-------], IntLine: [0000])
[170] {06 801 000} JUMP -1 0 (PID: 1, PC: 35, Accumulator: 2426, PSW: 0080 [--------X-------], IntLine: [0200])
[171] {0C 009 000} OS 9 0 (PID: 1, PC: 246, Accumulator: 2426, PSW: 8080 [M-------X-------], IntLine: [0000])
	[172] Clock interrupt number [34] has occurred
 OS 9 0 (PID: 1, PC: 247, Accumulator: 2426, PSW: 8080 [M-------X-------], IntLine: [0000])
[173] {0D 000 000} IRET 0 0 (PID: 1, PC: 35, Accumulator: 2426, PSW: 0080 [--------X-------], IntLine: [0000])
[174] {05 000 000} NOP 0 0 (PID: 1, PC: 36, Accumulator: 2426, PSW: 0080 [--------X-------], IntLine: [0000])
[175] {06 801 000} JUMP -1 0 (PID: 1, PC: 35, Accumulator: 2426, PSW: 0080 [--------X-------], IntLine: [0200])
[176] {0C 009 000} OS 9 0 (PID: 1, PC: 246, Accumulator: 2426, PSW: 8080 [M-------X-------], IntLine: [0000])
	[177] Clock interrupt number [35] has occurred
 OS 9 0 (PID: 1, PC: 247, Accumulator: 2426, PSW: 8080 [M-------X-------], IntLine: [0000])
[178] {0D 000 000} IRET 0 0 (PID: 1, PC: 35, Accumulator: 2426, PSW: 0080 [--------X-------], IntLine: [0000])
[179] {05 000 000} NOP 0 0 (PID: 1, PC: 36, Accumulator: 2426, PSW: 0080 [--------X-------], IntLine: [0000])
[180] {06 801 000} JUMP -1 0 (PID: 1, PC: 35, Accumulator: 2426, PSW: 0080 [--------X-------], IntLine: [0200])
[181] {0C 009 000} OS 9 0 (PID: 1, PC: 246, Accumulator: 2426, PSW: 8080 [M-------X-------], IntLine: [0000])
	[182] Clock interrupt number [36] has occurred
 OS 9 0 (PID: 1, PC: 247, Accumulator: 2426, PSW: 8080 [M-------X-------], IntLine: [0000])
[183] {0D 000 000} IRET 0 0 (PID: 1, PC: 35, Accumulator: 2426, PSW: 0080 [--------X-------], IntLine: [0000])
[184] {05 000 000} NOP 0 0 (PID: 1, PC: 36, Accumulator: 2426, PSW: 0080 [--------X-------], IntLine: [0000])
[185] {06 801 000} JUMP -1 0 (PID: 1, PC: 35, Accumulator: 2426, PSW: 0080 [--------X-------], IntLine: [0200])
[186] {0C 009 000} OS 9 0 (PID: 1, PC: 246, Accumulator: 2426, PSW: 8080 [M-------X-------], IntLine: [0000])
	[187] Clock interrupt number [37] has occurred
 OS 9 0 (PID: 1, PC: 247, Accumulator: 2426, PSW: 8080 [M-------X-------], IntLine: [0000])
[188] {0D 000 000} IRET 0 0 (PID: 1, PC: 35, Accumulator: 2426, PSW: 0080 [--------X-------], IntLine: [0000])
[189] {05 000 000} NOP 0 0 (PID: 1, PC: 36, Accumulator: 2426, PSW: 0080 [--------X-------], IntLine: [0000])
[190] {06 801 000} JUMP -1 0 (PID: 1, PC: 35, Accumulator: 2426, PSW: 0080 [--------X-------], IntLine: [0200])
[191] {0C 009 000} OS 9 0 (PID: 1, PC: 246, Accumulator: 2426, PSW: 8080 [M-------X-------], IntLine: [0000])
	[192] Clock interrupt number [38] has occurred
 OS 9 0 (PID: 1, PC: 247, Accumulator: 2426, PSW: 8080 [M-------X-------], IntLine: [0000])
[193] {0D 000 000} IRET 0 0 (PID: 1, PC: 35, Accumulator: 2426, PSW: 0080 [--------X-------], IntLine: [0000])
[194] {05 000 000} NOP 0 0 (PID: 1, PC: 36, Accumulator: 2426, PSW: 0080 [--------X-------], IntLine: [0000])
[195] {06 801 000} JUMP -1 0 (PID: 1, PC: 35, Accumulator: 2426, PSW: 0080 [--------X-------], IntLine: [0200])
[196] {0C 009 000} OS 9 0 (PID: 1, PC: 246, Accumulator: 2426, PSW: 8080 [M-------X-------], IntLine: [0000])
	[197] Clock interrupt number [39] has occurred
 OS 9 0 (PID: 1, PC: 247, Accumulator: 2426, PSW: 8080 [M-------X-------], IntLine: [0000])
[198] {0D 000 000} IRET 0 0 (PID: 1, PC: 35, Accumulator: 2426, PSW: 0080 [--------X-------], IntLine: [0000])
[199] {05 000 000} NOP 0 0 (PID: 1, PC: 36, Accumulator: 2426, PSW: 0080 [--------X-------], IntLine: [0000])
[200] {06 801 000} JUMP -1 0 (PID: 1, PC: 35, Accumulator: 2426, PSW: 0080 [--------X-------], IntLine: [0200])
[201] {0C 009 000} OS 9 0 (PID: 1, PC: 246, Accumulator: 2426, PSW: 8080 [M-------X-------], IntLine: [0000])
	[202] Clock interrupt number [40] has occurred
 OS 9 0 (PID: 1, PC: 247, Accumulator: 2426, PSW: 8080 [M-------X-------], IntLine: [0000])
[203] {0D 000 000} IRET 0 0 (PID: 1, PC: 35, Accumulator: 2426, PSW: 0080 [--------X-------], IntLine: [0000])
[204] {05 000 000} NOP 0 0 (PID: 1, PC: 36, Accumulator: 2426, PSW: 0080 [--------X-------], IntLine: [0000])
[205] {06 801 000} JUMP -1 0 (PID: 1, PC: 35, Accumulator: 2426, PSW: 0080 [--------X-------], IntLine: [0200])
[206] {0C 009 000} OS 9 0 (PID: 1, PC: 246, Accumulator: 2426, PSW: 8080 [M-------X-------], IntLine: [0000])
	[207] Clock interrupt number [41] has occurred
 OS 9 0 (PID: 1, PC: 247, Accumulator: 2426, PSW: 8080 [M-------X-------], IntLine: [0000])
[208] {0D 000 000} IRET 0 0 (PID: 1, PC: 35, Accumulator: 2426, PSW: 0080 [--------X-------], IntLine: [0000])
[209] {05 000 000} NOP 0 0 (PID: 1, PC: 36, Accumulator: 2426, PSW: 0080 [--------X-------], IntLine: [0000])
[210] {06 801 000} JUMP -1 0 (PID: 1, PC: 35, Accumulator: 2426, PSW: 0080 [--------X-------], IntLine: [0200])
[211] {0C 009 000} OS 9 0 (PID: 1, PC: 246, Accumulator: 2426, PSW: 8080 [M-------X-------], IntLine: [0000])
	[212] Clock interrupt number [42] has occurred
 OS 9 0 (PID: 1, PC: 247, Accumulator: 2426, PSW: 8080 [M-------X-------], IntLine: [0000])
[213] {0D 000 000} IRET 0 0 (PID: 1, PC: 35, Accumulator: 2426, PSW: 0080 [--------X-------], IntLine: [0000])
[214] {05 000 000} NOP 0 0 (PID: 1, PC: 36, Accumulator: 2426, PSW: 0080 [--------X-------], IntLine: [0000])
[215] {06 801 000} JUMP -1 0 (PID: 1, PC: 35, Accumulator: 2426, PSW: 0080 [--------X-------], IntLine: [0200])
[216] {0C 009 000} OS 9 0 (PID: 1, PC: 246, Accumulator: 2426, PSW: 8080 [M-------X-------], IntLine: [0000])
	[217] Clock interrupt number [43] has occurred
 OS 9 0 (PID: 1, PC: 247, Accumulator: 2426, PSW: 8080 [M-------X-------], IntLine: [0000])
[218] {0D 000 000} IRET 0 0 (PID: 1, PC: 35, Accumulator: 2426, PSW: 0080 [--------X-------], IntLine: [0000])
[219] {05 000 000} NOP 0 0 (PID: 1, PC: 36, Accumulator: 2426, PSW: 0080 [--------X-------], IntLine: [0000])
[220] {06 801 000} JUMP -1 0 (PID: 1, PC: 35, Accumulator: 2426, PSW: 0080 [--------X-------], IntLine: [0200])
[221] {0C 009 000} OS 9 0 (PID: 1, PC: 246, Accumulator: 2426, PSW: 8080 [M-------X-------], IntLine: [0000])
	[222] Clock interrupt number [44] has occurred
 OS 9 0 (PID: 1, PC: 247, Accumulator: 2426, PSW: 8080 [M-------X-------], IntLine: [0000])
[223] {0D 000 000} IRET 0 0 (PID: 1, PC: 35, Accumulator: 2426, PSW: 0080 [--------X-------], IntLine: [0000])
[224] {05 000 000} NOP 0 0 (PID: 1, PC: 36, Accumulator: 2426, PSW: 0080 [--------X-------], IntLine: [0000])
[225] {06 801 000} JUMP -1 0 (PID: 1, PC: 35, Accumulator: 2426, PSW: 0080 [--------X-------], IntLine: [0200])
[226] {0C 009 000} OS 9 0 (PID: 1, PC: 246, Accumulator: 2426, PSW: 8080 [M-------X-------], IntLine: [0000])
	[227] Clock interrupt number [45] has occurred
 OS 9 0 (PID: 1, PC: 247, Accumulator: 2426, PSW: 8080 [M-------X-------], IntLine: [0000])
[228] {0D 000 000} IRET 0 0 (PID: 1, PC: 35, Accumulator: 2426, PSW: 0080 [--------X-------], IntLine: [0000])
[229] {05 000 000} NOP 0 0 (PID: 1, PC: 36, Accumulator: 2426, PSW: 0080 [--------X-------], IntLine: [0000])
[230] {06 801 000} JUMP -1 0 (PID: 1, PC: 35, Accumulator: 2426, PSW: 0080 [--------X-------], IntLine: [0200])
[231] {0C 009 000} OS 9 0 (PID: 1, PC: 246, Accumulator: 2426, PSW: 8080 [M-------X-------], IntLine: [0000])
	[232] Clock interrupt number [46] has occurred
 OS 9 0 (PID: 1, PC: 247, Accumulator: 2426, PSW: 8080 [M-------X-------], IntLine: [0000])
[233] {0D 000 000} IRET 0 0 (PID: 1, PC: 35, Accumulator: 2426, PSW: 0080 [--------X-------], IntLine: [0000])
[234] {05 000 000} NOP 0 0 (PID: 1, PC: 36, Accumulator: 2426, PSW: 0080 [--------X-------], IntLine: [0000])
[235] {06 801 000} JUMP -1 0 (PID: 1, PC: 35, Accumulator: 2426, PSW: 0080 [--------X-------], IntLine: [0200])
[236] {0C 009 000} OS 9 0 (PID: 1, PC: 246, Accumulator: 2426, PSW: 8080 [M-------X-------], IntLine: [0000])
	[237] Clock interrupt number [47] has occurred
 OS 9 0 (PID: 1, PC: 247, Accumulator: 2426, PSW: 8080 [M-------X-------], IntLine: [0000])
[238] {0D 000 000} IRET 0 0 (PID: 1, PC: 35, Accumulator: 2426, PSW: 0080 [--------X-------], IntLine: [0000])
[239] {05 000 000} NOP 0 0 (PID: 1, PC: 36, Accumulator: 2426, PSW: 0080 [--------X-------], IntLine: [0000])
[240] {06 801 000} JUMP -1 0 (PID: 1, PC: 35, Accumulator: 2426, PSW: 0080 [--------X-------], IntLine: [0200])
[241] {0C 009 000} OS 9 0 (PID: 1, PC: 246, Accumulator: 2426, PSW: 8080 [M-------X-------], IntLine: [0000])
	[242] Clock interrupt number [48] has occurred
 OS 9 0 (PID: 1, PC: 247, Accumulator: 2426, PSW: 8080 [M-------X-------], IntLine: [0000])
[243] {0D 000 000} IRET 0 0 (PID: 1, PC: 35, Accumulator: 2426, PSW: 0080 [--------X-------], IntLine: [0000])
[244] {05 000 000} NOP 0 0 (PID: 1, PC: 36, Accumulator: 2426, PSW: 0080 [--------X-------], IntLine: [0000])
[245] {06 801 000} JUMP -1 0 (PID: 1, PC: 35, Accumulator: 2426, PSW: 0080 [--------X-------], IntLine: [0200])
[246] {0C 009 000} OS 9 0 (PID: 1, PC: 246, Accumulator: 2426, PSW: 8080 [M-------X-------], IntLine: [0000])
	[247] Clock interrupt number [49] has occurred
 OS 9 0 (PID: 1, PC: 247, Accumulator: 2426, PSW: 8080 [M-------X-------], IntLine: [0000])
[248] {0D 000 000} IRET 0 0 (PID: 1, PC: 35, Accumulator: 2426, PSW: 0080 [--------X-------], IntLine: [0000])
[249] {05 000 000} NOP 0 0 (PID: 1, PC: 36, Accumulator: 2426, PSW: 0080 [--------X-------], IntLine: [0000])
[250] {06 801 000} JUMP -1 0 (PID: 1, PC: 35, Accumulator: 2426, PSW: 0080 [--------X-------], IntLine: [0200])
[251] {0C 009 000} OS 9 0 (PID: 1, PC: 246, Accumulator: 2426, PSW: 8080 [M-------X-------], IntLine: [0000])
	[252] Clock interrupt number [50] has occurred
 OS 9 0 (PID: 1, PC: 247, Accumulator: 2426, PSW: 8080 [M-------X-------], IntLine: [0000])
[253] {0D 000 000} IRET 0 0 (PID: 1, PC: 35, Accumulator: 2426, PSW: 0080 [--------X-------], IntLine: [0000])
[254] {05 000 000} NOP 0 0 (PID: 1, PC: 36, Accumulator: 2426, PSW: 0080 [--------X-------], IntLine: [0000])
[255] {06 801 000} JUMP -1 0 (PID: 1, PC: 35, Accumulator: 2426, PSW: 0080 [--------X-------], IntLine: [0200])
[256] {0C 009 000} OS 9 0 (PID: 1, PC: 246, Accumulator: 2426, PSW: 8080 [M-------X-------], IntLine: [0000])
	[257] Clock interrupt number [51] has occurred
 OS 9 0 (PID: 1, PC: 247, Accumulator: 2426, PSW: 8080 [M-------X-------], IntLine: [0000])
[258] {0D 000 000} IRET 0 0 (PID: 1, PC: 35, Accumulator: 2426, PSW: 0080 [--------X-------], IntLine: [0000])
[259] {05 000 000} NOP 0 0 (PID: 1, PC: 36, Accumulator: 2426, PSW: 0080 [--------X-------], IntLine: [0000])
[260] {06 801 000} JUMP -1 0 (PID: 1, PC: 35, Accumulator: 2426, PSW: 0080 [--------X-------], IntLine: [0200])
[261] {0C 009 000} OS 9 0 (PID: 1, PC: 246, Accumulator: 2426, PSW: 8080 [M-------X-------], IntLine: [0000])
	[262] Clock interrupt number [52] has occurred
 OS 9 0 (PID: 1, PC: 247, Accumulator: 2426, PSW: 8080 [M-------X-------], IntLine: [0000])
[263] {0D 000 000} IRET 0 0 (PID: 1, PC: 35, Accumulator: 2426, PSW: 0080 [--------X-------], IntLine: [0000])
[264] {05 000 000} NOP 0 0 (PID: 1, PC: 36, Accumulator: 2426, PSW: 0080 [--------X-------], IntLine: [0000])
[265] {06 801 000} JUMP -1 0 (PID: 1, PC: 35, Accumulator: 2426, PSW: 0080 [--------X-------], IntLine: [0200])
[266] {0C 009 000} OS 9 0 (PID: 1, PC: 246, Accumulator: 2426, PSW: 8080 [M-------X-------], IntLine: [0000])
	[267] Clock interrupt number [53] has occurred
 OS 9 0 (PID: 1, PC: 247, Accumulator: 2426, PSW: 8080 [M-------X-------], IntLine: [0000])
[268] {0D 000 000} IRET 0 0 (PID: 1, PC: 35, Accumulator: 2426, PSW: 0080 [--------X-------], IntLine: [0000])
[269] {05 000 000} NOP 0 0 (PID: 1, PC: 36, Accumulator: 2426, PSW: 0080 [--------X-------], IntLine: [0000])
[270] {06 801 000} JUMP -1 0 (PID: 1, PC: 35, Accumulator: 2426, PSW: 0080 [--------X-------], IntLine: [0200])
[271] {0C 009 000} OS 9 0 (PID: 1, PC: 246, Accumulator: 2426, PSW: 8080 [M-------X-------], IntLine: [0000])
	[272] Clock interrupt number [54] has occurred
 OS 9 0 (PID: 1, PC: 247, Accumulator: 2426, PSW: 8080 [M-------X-------], IntLine: [0000])
[273] {0D 000 000} IRET 0 0 (PID: 1, PC: 35, Accumulator: 2426, PSW: 0080 [--------X-------], IntLine: [0000])
[274] {05 000 000} NOP 0 0 (PID: 1, PC: 36, Accumulator: 2426, PSW: 0080 [--------X-------], IntLine: [0000])
[275] {06 801 000} JUMP -1 0 (PID: 1, PC: 35, Accumulator: 2426, PSW: 0080 [--------X-------], IntLine: [0200])
[276] {0C 009 000} OS 9 0 (PID: 1, PC: 246, Accumulator: 2426, PSW: 8080 [M-------X-------], IntLine: [0000])
	[277] Clock interrupt number [55] has occurred
 OS 9 0 (PID: 1, PC: 247, Accumulator: 2426, PSW: 8080 [M-------X-------], IntLine: [0000])
[278] {0D 000 000} IRET 0 0 (PID: 1, PC: 35, Accumulator: 2426, PSW: 0080 [--------X-------], IntLine: [0000])
[279] {05 000 000} NOP 0 0 (PID: 1, PC: 36, Accumulator: 2426, PSW: 0080 [--------X-------], IntLine: [0000])
[280] {06 801 000} JUMP -1 0 (PID: 1, PC: 35, Accumulator: 2426, PSW: 0080 [--------X-------], IntLine: [0200])
[281] {0C 009 000} OS 9 0 (PID: 1, PC: 246, Accumulator: 2426, PSW: 8080 [M-------X-------], IntLine: [0000])
	[282] Clock interrupt number [56] has occurred
 OS 9 0 (PID: 1, PC: 247, Accumulator: 2426, PSW: 8080 [M-------X-------], IntLine: [0000])
[283] {0D 000 000} IRET 0 0 (PID: 1, PC: 35, Accumulator: 2426, PSW: 0080 [--------X-------], IntLine: [0000])
[284] {05 000 000} NOP 0 0 (PID: 1, PC: 36, Accumulator: 2426, PSW: 0080 [--------X-------], IntLine: [0000])
[285] {06 801 000} JUMP -1 0 (PID: 1, PC: 35, Accumulator: 2426, PSW: 0080 [--------X-------], IntLine: [0200])
[286] {0C 009 000} OS 9 0 (PID: 1, PC: 246, Accumulator: 2426, PSW: 8080 [M-------X-------], IntLine: [0000])
	[287] Clock interrupt number [57] has occurred
 OS 9 0 (PID: 1, PC: 247, Accumulator: 2426, PSW: 8080 [M-------X-------], IntLine: [0000])
[288] {0D 000 000} IRET 0 0 (PID: 1, PC: 35, Accumulator: 2426, PSW: 0080 [--------X-------], IntLine: [0000])
[289] {05 000 000} NOP 0 0 (PID: 1, PC: 36, Accumulator: 2426, PSW: 0080 [--------X-------], IntLine: [0000])
[290] {06 801 000} JUMP -1 0 (PID: 1, PC: 35, Accumulator: 2426, PSW: 0080 [--------X-------], IntLine: [0200])
[291] {0C 009 000} OS 9 0 (PID: 1, PC: 246, Accumulator: 2426, PSW: 8080 [M-------X-------], IntLine: [0000])
	[292] Clock interrupt number [58] has occurred
 OS 9 0 (PID: 1, PC: 247, Accumulator: 2426, PSW: 8080 [M-------X-------], IntLine: [0000])
[293] {0D 000 000} IRET 0 0 (PID: 1, PC: 35, Accumulator: 2426, PSW: 0080 [--------X-------], IntLine: [0000])
[294] {05 000 000} NOP 0 0 (PID: 1, PC: 36, Accumulator: 2426, PSW: 0080 [--------X-------], IntLine: [0000])
[295] {06 801 000} JUMP -1 0 (PID: 1, PC: 35, Accumulator: 2426, PSW: 0080 [--------X-------], IntLine: [0200])
[296] {0C 009 000} OS 9 0 (PID: 1, PC: 246, Accumulator: 2426, PSW: 8080 [M-------X-------], IntLine: [0000])
	[297] Clock interrupt number [59] has occurred
 OS 9 0 (PID: 1, PC: 247, Accumulator: 2426, PSW: 8080 [M-------X-------], IntLine: [0000])
[298] {0D 000 000} IRET 0 0 (PID: 1, PC: 35, Accumulator: 2426, PSW: 0080 [--------X-------], IntLine: [0000])
[299] {05 000 000} NOP 0 0 (PID: 1, PC: 36, Accumulator: 2426, PSW: 0080 [--------X-------], IntLine: [0000])
[300] {06 801 000} JUMP -1 0 (PID: 1, PC: 35, Accumulator: 2426, PSW: 0080 [--------X-------], IntLine: [0200])
[301] {0C 009 000} OS 9 0 (PID: 1, PC: 246, Accumulator: 2426, PSW: 8080 [M-------X-------], IntLine: [0000])
	[302] Clock interrupt number [60] has occurred
 OS 9 0 (PID: 1, PC: 247, Accumulator: 2426, PSW: 8080 [M-------X-------], IntLine: [0000])
[303] {0D 000 000} IRET 0 0 (PID: 1, PC: 35, Accumulator: 2426, PSW: 0080 [--------X-------], IntLine: [0000])
[304] {05 000 000} NOP 0 0 (PID: 1, PC: 36, Accumulator: 2426, PSW: 0080 [--------X-------], IntLine: [0000])
[305] {06 801 000} JUMP -1 0 (PID: 1, PC: 35, Accumulator: 2426, PSW: 0080 [--------X-------], IntLine: [0200])
[306] {0C 009 000} OS 9 0 (PID: 1, PC: 246, Accumulator: 2426, PSW: 8080 [M-------X-------], IntLine: [0000])
	[307] Clock interrupt number [61] has occurred
 OS 9 0 (PID: 1, PC: 247, Accumulator: 2426, PSW: 8080 [M-------X-------], IntLine: [0000])
[308] {0D 000 000} IRET 0 0 (PID: 1, PC: 35, Accumulator: 2426, PSW: 0080 [--------X-------], IntLine: [0000])
[309] {05 000 000} NOP 0 0 (PID: 1, PC: 36, Accumulator: 2426, PSW: 0080 [--------X-------], IntLine: [0000])
[310] {06 801 000} JUMP -1 0 (PID: 1, PC: 35, Accumulator: 2426, PSW: 0080 [--------X-------], IntLine: [0200])
[311] {0C 009 000} OS 9 0 (PID: 1, PC: 246, Accumulator: 2426, PSW: 8080 [M-------X-------], IntLine: [0000])
	[312] Clock interrupt number [62] has occurred
 OS 9 0 (PID: 1, PC: 247, Accumulator: 2426, PSW: 8080 [M-------X-------], IntLine: [0000])
[313] {0D 000 000} IRET 0 0 (PID: 1, PC: 35, Accumulator: 2426, PSW: 0080 [--------X-------], IntLine: [0000])
[314] {05 000 000} NOP 0 0 (PID: 1, PC: 36, Accumulator: 2426, PSW: 0080 [--------X-------], IntLine: [0000])
[315] {06 801 000} JUMP -1 0 (PID: 1, PC: 35, Accumulator: 2426, PSW: 0080 [--------X-------], IntLine: [0200])
[316] {0C 009 000} OS 9 0 (PID: 1, PC: 246, Accumulator: 2426, PSW: 8080 [M-------X-------], IntLine: [0000])
	[317] Clock interrupt number [63] has occurred
 OS 9 0 (PID: 1, PC: 247, Accumulator: 2426, PSW: 8080 [M-------X-------], IntLine: [0000])
[318] {0D 000 000} IRET 0 0 (PID: 1, PC: 35, Accumulator: 2426, PSW: 0080 [--------X-------], IntLine: [0000])
[319] {05 000 000} NOP 0 0 (PID: 1, PC: 36, Accumulator: 2426, PSW: 0080 [--------X-------], IntLine: [0000])
[320] {06 801 000} JUMP -1 0 (PID: 1, PC: 35, Accumulator: 2426, PSW: 0080 [--------X-------], IntLine: [0200])
[321] {0C 009 000} OS 9 0 (PID: 1, PC: 246, Accumulator: 2426, PSW: 8080 [M-------X-------], IntLine: [0000])
	[322] Clock interrupt number [64] has occurred
 OS 9 0 (PID: 1, PC: 247, Accumulator: 2426, PSW: 8080 [M-------X-------], IntLine: [0000])
[323] {0D 000 000} IRET 0 0 (PID: 1, PC: 35, Accumulator: 2426, PSW: 0080 [--------X-------], IntLine: [0000])
[324] {05 000 000} NOP 0 0 (PID: 1, PC: 36, Accumulator: 2426, PSW: 0080 [--------X-------], IntLine: [0000])
[325] {06 801 000} JUMP -1 0 (PID: 1, PC: 35, Accumulator: 2426, PSW: 0080 [--------X-------], IntLine: [0200])
[326] {0C 009 000} OS 9 0 (PID: 1, PC: 246, Accumulator: 2426, PSW: 8080 [M-------X-------], IntLine: [0000])
	[327] Clock interrupt number [65] has occurred
 OS 9 0 (PID: 1, PC: 247, Accumulator: 2426, PSW: 8080 [M-------X-------], IntLine: [0000])
[328] {0D 000 000} IRET 0 0 (PID: 1, PC: 35, Accumulator: 2426, PSW: 0080 [--------X-------], IntLine: [0000])
[329] {05 000 000} NOP 0 0 (PID: 1, PC: 36, Accumulator: 2426, PSW: 0080 [--------X-------], IntLine: [0000])
[330] {06 801 000} JUMP -1 0 (PID: 1, PC: 35, Accumulator: 2426, PSW: 0080 [--------X-------], IntLine: [0200])
[331] {0C 009 000} OS 9 0 (PID: 1, PC: 246, Accumulator: 2426, PSW: 8080 [M-------X-------], IntLine: [0000])
	[332] Clock interrupt number [66] has occurred
 OS 9 0 (PID: 1, PC: 247, Accumulator: 2426, PSW: 8080 [M-------X-------], IntLine: [0000])
[333] {0D 000 000} IRET 0 0 (PID: 1, PC: 35, Accumulator: 2426, PSW: 0080 [--------X-------], IntLine: [0000])
[334] {05 000 000} NOP 0 0 (PID: 1, PC: 36, Accumulator: 2426, PSW: 0080 [--------X-------], IntLine: [0000])
[335] {06 801 000} JUMP -1 0 (PID: 1, PC: 35, Accumulator: 2426, PSW: 0080 [--------X-------], IntLine: [0200])
[336] {0C 009 000} OS 9 0 (PID: 1, PC: 246, Accumulator: 2426, PSW: 8080 [M-------X-------], IntLine: [0000])
	[337] Clock interrupt number [67] has occurred
 OS 9 0 (PID: 1, PC: 247, Accumulator: 2426, PSW: 8080 [M-------X-------], IntLine: [0000])
[338] {0D 000 000} IRET 0 0 (PID: 1, PC: 35, Accumulator: 2426, PSW: 0080 [--------X-------], IntLine: [0000])
[339] {05 000 000} NOP 0 0 (PID: 1, PC: 36, Accumulator: 2426, PSW: 0080 [--------X-------], IntLine: [0000])
[340] {06 801 000} JUMP -1 0 (PID: 1, PC: 35, Accumulator: 2426, PSW: 0080 [--------X-------], IntLine: [0200])
[341] {0C 009 000} OS 9 0 (PID: 1, PC: 246, Accumulator: 2426, PSW: 8080 [M-------X-------], IntLine: [0000])
	[342] Clock interrupt number [68] has occurred
 OS 9 0 (PID: 1, PC: 247, Accumulator: 2426, PSW: 8080 [M-------X-------], IntLine: [0000])
[343] {0D 000 000} IRET 0 0 (PID: 1, PC: 35, Accumulator: 2426, PSW: 0080 [--------X-------], IntLine: [0000])
[344] {05 000 000} NOP 0 0 (PID: 1, PC: 36, Accumulator: 2426, PSW: 0080 [--------X-------], IntLine: [0000])
[345] {06 801 000} JUMP -1 0 (PID: 1, PC: 35, Accumulator: 2426, PSW: 0080 [--------X-------], IntLine: [0200])
[346] {0C 009 000} OS 9 0 (PID: 1, PC: 246, Accumulator: 2426, PSW: 8080 [M-------X-------], IntLine: [0000])
	[347] Clock interrupt number [69] has occurred
 OS 9 0 (PID: 1, PC: 247, Accumulator: 2426, PSW: 8080 [M-------X-------], IntLine: [0000])
[348] {0D 000 000} IRET 0 0 (PID: 1, PC: 35, Accumulator: 2426, PSW: 0080 [--------X-------], IntLine: [0000])
[349] {05 000 000} NOP 0 0 (PID: 1, PC: 36, Accumulator: 2426, PSW: 0080 [--------X-------], IntLine: [0000])
[350] {06 801 000} JUMP -1 0 (PID: 1, PC: 35, Accumulator: 2426, PSW: 0080 [--------X-------], IntLine: [0200])
[351] {0C 009 000} OS 9 0 (PID: 1, PC: 246, Accumulator: 2426, PSW: 8080 [M-------X-------], IntLine: [0000])
	[352] Clock interrupt number [70] has occurred
 OS 9 0 (PID: 1, PC: 247, Accumulator: 2426, PSW: 8080 [M-------X-------], IntLine: [0000])
[353] {0D 000 000} IRET 0 0 (PID: 1, PC: 35, Accumulator: 2426, PSW: 0080 [--------X-------], IntLine: [0000])
[354] {05 000 000} NOP 0 0 (PID: 1, PC: 36, Accumulator: 2426, PSW: 0080 [--------X-------], IntLine: [0000])
[355] {06 801 000} JUMP -1 0 (PID: 1, PC: 35, Accumulator: 2426, PSW: 0080 [--------X-------], IntLine: [0200])
[356] {0C 009 000} OS 9 0 (PID: 1, PC: 246, Accumulator: 2426, PSW: 8080 [M-------X-------], IntLine: [0000])
	[357] Clock interrupt number [71] has occurred
 OS 9 0 (PID: 1, PC: 247, Accumulator: 2426, PSW: 8080 [M-------X-------], IntLine: [0000])
[358] {0D 000 000} IRET 0 0 (PID: 1, PC: 35, Accumulator: 2426, PSW: 0080 [--------X-------], IntLine: [0000])
[359] {05 000 000} NOP 0 0 (PID: 1, PC: 36, Accumulator: 2426, PSW: 0080 [--------X-------], IntLine: [0000])
[360] {06 801 000} JUMP -1 0 (PID: 1, PC: 35, Accumulator: 2426, PSW: 0080 [--------X-------], IntLine: [0200])
[361] {0C 009 000} OS 9 0 (PID: 1, PC: 246, Accumulator: 2426, PSW: 8080 [M-------X-------], IntLine: [0000])
	[362] Clock interrupt number [72] has occurred
 OS 9 0 (PID: 1, PC: 247, Accumulator: 2426, PSW: 8080 [M-------X-------], IntLine: [0000])
[363] {0D 000 000} IRET 0 0 (PID: 1, PC: 35, Accumulator: 2426, PSW: 0080 [--------X-------], IntLine: [0000])
[364] {05 000 000} NOP 0 0 (PID: 1, PC: 36, Accumulator: 2426, PSW: 0080 [--------X-------], IntLine: [0000])
[365] {06 801 000} JUMP -1 0 (PID: 1, PC: 35, Accumulator: 2426, PSW: 0080 [--------X-------], IntLine: [0200])
[366] {0C 009 000} OS 9 0 (PID: 1, PC: 246, Accumulator: 2426, PSW: 8080 [M-------X-------], IntLine: [0000])
	[367] Clock interrupt number [73] has occurred
 OS 9 0 (PID: 1, PC: 247, Accumulator: 2426, PSW: 8080 [M-------X-------], IntLine: [0000])
[368] {0D 000 000} IRET 0 0 (PID: 1, PC: 35, Accumulator: 2426, PSW: 0080 [--------X-------], IntLine: [0000])
[369] {05 000 000} NOP 0 0 (PID: 1, PC: 36, Accumulator: 2426, PSW: 0080 [--------X-------], IntLine: [0000])
[370] {06 801 000} JUMP -1 0 (PID: 1, PC: 35, Accumulator: 2426, PSW: 0080 [--------X-------], IntLine: [0200])
[371] {0C 009 000} OS 9 0 (PID: 1, PC: 246, Accumulator: 2426, PSW: 8080 [M-------X-------], IntLine: [0000])
	[372] Clock interrupt number [74] has occurred
 OS 9 0 (PID: 1, PC: 247, Accumulator: 2426, PSW: 8080 [M-------X-------], IntLine: [0000])
[373] {0D 000 000} IRET 0 0 (PID: 1, PC: 35, Accumulator: 2426, PSW: 0080 [--------X-------], IntLine: [0000])
[374] {05 000 000} NOP 0 0 (PID: 1, PC: 36, Accumulator: 2426, PSW: 0080 [--------X-------], IntLine: [0000])
[375] {06 801 000} JUMP -1 0 (PID: 1, PC: 35, Accumulator: 2426, PSW: 0080 [--------X-------], IntLine: [0200])
[376] {0C 009 000} OS 9 0 (PID: 1, PC: 246, Accumulator: 2426, PSW: 8080 [M-------X-------], IntLine: [0000])
	[377] Clock interrupt number [75] has occurred
 OS 9 0 (PID: 1, PC: 247, Accumulator: 2426, PSW: 8080 [M-------X-------], IntLine: [0000])
[378] {0D 000 000} IRET 0 0 (PID: 1, PC: 35, Accumulator: 2426, PSW: 0080 [--------X-------], IntLine: [0000])
[379] {05 000 000} NOP 0 0 (PID: 1, PC: 36, Accumulator: 2426, PSW: 0080 [--------X-------], IntLine: [0000])
[380] {06 801 000} JUMP -1 0 (PID: 1, PC: 35, Accumulator: 2426, PSW: 0080 [--------X-------], IntLine: [0200])
[381] {0C 009 000} OS 9 0 (PID: 1, PC: 246, Accumulator: 2426, PSW: 8080 [M-------X-------], IntLine: [0000])
	[382] Clock interrupt number [76] has occurred
 OS 9 0 (PID: 1, PC: 247, Accumulator: 2426, PSW: 8080 [M-------X-------], IntLine: [0000])
[383] {0D 000 000} IRET 0 0 (PID: 1, PC: 35, Accumulator: 2426, PSW: 0080 [--------X-------], IntLine: [0000])
[384] {05 000 000} NOP 0 0 (PID: 1, PC: 36, Accumulator: 2426, PSW: 0080 [--------X-------], IntLine: [0000])
[385] {06 801 000} JUMP -1 0 (PID: 1, PC: 35, Accumulator: 2426, PSW: 0080 [--------X-------], IntLine: [0200])
[386] {0C 009 000} OS 9 0 (PID: 1, PC: 246, Accumulator: 2426, PSW: 8080 [M-------X-------], IntLine: [0000])
	[387] Clock interrupt number [77] has occurred
 OS 9 0 (PID: 1, PC: 247, Accumulator: 2426, PSW: 8080 [M-------X-------], IntLine: [0000])
[388] {0D 000 000} IRET 0 0 (PID: 1, PC: 35, Accumulator: 2426, PSW: 0080 [--------X-------], IntLine: [0000])
[389] {05 000 000} NOP 0 0 (PID: 1, PC: 36, Accumulator: 2426, PSW: 0080 [--------X-------], IntLine: [0000])
[390] {06 801 000} JUMP -1 0 (PID: 1, PC: 35, Accumulator: 2426, PSW: 0080 [--------X-------], IntLine: [0200])
[391] {0C 009 000} OS 9 0 (PID: 1, PC: 246, Accumulator: 2426, PSW: 8080 [M-------X-------], IntLine: [0000])
	[392] Clock interrupt number [78] has occurred
 OS 9 0 (PID: 1, PC: 247, Accumulator: 2426, PSW: 8080 [M-------X-------], IntLine: [0000])
[393] {0D 000 000} IRET 0 0 (PID: 1, PC: 35, Accumulator: 2426, PSW: 0080 [--------X-------], IntLine: [0000])
[394] {05 000 000} NOP 0 0 (PID: 1, PC: 36, Accumulator: 2426, PSW: 0080 [--------X-------], IntLine: [0000])
[395] {06 801 000} JUMP -1 0 (PID: 1, PC: 35, Accumulator: 2426, PSW: 0080 [--------X-------], IntLine: [0200])
[396] {0C 009 000} OS 9 0 (PID: 1, PC: 246, Accumulator: 2426, PSW: 8080 [M-------X-------], IntLine: [0000])
	[397] Clock interrupt number [79] has occurred
 OS 9 0 (PID: 1, PC: 247, Accumulator: 2426, PSW: 8080 [M-------X-------], IntLine: [0000])
[398] {0D 000 000} IRET 0 0 (PID: 1, PC: 35, Accumulator: 2426, PSW: 0080 [--------X-------], IntLine: [0000])
[399] {05 000 000} NOP 0 0 (PID: 1, PC: 36, Accumulator: 2426, PSW: 0080 [--------X-------], IntLine: [0000])
[400] {06 801 000} JUMP -1 0 (PID: 1, PC: 35, Accumulator: 2426, PSW: 0080 [--------X-------], IntLine: [0200])
[401] {0C 009 000} OS 9 0 (PID: 1, PC: 246, Accumulator: 2426, PSW: 8080 [M-------X-------], IntLine: [0000])
	[402] Clock interrupt number [80] has occurred
 OS 9 0 (PID: 1, PC: 247, Accumulator: 2426, PSW: 8080 [M-------X-------], IntLine: [0000])
[403] {0D 000 000} IRET 0 0 (PID: 1, PC: 35, Accumulator: 2426, PSW: 0080 [--------X-------], IntLine: [0000])
[404] {05 000 000} NOP 0 0 (PID: 1, PC: 36, Accumulator: 2426, PSW: 0080 [--------X-------], IntLine: [0000])
[405] {06 801 000} JUMP -1 0 (PID: 1, PC: 35, Accumulator: 2426, PSW: 0080 [--------X-------], IntLine: [0200])
[406] {0C 009 000} OS 9 0 (PID: 1, PC: 246, Accumulator: 2426, PSW: 8080 [M-------X-------], IntLine: [0000])
	[407] Clock interrupt number [81] has occurred
 OS 9 0 (PID: 1, PC: 247, Accumulator: 2426, PSW: 8080 [M-------X-------], IntLine: [0000])
[408] {0D 000 000} IRET 0 0 (PID: 1, PC: 35, Accumulator: 2426, PSW: 0080 [--------X-------], IntLine: [0000])
[409] {05 000 000} NOP 0 0 (PID: 1, PC: 36, Accumulator: 2426, PSW: 0080 [--------X-------], IntLine: [0000])
[410] {06 801 000} JUMP -1 0 (PID: 1, PC: 35, Accumulator: 2426, PSW: 0080 [--------X-------], IntLine: [0200])
[411] {0C 009 000} OS 9 0 (PID: 1, PC: 246, Accumulator: 2426, PSW: 8080 [M-------X-------], IntLine: [0000])
	[412] Clock interrupt number [82] has occurred
 OS 9 0 (PID: 1, PC: 247, Accumulator: 2426, PSW: 8080 [M-------X-------], IntLine: [0000])
[413] {0D 000 000} IRET 0 0 (PID: 1, PC: 35, Accumulator: 2426, PSW: 0080 [--------X-------], IntLine: [0000])
[414] {05 000 000} NOP 0 0 (PID: 1, PC: 36, Accumulator: 2426, PSW: 0080 [--------X-------], IntLine: [0000])
[415] {06 801 000} JUMP -1 0 (PID: 1, PC: 35, Accumulator: 2426, PSW: 0080 [--------X-------], IntLine: [0200])
[416] {0C 009 000} OS 9 0 (PID: 1, PC: 246, Accumulator: 2426, PSW: 8080 [M-------X-------], IntLine: [0000])
	[417] Clock interrupt number [83] has occurred
 OS 9 0 (PID: 1, PC: 247, Accumulator: 2426, PSW: 8080 [M-------X-------], IntLine: [0000])
[418] {0D 000 000} IRET 0 0 (PID: 1, PC: 35, Accumulator: 2426, PSW: 0080 [--------X-------], IntLine: [0000])
[419] {05 000 000} NOP 0 0 (PID: 1, PC: 36, Accumulator: 2426, PSW: 0080 [--------X-------], IntLine: [0000])
[420] {06 801 000} JUMP -1 0 (PID: 1, PC: 35, Accumulator: 2426, PSW: 0080 [--------X-------], IntLine: [0200])
[421] {0C 009 000} OS 9 0 (PID: 1, PC: 246, Accumulator: 2426, PSW: 8080 [M-------X-------], IntLine: [0000])
	[422] Clock interrupt number [84] has occurred
 OS 9 0 (PID: 1, PC: 247, Accumulator: 2426, PSW: 8080 [M-------X-------], IntLine: [0000])
[423] {0D 000 000} IRET 0 0 (PID: 1, PC: 35, Accumulator: 2426, PSW: 0080 [--------X-------], IntLine: [0000])
[424] {05 000 000} NOP 0 0 (PID: 1, PC: 36, Accumulator: 2426, PSW: 0080 [--------X-------], IntLine: [0000])
[425] {06 801 000} JUMP -1 0 (PID: 1, PC: 35, Accumulator: 2426, PSW: 0080 [--------X-------], IntLine: [0200])
[426] {0C 009 000} OS 9 0 (PID: 1, PC: 246, Accumulator: 2426, PSW: 8080 [M-------X-------], IntLine: [0000])
	[427] Clock interrupt number [85] has occurred
 OS 9 0 (PID: 1, PC: 247, Accumulator: 2426, PSW: 8080 [M-------X-------], IntLine: [0000])
[428] {0D 000 000} IRET 0 0 (PID: 1, PC: 35, Accumulator: 2426, PSW: 0080 [--------X-------], IntLine: [0000])
[429] {05 000 000} NOP 0 0 (PID: 1, PC: 36, Accumulator: 2426, PSW: 0080 [--------X-------], IntLine: [0000])
[430] {06 801 000} JUMP -1 0 (PID: 1, PC: 35, Accumulator: 2426, PSW: 0080 [--------X-------], IntLine: [0200])
[431] {0C 009 000} OS 9 0 (PID: 1, PC: 246, Accumulator: 2426, PSW: 8080 [M-------X-------], IntLine: [0000])
	[432] Clock interrupt number [86] has occurred
 OS 9 0 (PID: 1, PC: 247, Accumulator: 2426, PSW: 8080 [M-------X-------], IntLine: [0000])
[433] {0D 000 000} IRET 0 0 (PID: 1, PC: 35, Accumulator: 2426, PSW: 0080 [--------X-------], IntLine: [0000])
[434] {05 000 000} NOP 0 0 (PID: 1, PC: 36, Accumulator: 2426, PSW: 0080 [--------X-------], IntLine: [0000])
[435] {06 801 000} JUMP -1 0 (PID: 1, PC: 35, Accumulator: 2426, PSW: 0080 [--------X-------], IntLine: [0200])
[436] {0C 009 000} OS 9 0 (PID: 1, PC: 246, Accumulator: 2426, PSW: 8080 [M-------X-------], IntLine: [0000])
	[437] Clock interrupt number [87] has occurred
 OS 9 0 (PID: 1, PC: 247, Accumulator: 2426, PSW: 8080 [M-------X-------], IntLine: [0000])
[438] {0D 000 000} IRET 0 0 (PID: 1, PC: 35, Accumulator: 2426, PSW: 0080 [--------X-------], IntLine: [0000])
[439] {05 000 000} NOP 0 0 (PID: 1, PC: 36, Accumulator: 2426, PSW: 0080 [--------X-------], IntLine: [0000])
[440] {06 801 000} JUMP -1 0 (PID: 1, PC: 35, Accumulator: 2426, PSW: 0080 [--------X-------], IntLine: [0200])
[441] {0C 009 000} OS 9 0 (PID: 1, PC: 246, Accumulator: 2426, PSW: 8080 [M-------X-------], IntLine: [0000])
	[442] Clock interrupt number [88] has occurred
 OS 9 0 (PID: 1, PC: 247, Accumulator: 2426, PSW: 8080 [M-------X-------], IntLine: [0000])
[443] {0D 000 000} IRET 0 0 (PID: 1, PC: 35, Accumulator: 2426, PSW: 0080 [--------X-------], IntLine: [0000])
[444] {05 000 000} NOP 0 0 (PID: 1, PC: 36, Accumulator: 2426, PSW: 0080 [--------X-------], IntLine: [0000])
[445] {06 801 000} JUMP -1 0 (PID: 1, PC: 35, Accumulator: 2426, PSW: 0080 [--------X-------], IntLine: [0200])
[446] {0C 009 000} OS 9 0 (PID: 1, PC: 246, Accumulator: 2426, PSW: 8080 [M-------X-------], IntLine: [0000])
	[447] Clock interrupt number [89] has occurred
 OS 9 0 (PID: 1, PC: 247, Accumulator: 2426, PSW: 8080 [M-------X-------], IntLine: [0000])
[448] {0D 000 000} IRET 0 0 (PID: 1, PC: 35, Accumulator: 2426, PSW: 0080 [--------X-------], IntLine: [0000])
[449] {05 000 000} NOP 0 0 (PID: 1, PC: 36, Accumulator: 2426, PSW: 0080 [--------X-------], IntLine: [0000])
[450] {06 801 000} JUMP -1 0 (PID: 1, PC: 35, Accumulator: 2426, PSW: 0080 [--------X-------], IntLine: [0200])
[451] {0C 009 000} OS 9 0 (PID: 1, PC: 246, Accumulator: 2426, PSW: 8080 [M-------X-------], IntLine: [0000])
	[452] Clock interrupt number [90] has occurred
 OS 9 0 (PID: 1, PC: 247, Accumulator: 2426, PSW: 8080 [M-------X-------], IntLine: [0000])
[453] {0D 000 000} IRET 0 0 (PID: 1, PC: 35, Accumulator: 2426, PSW: 0080 [--------X-------], IntLine: [0000])
[454] {05 000 000} NOP 0 0 (PID: 1, PC: 36, Accumulator: 2426, PSW: 0080 [--------X-------], IntLine: [0000])
[455] {06 801 000} JUMP -1 0 (PID: 1, PC: 35, Accumulator: 2426, PSW: 0080 [--------X-------], IntLine: [0200])
[456] {0C 009 000} OS 9 0 (PID: 1, PC: 246, Accumulator: 2426, PSW: 8080 [M-------X-------], IntLine: [0000])
	[457] Clock interrupt number [91] has occurred
 OS 9 0 (PID: 1, PC: 247, Accumulator: 2426, PSW: 8080 [M-------X-------], IntLine: [0000])
[458] {0D 000 000} IRET 0 0 (PID: 1, PC: 35, Accumulator: 2426, PSW: 0080 [--------X-------], IntLine: [0000])
[459] {05 000 000} NOP 0 0 (PID: 1, PC: 36, Accumulator: 2426, PSW: 0080 [--------X-------], IntLine: [0000])
[460] {06 801 000} JUMP -1 0 (PID: 1, PC: 35, Accumulator: 2426, PSW: 0080 [--------X-------], IntLine: [0200])
[461] {0C 009 000} OS 9 0 (PID: 1, PC: 246, Accumulator: 2426, PSW: 8080 [M-------X-------], IntLine: [0000])
	[462] Clock interrupt number [92] has occurred
 OS 9 0 (PID: 1, PC: 247, Accumulator: 2426, PSW: 8080 [M-------X-------], IntLine: [0000])
[463] {0D 000 000} IRET 0 0 (PID: 1, PC: 35, Accumulator: 2426, PSW: 0080 [--------X-------], IntLine: [0000])
[464] {05 000 000} NOP 0 0 (PID: 1, PC: 36, Accumulator: 2426, PSW: 0080 [--------X-------], IntLine: [0000])
[465] {06 801 000} JUMP -1 0 (PID: 1, PC: 35, Accumulator: 2426, PSW: 0080 [--------X-------], IntLine: [0200])
[466] {0C 009 000} OS 9 0 (PID: 1, PC: 246, Accumulator: 2426, PSW: 8080 [M-------X-------], IntLine: [0000])
	[467] Clock interrupt number [93] has occurred
 OS 9 0 (PID: 1, PC: 247, Accumulator: 2426, PSW: 8080 [M-------X-------], IntLine: [0000])
[468] {0D 000 000} IRET 0 0 (PID: 1, PC: 35, Accumulator: 2426, PSW: 0080 [--------X-------], IntLine: [0000])
[469] {05 000 000} NOP 0 0 (PID: 1, PC: 36, Accumulator: 2426, PSW: 0080 [--------X-------], IntLine: [0000])
[470] {06 801 000} JUMP -1 0 (PID: 1, PC: 35, Accumulator: 2426, PSW: 0080 [--------X-------], IntLine: [0200])
[471] {0C 009 000} OS 9 0 (PID: 1, PC: 246, Accumulator: 2426, PSW: 8080 [M-------X-------], IntLine: [0000])
	[472] Clock interrupt number [94] has occurred
 OS 9 0 (PID: 1, PC: 247, Accumulator: 2426, PSW: 8080 [M-------X-------], IntLine: [0000])
[473] {0D 000 000} IRET 0 0 (PID: 1, PC: 35, Accumulator: 2426, PSW: 0080 [--------X-------], IntLine: [0000])
[474] {05 000 000} NOP 0 0 (PID: 1, PC: 36, Accumulator: 2426, PSW: 0080 [--------X-------], IntLine: [0000])
[475] {06 801 000} JUMP -1 0 (PID: 1, PC: 35, Accumulator: 2426, PSW: 0080 [--------X-------], IntLine: [0200])
[476] {0C 009 000} OS 9 0 (PID: 1, PC: 246, Accumulator: 2426, PSW: 8080 [M-------X-------], IntLine: [0000])
	[477] Clock interrupt number [95] has occurred
 OS 9 0 (PID: 1, PC: 247, Accumulator: 2426, PSW: 8080 [M-------X-------], IntLine: [0000])
[478] {0D 000 000} IRET 0 0 (PID: 1, PC: 35, Accumulator: 2426, PSW: 0080 [--------X-------], IntLine: [0000])
[479] {05 000 000} NOP 0 0 (PID: 1, PC: 36, Accumulator: 2426, PSW: 0080 [--------X-------], IntLine: [0000])
[480] {06 801 000} JUMP -1 0 (PID: 1, PC: 35, Accumulator: 2426, PSW: 0080 [--------X-------], IntLine: [0200])
[481] {0C 009 000} OS 9 0 (PID: 1, PC: 246, Accumulator: 2426, PSW: 8080 [M-------X-------], IntLine: [0000])
	[482] Clock interrupt number [96] has occurred
 OS 9 0 (PID: 1, PC: 247, Accumulator: 2426, PSW: 8080 [M-------X-------], IntLine: [0000])
[483] {0D 000 000} IRET 0 0 (PID: 1, PC: 35, Accumulator: 2426, PSW: 0080 [--------X-------], IntLine: [0000])
[484] {05 000 000} NOP 0 0 (PID: 1, PC: 36, Accumulator: 2426, PSW: 0080 [--------X-------], IntLine: [0000])
[485] {06 801 000} JUMP -1 0 (PID: 1, PC: 35, Accumulator: 2426, PSW: 0080 [--------X-------], IntLine: [0200])
[486] {0C 009 000} OS 9 0 (PID: 1, PC: 246, Accumulator: 2426, PSW: 8080 [M-------X-------], IntLine: [0000])
	[487] Clock interrupt number [97] has occurred
 OS 9 0 (PID: 1, PC: 247, Accumulator: 2426, PSW: 8080 [M-------X-------], IntLine: [0000])
[488] {0D 000 000} IRET 0 0 (PID: 1, PC: 35, Accumulator: 2426, PSW: 0080 [--------X-------], IntLine: [0000])
[489] {05 000 000} NOP 0 0 (PID: 1, PC: 36, Accumulator: 2426, PSW: 0080 [--------X-------], IntLine: [0000])
[490] {06 801 000} JUMP -1 0 (PID: 1, PC: 35, Accumulator: 2426, PSW: 0080 [--------X-------], IntLine: [0200])
[491] {0C 009 000} OS 9 0 (PID: 1, PC: 246, Accumulator: 2426, PSW: 8080 [M-------X-------], IntLine: [0000])
	[492] Clock interrupt number [98] has occurred
 OS 9 0 (PID: 1, PC: 247, Accumulator: 2426, PSW: 8080 [M-------X-------], IntLine: [0000])
[493] {0D 000 000} IRET 0 0 (PID: 1, PC: 35, Accumulator: 2426, PSW: 0080 [--------X-------], IntLine: [0000])
[494] {05 000 000} NOP 0 0 (PID: 1, PC: 36, Accumulator: 2426, PSW: 0080 [--------X-------], IntLine: [0000])
[495] {06 801 000} JUMP -1 0 (PID: 1, PC: 35, Accumulator: 2426, PSW: 0080 [--------X-------], IntLine: [0200])
[496] {0C 009 000} OS 9 0 (PID: 1, PC: 246, Accumulator: 2426, PSW: 8080 [M-------X-------], IntLine: [0000])
	[497] Clock interrupt number [99] has occurred
 OS 9 0 (PID: 1, PC: 247, Accumulator: 2426, PSW: 8080 [M-------X-------], IntLine: [0000])
[498] {0D 000 000} IRET 0 0 (PID: 1, PC: 35, Accumulator: 2426, PSW: 0080 [--------X-------], IntLine: [0000])
[499] {05 000 000} NOP 0 0 (PID: 1, PC: 36, Accumulator: 2426, PSW: 0080 [--------X-------], IntLine: [0000])
[500] {06 801 000} JUMP -1 0 (PID: 1, PC: 35, Accumulator: 2426, PSW: 0080 [--------X-------], IntLine: [0200])
[501] {0C 009 000} OS 9 0 (PID: 1, PC: 246, Accumulator: 2426, PSW: 8080 [M-------X-------], IntLine: [0000])
	[502] Clock interrupt number [100] has occurred
 OS 9 0 (PID: 1, PC: 247, Accumulator: 2426, PSW: 8080 [M-------X-------], IntLine: [0000])
[503] {0D 000 000} IRET 0 0 (PID: 1, PC: 35, Accumulator: 2426, PSW: 0080 [--------X-------], IntLine: [0000])
[504] {05 000 000} NOP 0 0 (PID: 1, PC: 36, Accumulator: 2426, PSW: 0080 [--------X-------], IntLine: [0000])
[505] {06 801 000} JUMP -1 0 (PID: 1, PC: 35, Accumulator: 2426, PSW: 0080 [--------X-------], IntLine: [0200])
[506] {0C 009 000} OS 9 0 (PID: 1, PC: 246, Accumulator: 2426, PSW: 8080 [M-------X-------], IntLine: [0000])
	[507] Clock interrupt number [101] has occurred
 OS 9 0 (PID: 1, PC: 247, Accumulator: 2426, PSW: 8080 [M-------X-------], IntLine: [0000])
[508] {0D 000 000} IRET 0 0 (PID: 1, PC: 35, Accumulator: 2426, PSW: 0080 [--------X-------], IntLine: [0000])
