48 messages loaded from file messagesTCH.txt
4 messages loaded from file messagesSTD.txt
0 Asserts Loaded
[0] STARTING simulation
 [0] User programs list:
  	 Program [programV2-1a] with arrival time [0] 
 	 Program [programV2-1b] with arrival time [0] 
 	 Program [programV2-1c] with arrival time [0] 
 	 Program [programV2-1d] with arrival time [0] 
	[0] Arrival Time Queue:
		[SystemIdleProcess, 0, DAEMON-PROGRAM]
		[programV2-1a, 0, USER-PROGRAM]
		[programV2-1b, 0, USER-PROGRAM]
		[programV2-1c, 0, USER-PROGRAM]
		[programV2-1d, 0, USER-PROGRAM]
	[0] Process [5] created into the [NEW] state, from program [SystemIdleProcess]
	[0] Process [5 - SystemIdleProcess] moving from the [NEW] state to the [READY] state
	[0] Process [0] created into the [NEW] state, from program [programV2-1a]
	[0] Process [0 - programV2-1a] moving from the [NEW] state to the [READY] state
	[0] Process [1] created into the [NEW] state, from program [programV2-1b]
	[0] Process [1 - programV2-1b] moving from the [NEW] state to the [READY] state
	[0] Process [2] created into the [NEW] state, from program [programV2-1c]
	[0] Process [2 - programV2-1c] moving from the [NEW] state to the [READY] state
	[0] Process [3] created into the [NEW] state, from program [programV2-1d]
	[0] Process [3 - programV2-1d] moving from the [NEW] state to the [READY] state
	[0] Running Process Information:
		[--- No running process ---]
	[0]  Ready-to-run processes queue: 
 	[0]  	 HIGHPRIOUSER: 
 [2,33], [3,33]
	[0]  	 LOWPRIOUSER: 
 [0,33], [1,33]
	[0]  	 DAEMONS: 
 [5,100]
	[0] PID association with program's name:
		PID: 0 -> programV2-1a
		PID: 1 -> programV2-1b
		PID: 2 -> programV2-1c
		PID: 3 -> programV2-1d
		PID: 5 -> SystemIdleProcess
	[0] Process [2 - programV2-1c] moving from the [READY] state to the [EXECUTING] state
	[0] Running Process Information:
		[PID: 2, Priority: 33, Queue: HIGHPRIOUSER]
	[0]  Ready-to-run processes queue: 
 	[0]  	 HIGHPRIOUSER: 
 [3,33]
	[0]  	 LOWPRIOUSER: 
 [0,33], [1,33]
	[0]  	 DAEMONS: 
 [5,100]
	[0] PID association with program's name:
		PID: 0 -> programV2-1a
		PID: 1 -> programV2-1b
		PID: 2 -> programV2-1c
		PID: 3 -> programV2-1d
		PID: 5 -> SystemIdleProcess
[1] {0D 000 000} IRET 0 0 (PID: 2, PC: 0, Accumulator: 0, PSW: 0002 [--------------Z-], IntLine: [0000])
[2] {01 802 802} ADD -2 -2 (PID: 2, PC: 1, Accumulator: -4, PSW: 0004 [-------------N--], IntLine: [0000])
[3] {0A 001 000} INC 1 0 (PID: 2, PC: 2, Accumulator: -3, PSW: 0004 [-------------N--], IntLine: [0000])
[4] {04 004 000} TRAP 4 0 (PID: 2, PC: 3, Accumulator: -3, PSW: 0004 [-------------N--], IntLine: [0004])
[5] {0C 002 000} OS 2 0 (PID: 2, PC: 242, Accumulator: -3, PSW: 8084 [M-------X----N--], IntLine: [0200])
	[6] Process [2 - programV2-1c] will transfer the control of the processor to process [3 - programV2-1d]
	[6] Process [2 - programV2-1c] moving from the [EXECUTING] state to the [READY] state
	[6] Process [3 - programV2-1d] moving from the [READY] state to the [EXECUTING] state
	[6] Process [3 - programV2-1d] cannot transfer the control of the processor to any process
 OS 2 0 (PID: 3, PC: 243, Accumulator: 0, PSW: 8082 [M-------X-----Z-], IntLine: [0200])
[7] {0D 000 000} IRET 0 0 (PID: 3, PC: 0, Accumulator: 0, PSW: 0002 [--------------Z-], IntLine: [0200])
[8] {0C 009 000} OS 9 0 (PID: 3, PC: 246, Accumulator: 0, PSW: 8082 [M-------X-----Z-], IntLine: [0000])
	[9] Clock interrupt number [1] has occurred
 OS 9 0 (PID: 3, PC: 247, Accumulator: 0, PSW: 8082 [M-------X-----Z-], IntLine: [0000])
[10] {0D 000 000} IRET 0 0 (PID: 3, PC: 0, Accumulator: 0, PSW: 0002 [--------------Z-], IntLine: [0200])
[11] {0C 009 000} OS 9 0 (PID: 3, PC: 246, Accumulator: 0, PSW: 8082 [M-------X-----Z-], IntLine: [0000])
	[12] Clock interrupt number [2] has occurred
 OS 9 0 (PID: 3, PC: 247, Accumulator: 0, PSW: 8082 [M-------X-----Z-], IntLine: [0000])
[13] {0D 000 000} IRET 0 0 (PID: 3, PC: 0, Accumulator: 0, PSW: 0002 [--------------Z-], IntLine: [0000])
[14] {01 002 002} ADD 2 2 (PID: 3, PC: 1, Accumulator: 4, PSW: 0000 [----------------], IntLine: [0000])
[15] {0A 801 000} INC -1 0 (PID: 3, PC: 2, Accumulator: 3, PSW: 0000 [----------------], IntLine: [0200])
[16] {0C 009 000} OS 9 0 (PID: 3, PC: 246, Accumulator: 3, PSW: 8080 [M-------X-------], IntLine: [0000])
	[17] Clock interrupt number [3] has occurred
 OS 9 0 (PID: 3, PC: 247, Accumulator: 3, PSW: 8080 [M-------X-------], IntLine: [0000])
[18] {0D 000 000} IRET 0 0 (PID: 3, PC: 2, Accumulator: 3, PSW: 0000 [----------------], IntLine: [0000])
[19] {04 004 000} TRAP 4 0 (PID: 3, PC: 3, Accumulator: 3, PSW: 0000 [----------------], IntLine: [0004])
[20] {0C 002 000} OS 2 0 (PID: 3, PC: 242, Accumulator: 3, PSW: 8080 [M-------X-------], IntLine: [0200])
	[21] Process [3 - programV2-1d] will transfer the control of the processor to process [2 - programV2-1c]
	[21] Process [3 - programV2-1d] moving from the [EXECUTING] state to the [READY] state
	[21] Process [2 - programV2-1c] moving from the [READY] state to the [EXECUTING] state
	[21] Process [2 - programV2-1c] cannot transfer the control of the processor to any process
 OS 2 0 (PID: 2, PC: 243, Accumulator: -3, PSW: 8084 [M-------X----N--], IntLine: [0200])
[22] {0D 000 000} IRET 0 0 (PID: 2, PC: 3, Accumulator: -3, PSW: 0004 [-------------N--], IntLine: [0200])
[23] {0C 009 000} OS 9 0 (PID: 2, PC: 246, Accumulator: -3, PSW: 8084 [M-------X----N--], IntLine: [0000])
	[24] Clock interrupt number [4] has occurred
 OS 9 0 (PID: 2, PC: 247, Accumulator: -3, PSW: 8084 [M-------X----N--], IntLine: [0000])
[25] {0D 000 000} IRET 0 0 (PID: 2, PC: 3, Accumulator: -3, PSW: 0004 [-------------N--], IntLine: [0200])
[26] {0C 009 000} OS 9 0 (PID: 2, PC: 246, Accumulator: -3, PSW: 8084 [M-------X----N--], IntLine: [0000])
	[27] Clock interrupt number [5] has occurred
 OS 9 0 (PID: 2, PC: 247, Accumulator: -3, PSW: 8084 [M-------X----N--], IntLine: [0000])
[28] {0D 000 000} IRET 0 0 (PID: 2, PC: 3, Accumulator: -3, PSW: 0004 [-------------N--], IntLine: [0000])
[29] {07 002 000} ZJUMP 2 0 (PID: 2, PC: 4, Accumulator: -3, PSW: 0004 [-------------N--], IntLine: [0000])
[30] {06 803 000} JUMP -3 0 (PID: 2, PC: 1, Accumulator: -3, PSW: 0004 [-------------N--], IntLine: [0200])
[31] {0C 009 000} OS 9 0 (PID: 2, PC: 246, Accumulator: -3, PSW: 8084 [M-------X----N--], IntLine: [0000])
	[32] Clock interrupt number [6] has occurred
 OS 9 0 (PID: 2, PC: 247, Accumulator: -3, PSW: 8084 [M-------X----N--], IntLine: [0000])
[33] {0D 000 000} IRET 0 0 (PID: 2, PC: 1, Accumulator: -3, PSW: 0004 [-------------N--], IntLine: [0000])
[34] {0A 001 000} INC 1 0 (PID: 2, PC: 2, Accumulator: -2, PSW: 0004 [-------------N--], IntLine: [0000])
[35] {04 004 000} TRAP 4 0 (PID: 2, PC: 3, Accumulator: -2, PSW: 0004 [-------------N--], IntLine: [0204])
[36] {0C 002 000} OS 2 0 (PID: 2, PC: 242, Accumulator: -2, PSW: 8084 [M-------X----N--], IntLine: [0200])
	[37] Process [2 - programV2-1c] will transfer the control of the processor to process [3 - programV2-1d]
	[37] Process [2 - programV2-1c] moving from the [EXECUTING] state to the [READY] state
	[37] Process [3 - programV2-1d] moving from the [READY] state to the [EXECUTING] state
	[37] Process [3 - programV2-1d] cannot transfer the control of the processor to any process
 OS 2 0 (PID: 3, PC: 243, Accumulator: 3, PSW: 8080 [M-------X-------], IntLine: [0200])
[38] {0D 000 000} IRET 0 0 (PID: 3, PC: 3, Accumulator: 3, PSW: 0000 [----------------], IntLine: [0200])
[39] {0C 009 000} OS 9 0 (PID: 3, PC: 246, Accumulator: 3, PSW: 8080 [M-------X-------], IntLine: [0000])
	[40] Clock interrupt number [7] has occurred
 OS 9 0 (PID: 3, PC: 247, Accumulator: 3, PSW: 8080 [M-------X-------], IntLine: [0200])
[41] {0D 000 000} IRET 0 0 (PID: 3, PC: 3, Accumulator: 3, PSW: 0000 [----------------], IntLine: [0200])
[42] {0C 009 000} OS 9 0 (PID: 3, PC: 246, Accumulator: 3, PSW: 8080 [M-------X-------], IntLine: [0000])
	[43] Clock interrupt number [8] has occurred
 OS 9 0 (PID: 3, PC: 247, Accumulator: 3, PSW: 8080 [M-------X-------], IntLine: [0000])
[44] {0D 000 000} IRET 0 0 (PID: 3, PC: 3, Accumulator: 3, PSW: 0000 [----------------], IntLine: [0000])
[45] {07 002 000} ZJUMP 2 0 (PID: 3, PC: 4, Accumulator: 3, PSW: 0000 [----------------], IntLine: [0200])
[46] {0C 009 000} OS 9 0 (PID: 3, PC: 246, Accumulator: 3, PSW: 8080 [M-------X-------], IntLine: [0000])
	[47] Clock interrupt number [9] has occurred
 OS 9 0 (PID: 3, PC: 247, Accumulator: 3, PSW: 8080 [M-------X-------], IntLine: [0000])
[48] {0D 000 000} IRET 0 0 (PID: 3, PC: 4, Accumulator: 3, PSW: 0000 [----------------], IntLine: [0000])
[49] {06 803 000} JUMP -3 0 (PID: 3, PC: 1, Accumulator: 3, PSW: 0000 [----------------], IntLine: [0000])
[50] {0A 801 000} INC -1 0 (PID: 3, PC: 2, Accumulator: 2, PSW: 0000 [----------------], IntLine: [0200])
[51] {0C 009 000} OS 9 0 (PID: 3, PC: 246, Accumulator: 2, PSW: 8080 [M-------X-------], IntLine: [0000])
	[52] Clock interrupt number [10] has occurred
 OS 9 0 (PID: 3, PC: 247, Accumulator: 2, PSW: 8080 [M-------X-------], IntLine: [0000])
[53] {0D 000 000} IRET 0 0 (PID: 3, PC: 2, Accumulator: 2, PSW: 0000 [----------------], IntLine: [0000])
[54] {04 004 000} TRAP 4 0 (PID: 3, PC: 3, Accumulator: 2, PSW: 0000 [----------------], IntLine: [0004])
[55] {0C 002 000} OS 2 0 (PID: 3, PC: 242, Accumulator: 2, PSW: 8080 [M-------X-------], IntLine: [0200])
	[56] Process [3 - programV2-1d] will transfer the control of the processor to process [2 - programV2-1c]
	[56] Process [3 - programV2-1d] moving from the [EXECUTING] state to the [READY] state
	[56] Process [2 - programV2-1c] moving from the [READY] state to the [EXECUTING] state
	[56] Process [2 - programV2-1c] cannot transfer the control of the processor to any process
 OS 2 0 (PID: 2, PC: 243, Accumulator: -2, PSW: 8084 [M-------X----N--], IntLine: [0200])
[57] {0D 000 000} IRET 0 0 (PID: 2, PC: 3, Accumulator: -2, PSW: 0004 [-------------N--], IntLine: [0200])
[58] {0C 009 000} OS 9 0 (PID: 2, PC: 246, Accumulator: -2, PSW: 8084 [M-------X----N--], IntLine: [0000])
	[59] Clock interrupt number [11] has occurred
 OS 9 0 (PID: 2, PC: 247, Accumulator: -2, PSW: 8084 [M-------X----N--], IntLine: [0000])
[60] {0D 000 000} IRET 0 0 (PID: 2, PC: 3, Accumulator: -2, PSW: 0004 [-------------N--], IntLine: [0200])
[61] {0C 009 000} OS 9 0 (PID: 2, PC: 246, Accumulator: -2, PSW: 8084 [M-------X----N--], IntLine: [0000])
	[62] Clock interrupt number [12] has occurred
 OS 9 0 (PID: 2, PC: 247, Accumulator: -2, PSW: 8084 [M-------X----N--], IntLine: [0000])
[63] {0D 000 000} IRET 0 0 (PID: 2, PC: 3, Accumulator: -2, PSW: 0004 [-------------N--], IntLine: [0000])
[64] {07 002 000} ZJUMP 2 0 (PID: 2, PC: 4, Accumulator: -2, PSW: 0004 [-------------N--], IntLine: [0000])
[65] {06 803 000} JUMP -3 0 (PID: 2, PC: 1, Accumulator: -2, PSW: 0004 [-------------N--], IntLine: [0200])
[66] {0C 009 000} OS 9 0 (PID: 2, PC: 246, Accumulator: -2, PSW: 8084 [M-------X----N--], IntLine: [0000])
	[67] Clock interrupt number [13] has occurred
 OS 9 0 (PID: 2, PC: 247, Accumulator: -2, PSW: 8084 [M-------X----N--], IntLine: [0000])
[68] {0D 000 000} IRET 0 0 (PID: 2, PC: 1, Accumulator: -2, PSW: 0004 [-------------N--], IntLine: [0000])
[69] {0A 001 000} INC 1 0 (PID: 2, PC: 2, Accumulator: -1, PSW: 0004 [-------------N--], IntLine: [0000])
[70] {04 004 000} TRAP 4 0 (PID: 2, PC: 3, Accumulator: -1, PSW: 0004 [-------------N--], IntLine: [0204])
[71] {0C 002 000} OS 2 0 (PID: 2, PC: 242, Accumulator: -1, PSW: 8084 [M-------X----N--], IntLine: [0200])
	[72] Process [2 - programV2-1c] will transfer the control of the processor to process [3 - programV2-1d]
	[72] Process [2 - programV2-1c] moving from the [EXECUTING] state to the [READY] state
	[72] Process [3 - programV2-1d] moving from the [READY] state to the [EXECUTING] state
	[72] Process [3 - programV2-1d] cannot transfer the control of the processor to any process
 OS 2 0 (PID: 3, PC: 243, Accumulator: 2, PSW: 8080 [M-------X-------], IntLine: [0200])
[73] {0D 000 000} IRET 0 0 (PID: 3, PC: 3, Accumulator: 2, PSW: 0000 [----------------], IntLine: [0200])
[74] {0C 009 000} OS 9 0 (PID: 3, PC: 246, Accumulator: 2, PSW: 8080 [M-------X-------], IntLine: [0000])
	[75] Clock interrupt number [14] has occurred
 OS 9 0 (PID: 3, PC: 247, Accumulator: 2, PSW: 8080 [M-------X-------], IntLine: [0200])
[76] {0D 000 000} IRET 0 0 (PID: 3, PC: 3, Accumulator: 2, PSW: 0000 [----------------], IntLine: [0200])
[77] {0C 009 000} OS 9 0 (PID: 3, PC: 246, Accumulator: 2, PSW: 8080 [M-------X-------], IntLine: [0000])
	[78] Clock interrupt number [15] has occurred
 OS 9 0 (PID: 3, PC: 247, Accumulator: 2, PSW: 8080 [M-------X-------], IntLine: [0000])
[79] {0D 000 000} IRET 0 0 (PID: 3, PC: 3, Accumulator: 2, PSW: 0000 [----------------], IntLine: [0000])
[80] {07 002 000} ZJUMP 2 0 (PID: 3, PC: 4, Accumulator: 2, PSW: 0000 [----------------], IntLine: [0200])
[81] {0C 009 000} OS 9 0 (PID: 3, PC: 246, Accumulator: 2, PSW: 8080 [M-------X-------], IntLine: [0000])
	[82] Clock interrupt number [16] has occurred
 OS 9 0 (PID: 3, PC: 247, Accumulator: 2, PSW: 8080 [M-------X-------], IntLine: [0000])
[83] {0D 000 000} IRET 0 0 (PID: 3, PC: 4, Accumulator: 2, PSW: 0000 [----------------], IntLine: [0000])
[84] {06 803 000} JUMP -3 0 (PID: 3, PC: 1, Accumulator: 2, PSW: 0000 [----------------], IntLine: [0000])
[85] {0A 801 000} INC -1 0 (PID: 3, PC: 2, Accumulator: 1, PSW: 0000 [----------------], IntLine: [0200])
[86] {0C 009 000} OS 9 0 (PID: 3, PC: 246, Accumulator: 1, PSW: 8080 [M-------X-------], IntLine: [0000])
	[87] Clock interrupt number [17] has occurred
 OS 9 0 (PID: 3, PC: 247, Accumulator: 1, PSW: 8080 [M-------X-------], IntLine: [0000])
[88] {0D 000 000} IRET 0 0 (PID: 3, PC: 2, Accumulator: 1, PSW: 0000 [----------------], IntLine: [0000])
[89] {04 004 000} TRAP 4 0 (PID: 3, PC: 3, Accumulator: 1, PSW: 0000 [----------------], IntLine: [0004])
[90] {0C 002 000} OS 2 0 (PID: 3, PC: 242, Accumulator: 1, PSW: 8080 [M-------X-------], IntLine: [0200])
	[91] Process [3 - programV2-1d] will transfer the control of the processor to process [2 - programV2-1c]
	[91] Process [3 - programV2-1d] moving from the [EXECUTING] state to the [READY] state
	[91] Process [2 - programV2-1c] moving from the [READY] state to the [EXECUTING] state
	[91] Process [2 - programV2-1c] cannot transfer the control of the processor to any process
 OS 2 0 (PID: 2, PC: 243, Accumulator: -1, PSW: 8084 [M-------X----N--], IntLine: [0200])
[92] {0D 000 000} IRET 0 0 (PID: 2, PC: 3, Accumulator: -1, PSW: 0004 [-------------N--], IntLine: [0200])
[93] {0C 009 000} OS 9 0 (PID: 2, PC: 246, Accumulator: -1, PSW: 8084 [M-------X----N--], IntLine: [0000])
	[94] Clock interrupt number [18] has occurred
 OS 9 0 (PID: 2, PC: 247, Accumulator: -1, PSW: 8084 [M-------X----N--], IntLine: [0000])
[95] {0D 000 000} IRET 0 0 (PID: 2, PC: 3, Accumulator: -1, PSW: 0004 [-------------N--], IntLine: [0200])
[96] {0C 009 000} OS 9 0 (PID: 2, PC: 246, Accumulator: -1, PSW: 8084 [M-------X----N--], IntLine: [0000])
	[97] Clock interrupt number [19] has occurred
 OS 9 0 (PID: 2, PC: 247, Accumulator: -1, PSW: 8084 [M-------X----N--], IntLine: [0000])
[98] {0D 000 000} IRET 0 0 (PID: 2, PC: 3, Accumulator: -1, PSW: 0004 [-------------N--], IntLine: [0000])
[99] {07 002 000} ZJUMP 2 0 (PID: 2, PC: 4, Accumulator: -1, PSW: 0004 [-------------N--], IntLine: [0000])
[100] {06 803 000} JUMP -3 0 (PID: 2, PC: 1, Accumulator: -1, PSW: 0004 [-------------N--], IntLine: [0200])
[101] {0C 009 000} OS 9 0 (PID: 2, PC: 246, Accumulator: -1, PSW: 8084 [M-------X----N--], IntLine: [0000])
	[102] Clock interrupt number [20] has occurred
 OS 9 0 (PID: 2, PC: 247, Accumulator: -1, PSW: 8084 [M-------X----N--], IntLine: [0000])
[103] {0D 000 000} IRET 0 0 (PID: 2, PC: 1, Accumulator: -1, PSW: 0004 [-------------N--], IntLine: [0000])
[104] {0A 001 000} INC 1 0 (PID: 2, PC: 2, Accumulator: 0, PSW: 0002 [--------------Z-], IntLine: [0000])
[105] {04 004 000} TRAP 4 0 (PID: 2, PC: 3, Accumulator: 0, PSW: 0002 [--------------Z-], IntLine: [0204])
[106] {0C 002 000} OS 2 0 (PID: 2, PC: 242, Accumulator: 0, PSW: 8082 [M-------X-----Z-], IntLine: [0200])
	[107] Process [2 - programV2-1c] will transfer the control of the processor to process [3 - programV2-1d]
	[107] Process [2 - programV2-1c] moving from the [EXECUTING] state to the [READY] state
	[107] Process [3 - programV2-1d] moving from the [READY] state to the [EXECUTING] state
	[107] Process [3 - programV2-1d] cannot transfer the control of the processor to any process
 OS 2 0 (PID: 3, PC: 243, Accumulator: 1, PSW: 8080 [M-------X-------], IntLine: [0200])
[108] {0D 000 000} IRET 0 0 (PID: 3, PC: 3, Accumulator: 1, PSW: 0000 [----------------], IntLine: [0200])
[109] {0C 009 000} OS 9 0 (PID: 3, PC: 246, Accumulator: 1, PSW: 8080 [M-------X-------], IntLine: [0000])
	[110] Clock interrupt number [21] has occurred
 OS 9 0 (PID: 3, PC: 247, Accumulator: 1, PSW: 8080 [M-------X-------], IntLine: [0200])
[111] {0D 000 000} IRET 0 0 (PID: 3, PC: 3, Accumulator: 1, PSW: 0000 [----------------], IntLine: [0200])
[112] {0C 009 000} OS 9 0 (PID: 3, PC: 246, Accumulator: 1, PSW: 8080 [M-------X-------], IntLine: [0000])
	[113] Clock interrupt number [22] has occurred
 OS 9 0 (PID: 3, PC: 247, Accumulator: 1, PSW: 8080 [M-------X-------], IntLine: [0000])
[114] {0D 000 000} IRET 0 0 (PID: 3, PC: 3, Accumulator: 1, PSW: 0000 [----------------], IntLine: [0000])
[115] {07 002 000} ZJUMP 2 0 (PID: 3, PC: 4, Accumulator: 1, PSW: 0000 [----------------], IntLine: [0200])
[116] {0C 009 000} OS 9 0 (PID: 3, PC: 246, Accumulator: 1, PSW: 8080 [M-------X-------], IntLine: [0000])
	[117] Clock interrupt number [23] has occurred
 OS 9 0 (PID: 3, PC: 247, Accumulator: 1, PSW: 8080 [M-------X-------], IntLine: [0000])
[118] {0D 000 000} IRET 0 0 (PID: 3, PC: 4, Accumulator: 1, PSW: 0000 [----------------], IntLine: [0000])
[119] {06 803 000} JUMP -3 0 (PID: 3, PC: 1, Accumulator: 1, PSW: 0000 [----------------], IntLine: [0000])
[120] {0A 801 000} INC -1 0 (PID: 3, PC: 2, Accumulator: 0, PSW: 0002 [--------------Z-], IntLine: [0200])
[121] {0C 009 000} OS 9 0 (PID: 3, PC: 246, Accumulator: 0, PSW: 8082 [M-------X-----Z-], IntLine: [0000])
	[122] Clock interrupt number [24] has occurred
 OS 9 0 (PID: 3, PC: 247, Accumulator: 0, PSW: 8082 [M-------X-----Z-], IntLine: [0000])
[123] {0D 000 000} IRET 0 0 (PID: 3, PC: 2, Accumulator: 0, PSW: 0002 [--------------Z-], IntLine: [0000])
[124] {04 004 000} TRAP 4 0 (PID: 3, PC: 3, Accumulator: 0, PSW: 0002 [--------------Z-], IntLine: [0004])
[125] {0C 002 000} OS 2 0 (PID: 3, PC: 242, Accumulator: 0, PSW: 8082 [M-------X-----Z-], IntLine: [0200])
	[126] Process [3 - programV2-1d] will transfer the control of the processor to process [2 - programV2-1c]
	[126] Process [3 - programV2-1d] moving from the [EXECUTING] state to the [READY] state
	[126] Process [2 - programV2-1c] moving from the [READY] state to the [EXECUTING] state
	[126] Process [2 - programV2-1c] cannot transfer the control of the processor to any process
 OS 2 0 (PID: 2, PC: 243, Accumulator: 0, PSW: 8082 [M-------X-----Z-], IntLine: [0200])
[127] {0D 000 000} IRET 0 0 (PID: 2, PC: 3, Accumulator: 0, PSW: 0002 [--------------Z-], IntLine: [0200])
[128] {0C 009 000} OS 9 0 (PID: 2, PC: 246, Accumulator: 0, PSW: 8082 [M-------X-----Z-], IntLine: [0000])
	[129] Clock interrupt number [25] has occurred
 OS 9 0 (PID: 2, PC: 247, Accumulator: 0, PSW: 8082 [M-------X-----Z-], IntLine: [0000])
[130] {0D 000 000} IRET 0 0 (PID: 2, PC: 3, Accumulator: 0, PSW: 0002 [--------------Z-], IntLine: [0200])
[131] {0C 009 000} OS 9 0 (PID: 2, PC: 246, Accumulator: 0, PSW: 8082 [M-------X-----Z-], IntLine: [0000])
	[132] Clock interrupt number [26] has occurred
 OS 9 0 (PID: 2, PC: 247, Accumulator: 0, PSW: 8082 [M-------X-----Z-], IntLine: [0000])
[133] {0D 000 000} IRET 0 0 (PID: 2, PC: 3, Accumulator: 0, PSW: 0002 [--------------Z-], IntLine: [0000])
[134] {07 002 000} ZJUMP 2 0 (PID: 2, PC: 5, Accumulator: 0, PSW: 0002 [--------------Z-], IntLine: [0000])
[135] {04 003 000} TRAP 3 0 (PID: 2, PC: 6, Accumulator: 0, PSW: 0002 [--------------Z-], IntLine: [0204])
[136] {0C 002 000} OS 2 0 (PID: 2, PC: 242, Accumulator: 0, PSW: 8082 [M-------X-----Z-], IntLine: [0200])
	[137] Process [2 - programV2-1c] has requested to terminate
	[137] Process [2 - programV2-1c] moving from the [EXECUTING] state to the [EXIT] state
	[137] Process [3 - programV2-1d] moving from the [READY] state to the [EXECUTING] state
 OS 2 0 (PID: 3, PC: 243, Accumulator: 0, PSW: 8082 [M-------X-----Z-], IntLine: [0200])
[138] {0D 000 000} IRET 0 0 (PID: 3, PC: 3, Accumulator: 0, PSW: 0002 [--------------Z-], IntLine: [0200])
[139] {0C 009 000} OS 9 0 (PID: 3, PC: 246, Accumulator: 0, PSW: 8082 [M-------X-----Z-], IntLine: [0000])
	[140] Clock interrupt number [27] has occurred
 OS 9 0 (PID: 3, PC: 247, Accumulator: 0, PSW: 8082 [M-------X-----Z-], IntLine: [0200])
[141] {0D 000 000} IRET 0 0 (PID: 3, PC: 3, Accumulator: 0, PSW: 0002 [--------------Z-], IntLine: [0200])
[142] {0C 009 000} OS 9 0 (PID: 3, PC: 246, Accumulator: 0, PSW: 8082 [M-------X-----Z-], IntLine: [0000])
	[143] Clock interrupt number [28] has occurred
 OS 9 0 (PID: 3, PC: 247, Accumulator: 0, PSW: 8082 [M-------X-----Z-], IntLine: [0000])
[144] {0D 000 000} IRET 0 0 (PID: 3, PC: 3, Accumulator: 0, PSW: 0002 [--------------Z-], IntLine: [0000])
[145] {07 002 000} ZJUMP 2 0 (PID: 3, PC: 5, Accumulator: 0, PSW: 0002 [--------------Z-], IntLine: [0200])
[146] {0C 009 000} OS 9 0 (PID: 3, PC: 246, Accumulator: 0, PSW: 8082 [M-------X-----Z-], IntLine: [0000])
	[147] Clock interrupt number [29] has occurred
 OS 9 0 (PID: 3, PC: 247, Accumulator: 0, PSW: 8082 [M-------X-----Z-], IntLine: [0000])
[148] {0D 000 000} IRET 0 0 (PID: 3, PC: 5, Accumulator: 0, PSW: 0002 [--------------Z-], IntLine: [0000])
[149] {04 003 000} TRAP 3 0 (PID: 3, PC: 6, Accumulator: 0, PSW: 0002 [--------------Z-], IntLine: [0004])
[150] {0C 002 000} OS 2 0 (PID: 3, PC: 242, Accumulator: 0, PSW: 8082 [M-------X-----Z-], IntLine: [0200])
	[151] Process [3 - programV2-1d] has requested to terminate
	[151] Process [3 - programV2-1d] moving from the [EXECUTING] state to the [EXIT] state
	[151] Process [0 - programV2-1a] moving from the [READY] state to the [EXECUTING] state
 OS 2 0 (PID: 0, PC: 243, Accumulator: 0, PSW: 8082 [M-------X-----Z-], IntLine: [0200])
[152] {0D 000 000} IRET 0 0 (PID: 0, PC: 0, Accumulator: 0, PSW: 0002 [--------------Z-], IntLine: [0200])
[153] {0C 009 000} OS 9 0 (PID: 0, PC: 246, Accumulator: 0, PSW: 8082 [M-------X-----Z-], IntLine: [0000])
	[154] Clock interrupt number [30] has occurred
 OS 9 0 (PID: 0, PC: 247, Accumulator: 0, PSW: 8082 [M-------X-----Z-], IntLine: [0000])
[155] {0D 000 000} IRET 0 0 (PID: 0, PC: 0, Accumulator: 0, PSW: 0002 [--------------Z-], IntLine: [0200])
[156] {0C 009 000} OS 9 0 (PID: 0, PC: 246, Accumulator: 0, PSW: 8082 [M-------X-----Z-], IntLine: [0000])
	[157] Clock interrupt number [31] has occurred
 OS 9 0 (PID: 0, PC: 247, Accumulator: 0, PSW: 8082 [M-------X-----Z-], IntLine: [0000])
[158] {0D 000 000} IRET 0 0 (PID: 0, PC: 0, Accumulator: 0, PSW: 0002 [--------------Z-], IntLine: [0000])
[159] {01 801 801} ADD -1 -1 (PID: 0, PC: 1, Accumulator: -2, PSW: 0004 [-------------N--], IntLine: [0000])
[160] {0A 001 000} INC 1 0 (PID: 0, PC: 2, Accumulator: -1, PSW: 0004 [-------------N--], IntLine: [0200])
[161] {0C 009 000} OS 9 0 (PID: 0, PC: 246, Accumulator: -1, PSW: 8084 [M-------X----N--], IntLine: [0000])
	[162] Clock interrupt number [32] has occurred
 OS 9 0 (PID: 0, PC: 247, Accumulator: -1, PSW: 8084 [M-------X----N--], IntLine: [0000])
[163] {0D 000 000} IRET 0 0 (PID: 0, PC: 2, Accumulator: -1, PSW: 0004 [-------------N--], IntLine: [0000])
[164] {04 004 000} TRAP 4 0 (PID: 0, PC: 3, Accumulator: -1, PSW: 0004 [-------------N--], IntLine: [0004])
[165] {0C 002 000} OS 2 0 (PID: 0, PC: 242, Accumulator: -1, PSW: 8084 [M-------X----N--], IntLine: [0200])
	[166] Process [0 - programV2-1a] will transfer the control of the processor to process [1 - programV2-1b]
	[166] Process [0 - programV2-1a] moving from the [EXECUTING] state to the [READY] state
	[166] Process [1 - programV2-1b] moving from the [READY] state to the [EXECUTING] state
	[166] Process [1 - programV2-1b] cannot transfer the control of the processor to any process
 OS 2 0 (PID: 1, PC: 243, Accumulator: 0, PSW: 8082 [M-------X-----Z-], IntLine: [0200])
[167] {0D 000 000} IRET 0 0 (PID: 1, PC: 0, Accumulator: 0, PSW: 0002 [--------------Z-], IntLine: [0200])
[168] {0C 009 000} OS 9 0 (PID: 1, PC: 246, Accumulator: 0, PSW: 8082 [M-------X-----Z-], IntLine: [0000])
	[169] Clock interrupt number [33] has occurred
 OS 9 0 (PID: 1, PC: 247, Accumulator: 0, PSW: 8082 [M-------X-----Z-], IntLine: [0000])
[170] {0D 000 000} IRET 0 0 (PID: 1, PC: 0, Accumulator: 0, PSW: 0002 [--------------Z-], IntLine: [0200])
[171] {0C 009 000} OS 9 0 (PID: 1, PC: 246, Accumulator: 0, PSW: 8082 [M-------X-----Z-], IntLine: [0000])
	[172] Clock interrupt number [34] has occurred
 OS 9 0 (PID: 1, PC: 247, Accumulator: 0, PSW: 8082 [M-------X-----Z-], IntLine: [0000])
[173] {0D 000 000} IRET 0 0 (PID: 1, PC: 0, Accumulator: 0, PSW: 0002 [--------------Z-], IntLine: [0000])
[174] {01 001 001} ADD 1 1 (PID: 1, PC: 1, Accumulator: 2, PSW: 0000 [----------------], IntLine: [0000])
[175] {0A 801 000} INC -1 0 (PID: 1, PC: 2, Accumulator: 1, PSW: 0000 [----------------], IntLine: [0200])
[176] {0C 009 000} OS 9 0 (PID: 1, PC: 246, Accumulator: 1, PSW: 8080 [M-------X-------], IntLine: [0000])
	[177] Clock interrupt number [35] has occurred
 OS 9 0 (PID: 1, PC: 247, Accumulator: 1, PSW: 8080 [M-------X-------], IntLine: [0000])
[178] {0D 000 000} IRET 0 0 (PID: 1, PC: 2, Accumulator: 1, PSW: 0000 [----------------], IntLine: [0000])
[179] {04 004 000} TRAP 4 0 (PID: 1, PC: 3, Accumulator: 1, PSW: 0000 [----------------], IntLine: [0004])
[180] {0C 002 000} OS 2 0 (PID: 1, PC: 242, Accumulator: 1, PSW: 8080 [M-------X-------], IntLine: [0200])
	[181] Process [1 - programV2-1b] will transfer the control of the processor to process [0 - programV2-1a]
	[181] Process [1 - programV2-1b] moving from the [EXECUTING] state to the [READY] state
	[181] Process [0 - programV2-1a] moving from the [READY] state to the [EXECUTING] state
	[181] Process [0 - programV2-1a] cannot transfer the control of the processor to any process
 OS 2 0 (PID: 0, PC: 243, Accumulator: -1, PSW: 8084 [M-------X----N--], IntLine: [0200])
[182] {0D 000 000} IRET 0 0 (PID: 0, PC: 3, Accumulator: -1, PSW: 0004 [-------------N--], IntLine: [0200])
[183] {0C 009 000} OS 9 0 (PID: 0, PC: 246, Accumulator: -1, PSW: 8084 [M-------X----N--], IntLine: [0000])
	[184] Clock interrupt number [36] has occurred
 OS 9 0 (PID: 0, PC: 247, Accumulator: -1, PSW: 8084 [M-------X----N--], IntLine: [0000])
[185] {0D 000 000} IRET 0 0 (PID: 0, PC: 3, Accumulator: -1, PSW: 0004 [-------------N--], IntLine: [0200])
[186] {0C 009 000} OS 9 0 (PID: 0, PC: 246, Accumulator: -1, PSW: 8084 [M-------X----N--], IntLine: [0000])
	[187] Clock interrupt number [37] has occurred
 OS 9 0 (PID: 0, PC: 247, Accumulator: -1, PSW: 8084 [M-------X----N--], IntLine: [0000])
[188] {0D 000 000} IRET 0 0 (PID: 0, PC: 3, Accumulator: -1, PSW: 0004 [-------------N--], IntLine: [0000])
[189] {07 002 000} ZJUMP 2 0 (PID: 0, PC: 4, Accumulator: -1, PSW: 0004 [-------------N--], IntLine: [0000])
[190] {06 803 000} JUMP -3 0 (PID: 0, PC: 1, Accumulator: -1, PSW: 0004 [-------------N--], IntLine: [0200])
[191] {0C 009 000} OS 9 0 (PID: 0, PC: 246, Accumulator: -1, PSW: 8084 [M-------X----N--], IntLine: [0000])
	[192] Clock interrupt number [38] has occurred
 OS 9 0 (PID: 0, PC: 247, Accumulator: -1, PSW: 8084 [M-------X----N--], IntLine: [0000])
[193] {0D 000 000} IRET 0 0 (PID: 0, PC: 1, Accumulator: -1, PSW: 0004 [-------------N--], IntLine: [0000])
[194] {0A 001 000} INC 1 0 (PID: 0, PC: 2, Accumulator: 0, PSW: 0002 [--------------Z-], IntLine: [0000])
[195] {04 004 000} TRAP 4 0 (PID: 0, PC: 3, Accumulator: 0, PSW: 0002 [--------------Z-], IntLine: [0204])
[196] {0C 002 000} OS 2 0 (PID: 0, PC: 242, Accumulator: 0, PSW: 8082 [M-------X-----Z-], IntLine: [0200])
	[197] Process [0 - programV2-1a] will transfer the control of the processor to process [1 - programV2-1b]
	[197] Process [0 - programV2-1a] moving from the [EXECUTING] state to the [READY] state
	[197] Process [1 - programV2-1b] moving from the [READY] state to the [EXECUTING] state
	[197] Process [1 - programV2-1b] cannot transfer the control of the processor to any process
 OS 2 0 (PID: 1, PC: 243, Accumulator: 1, PSW: 8080 [M-------X-------], IntLine: [0200])
[198] {0D 000 000} IRET 0 0 (PID: 1, PC: 3, Accumulator: 1, PSW: 0000 [----------------], IntLine: [0200])
[199] {0C 009 000} OS 9 0 (PID: 1, PC: 246, Accumulator: 1, PSW: 8080 [M-------X-------], IntLine: [0000])
	[200] Clock interrupt number [39] has occurred
 OS 9 0 (PID: 1, PC: 247, Accumulator: 1, PSW: 8080 [M-------X-------], IntLine: [0200])
[201] {0D 000 000} IRET 0 0 (PID: 1, PC: 3, Accumulator: 1, PSW: 0000 [----------------], IntLine: [0200])
[202] {0C 009 000} OS 9 0 (PID: 1, PC: 246, Accumulator: 1, PSW: 8080 [M-------X-------], IntLine: [0000])
	[203] Clock interrupt number [40] has occurred
 OS 9 0 (PID: 1, PC: 247, Accumulator: 1, PSW: 8080 [M-------X-------], IntLine: [0000])
[204] {0D 000 000} IRET 0 0 (PID: 1, PC: 3, Accumulator: 1, PSW: 0000 [----------------], IntLine: [0000])
[205] {07 002 000} ZJUMP 2 0 (PID: 1, PC: 4, Accumulator: 1, PSW: 0000 [----------------], IntLine: [0200])
[206] {0C 009 000} OS 9 0 (PID: 1, PC: 246, Accumulator: 1, PSW: 8080 [M-------X-------], IntLine: [0000])
	[207] Clock interrupt number [41] has occurred
 OS 9 0 (PID: 1, PC: 247, Accumulator: 1, PSW: 8080 [M-------X-------], IntLine: [0000])
[208] {0D 000 000} IRET 0 0 (PID: 1, PC: 4, Accumulator: 1, PSW: 0000 [----------------], IntLine: [0000])
[209] {06 803 000} JUMP -3 0 (PID: 1, PC: 1, Accumulator: 1, PSW: 0000 [----------------], IntLine: [0000])
[210] {0A 801 000} INC -1 0 (PID: 1, PC: 2, Accumulator: 0, PSW: 0002 [--------------Z-], IntLine: [0200])
[211] {0C 009 000} OS 9 0 (PID: 1, PC: 246, Accumulator: 0, PSW: 8082 [M-------X-----Z-], IntLine: [0000])
	[212] Clock interrupt number [42] has occurred
 OS 9 0 (PID: 1, PC: 247, Accumulator: 0, PSW: 8082 [M-------X-----Z-], IntLine: [0000])
[213] {0D 000 000} IRET 0 0 (PID: 1, PC: 2, Accumulator: 0, PSW: 0002 [--------------Z-], IntLine: [0000])
[214] {04 004 000} TRAP 4 0 (PID: 1, PC: 3, Accumulator: 0, PSW: 0002 [--------------Z-], IntLine: [0004])
[215] {0C 002 000} OS 2 0 (PID: 1, PC: 242, Accumulator: 0, PSW: 8082 [M-------X-----Z-], IntLine: [0200])
	[216] Process [1 - programV2-1b] will transfer the control of the processor to process [0 - programV2-1a]
	[216] Process [1 - programV2-1b] moving from the [EXECUTING] state to the [READY] state
	[216] Process [0 - programV2-1a] moving from the [READY] state to the [EXECUTING] state
	[216] Process [0 - programV2-1a] cannot transfer the control of the processor to any process
 OS 2 0 (PID: 0, PC: 243, Accumulator: 0, PSW: 8082 [M-------X-----Z-], IntLine: [0200])
[217] {0D 000 000} IRET 0 0 (PID: 0, PC: 3, Accumulator: 0, PSW: 0002 [--------------Z-], IntLine: [0200])
[218] {0C 009 000} OS 9 0 (PID: 0, PC: 246, Accumulator: 0, PSW: 8082 [M-------X-----Z-], IntLine: [0000])
	[219] Clock interrupt number [43] has occurred
 OS 9 0 (PID: 0, PC: 247, Accumulator: 0, PSW: 8082 [M-------X-----Z-], IntLine: [0000])
[220] {0D 000 000} IRET 0 0 (PID: 0, PC: 3, Accumulator: 0, PSW: 0002 [--------------Z-], IntLine: [0200])
[221] {0C 009 000} OS 9 0 (PID: 0, PC: 246, Accumulator: 0, PSW: 8082 [M-------X-----Z-], IntLine: [0000])
	[222] Clock interrupt number [44] has occurred
 OS 9 0 (PID: 0, PC: 247, Accumulator: 0, PSW: 8082 [M-------X-----Z-], IntLine: [0000])
[223] {0D 000 000} IRET 0 0 (PID: 0, PC: 3, Accumulator: 0, PSW: 0002 [--------------Z-], IntLine: [0000])
[224] {07 002 000} ZJUMP 2 0 (PID: 0, PC: 5, Accumulator: 0, PSW: 0002 [--------------Z-], IntLine: [0000])
[225] {04 003 000} TRAP 3 0 (PID: 0, PC: 6, Accumulator: 0, PSW: 0002 [--------------Z-], IntLine: [0204])
[226] {0C 002 000} OS 2 0 (PID: 0, PC: 242, Accumulator: 0, PSW: 8082 [M-------X-----Z-], IntLine: [0200])
	[227] Process [0 - programV2-1a] has requested to terminate
	[227] Process [0 - programV2-1a] moving from the [EXECUTING] state to the [EXIT] state
	[227] Process [1 - programV2-1b] moving from the [READY] state to the [EXECUTING] state
 OS 2 0 (PID: 1, PC: 243, Accumulator: 0, PSW: 8082 [M-------X-----Z-], IntLine: [0200])
[228] {0D 000 000} IRET 0 0 (PID: 1, PC: 3, Accumulator: 0, PSW: 0002 [--------------Z-], IntLine: [0200])
[229] {0C 009 000} OS 9 0 (PID: 1, PC: 246, Accumulator: 0, PSW: 8082 [M-------X-----Z-], IntLine: [0000])
	[230] Clock interrupt number [45] has occurred
 OS 9 0 (PID: 1, PC: 247, Accumulator: 0, PSW: 8082 [M-------X-----Z-], IntLine: [0200])
[231] {0D 000 000} IRET 0 0 (PID: 1, PC: 3, Accumulator: 0, PSW: 0002 [--------------Z-], IntLine: [0200])
[232] {0C 009 000} OS 9 0 (PID: 1, PC: 246, Accumulator: 0, PSW: 8082 [M-------X-----Z-], IntLine: [0000])
	[233] Clock interrupt number [46] has occurred
 OS 9 0 (PID: 1, PC: 247, Accumulator: 0, PSW: 8082 [M-------X-----Z-], IntLine: [0000])
[234] {0D 000 000} IRET 0 0 (PID: 1, PC: 3, Accumulator: 0, PSW: 0002 [--------------Z-], IntLine: [0000])
[235] {07 002 000} ZJUMP 2 0 (PID: 1, PC: 5, Accumulator: 0, PSW: 0002 [--------------Z-], IntLine: [0200])
[236] {0C 009 000} OS 9 0 (PID: 1, PC: 246, Accumulator: 0, PSW: 8082 [M-------X-----Z-], IntLine: [0000])
	[237] Clock interrupt number [47] has occurred
 OS 9 0 (PID: 1, PC: 247, Accumulator: 0, PSW: 8082 [M-------X-----Z-], IntLine: [0000])
[238] {0D 000 000} IRET 0 0 (PID: 1, PC: 5, Accumulator: 0, PSW: 0002 [--------------Z-], IntLine: [0000])
[239] {04 003 000} TRAP 3 0 (PID: 1, PC: 6, Accumulator: 0, PSW: 0002 [--------------Z-], IntLine: [0004])
[240] {0C 002 000} OS 2 0 (PID: 1, PC: 242, Accumulator: 0, PSW: 8082 [M-------X-----Z-], IntLine: [0200])
	[241] Process [1 - programV2-1b] has requested to terminate
	[241] Process [1 - programV2-1b] moving from the [EXECUTING] state to the [EXIT] state
	[241] Process [5 - SystemIdleProcess] moving from the [READY] state to the [EXECUTING] state
 OS 2 0 (PID: 5, PC: 243, Accumulator: 0, PSW: 8082 [M-------X-----Z-], IntLine: [0200])
[242] {0D 000 000} IRET 0 0 (PID: 5, PC: 203, Accumulator: 0, PSW: 0082 [--------X-----Z-], IntLine: [0200])
[243] {0C 009 000} OS 9 0 (PID: 5, PC: 246, Accumulator: 0, PSW: 8082 [M-------X-----Z-], IntLine: [0000])
	[244] Clock interrupt number [48] has occurred
 OS 9 0 (PID: 5, PC: 247, Accumulator: 0, PSW: 8082 [M-------X-----Z-], IntLine: [0000])
[245] {0D 000 000} IRET 0 0 (PID: 5, PC: 203, Accumulator: 0, PSW: 0082 [--------X-----Z-], IntLine: [0200])
[246] {0C 009 000} OS 9 0 (PID: 5, PC: 246, Accumulator: 0, PSW: 8082 [M-------X-----Z-], IntLine: [0000])
	[247] Clock interrupt number [49] has occurred
 OS 9 0 (PID: 5, PC: 247, Accumulator: 0, PSW: 8082 [M-------X-----Z-], IntLine: [0000])
[248] {0D 000 000} IRET 0 0 (PID: 5, PC: 203, Accumulator: 0, PSW: 0082 [--------X-----Z-], IntLine: [0000])
[249] {04 003 000} TRAP 3 0 (PID: 5, PC: 204, Accumulator: 0, PSW: 0082 [--------X-----Z-], IntLine: [0004])
[250] {0C 002 000} OS 2 0 (PID: 5, PC: 242, Accumulator: 0, PSW: 8082 [M-------X-----Z-], IntLine: [0200])
	[251] Process [5 - SystemIdleProcess] has requested to terminate
	[251] Process [5 - SystemIdleProcess] moving from the [EXECUTING] state to the [EXIT] state
[251] The system will shut down now...
 OS 2 0 (PID: -1, PC: 243, Accumulator: 0, PSW: 8082 [M-------X-----Z-], IntLine: [0200])
[252] {0D 000 000} IRET 0 0 (PID: -1, PC: 241, Accumulator: 0, PSW: 8082 [M-------X-----Z-], IntLine: [0200])
[253] {0B 000 000} HALT 0 0 (PID: -1, PC: 241, Accumulator: 0, PSW: 8083 [M-------X-----ZS], IntLine: [0200])
[253] END of the simulation
