50 messages loaded from file messagesTCH.txt
4 messages loaded from file messagesSTD.txt
Using asserts file: asserts_Ex3V3
Maximum number of asserts: 500
340 Asserts Loaded
[0] STARTING simulation
 [0] User programs list:
  	 Program [iDontExist] with arrival time [80] 
 	 Program [programV3-1] with arrival time [10] 
 	 Program [programV3-1] with arrival time [25] 
 	 Program [programV3-1] with arrival time [60] 
	[0] Arrival Time Queue:
		[SystemIdleProcess, 0, DAEMON-PROGRAM]
		[programV3-1, 25, USER-PROGRAM]
		[programV3-1, 10, USER-PROGRAM]
		[iDontExist, 80, USER-PROGRAM]
		[programV3-1, 60, USER-PROGRAM]
	[0] Process [4] created into the [NEW] state, from program [SystemIdleProcess]
	[0] Process [4 - SystemIdleProcess] moving from the [NEW] state to the [READY] state
	[0] Process [4 - SystemIdleProcess] moving from the [READY] state to the [EXECUTING] state
	[0] Running Process Information:
		[PID: 4, Priority: 100, WakeUp: -1, Queue: DAEMONS]
	[0]  Ready-to-run processes queue: 
 	[0]  	 HIGHPRIOUSER:  
	[0]  	 LOWPRIOUSER:  
	[0]  	 DAEMONS:  
	[0] SLEEPING Queue:
		[--- empty queue ---]
	[0] PID association with program's name:
		PID: 4 -> SystemIdleProcess
	[0] Arrival Time Queue:
		[programV3-1, 10, USER-PROGRAM]
		[programV3-1, 25, USER-PROGRAM]
		[programV3-1, 60, USER-PROGRAM]
		[iDontExist, 80, USER-PROGRAM]
[1] {0D 000 000} IRET 0 0 (PID: 4, PC: 163, Accumulator: 0, PSW: 0082 [--------X-----Z-], IntLine: [0000])
[2] {04 003 000} TRAP 3 0 (PID: 4, PC: 164, Accumulator: 0, PSW: 0082 [--------X-----Z-], IntLine: [0004])
[3] {0C 002 000} OS 2 0 (PID: 4, PC: 242, Accumulator: 0, PSW: 8082 [M-------X-----Z-], IntLine: [0000])
	[4] Process [4 - SystemIdleProcess] has requested to terminate
	[4] Process [4 - SystemIdleProcess] moving from the [EXECUTING] state to the [EXIT] state
[4] The system will shut down now...
 OS 2 0 (PID: -1, PC: 243, Accumulator: 0, PSW: 8082 [M-------X-----Z-], IntLine: [0000])
Assert warning. Unchecked assert (Time: 3, Element: PCB_ST)
Assert warning. Unchecked assert (Time: 3, Element: PCB_ST)
Assert warning. Unchecked assert (Time: 3, Element: PCB_ST)
Assert warning. Unchecked assert (Time: 3, Element: PCB_ST)
Assert warning. Unchecked assert (Time: 3, Element: XPID)
Assert failed. Time: 4; Element: Process Table - state; PID: 4; Expected: 2; Real: 4
Assert failed. Time: 4; Element: eXecuting PID; Expected: 4; Real: -1
[5] {0D 000 000} IRET 0 0 (PID: -1, PC: 241, Accumulator: 0, PSW: 8082 [M-------X-----Z-], IntLine: [0200])
Assert failed. Time: 5; Element: Process Table - state; PID: 4; Expected: 2; Real: 4
Assert failed. Time: 5; Element: eXecuting PID; Expected: 4; Real: -1
[6] {0B 000 000} HALT 0 0 (PID: -1, PC: 241, Accumulator: 0, PSW: 8083 [M-------X-----ZS], IntLine: [0200])
Warning, 315 unchecked asserts in Asserts queue !!!
[6] END of the simulation
